------------------------------------------------------------------
  Running MRIQC version 24.1.0.dev0+gd5b13cb5.d20240826
  ----------------------------------------------------------------

  NOTICE
  Copyright © The NiPreps Developers.
  
  This product includes software developed by
  the NiPreps Community (https://nipreps.org/).
  
  Portions of this software were developed at the Department of
  Psychology at Stanford University, Stanford, CA, US.
  
  This software contains code ultimately derived from the
  PCP Quality Assessment Protocol (QAP;
  http://preprocessed-connectomes-project.org/quality-assessment-protocol)
  by C. Craddock, S. Giavasis, D. Clark, Z. Shezhad, and J. Pellman.
  
  This software is also distributed as a Docker container image.
  The bootstrapping file for the image ("Dockerfile") is licensed
  under the MIT License.

  ----------------------------------------------------------------

  * BIDS dataset path: /local/nvme/ds004917_33.784042/ds/sourcedata/raw.
  * Output folder: mriqc.
  * Analysis levels: ['participant'].
------------------------------------------------------------------

2026-03-27 02:35:25 |[33;20m IMPORTANT [0m|[33;20m mriqc            [0m|[33;20m Extracting metadata and entities for 1 input runs of modality 'bold'...[0m
2026-03-27 02:35:25 |[33;20m IMPORTANT [0m|[33;20m mriqc            [0m|[33;20m File size ('bold'): 0.05|0.05 GB [maximum|average].[0m
2026-03-27 02:35:25 |[34;20m INFO     [0m|[34;20m mriqc            [0m|[34;20m MRIQC config file: /local/nvme/ds004917_33.784042/ds/tmp/config-20260327-023518_88c8187d-da8e-47f2-8bd4-7429e2c6e192.toml.[0m
2026-03-27 02:35:32 |[34;20m INFO     [0m|[34;20m matplotlib.font_manager [0m|[34;20m generated new fontManager[0m
2026-03-27 02:35:33 |[33;20m IMPORTANT [0m|[33;20m mriqc            [0m|[33;20m Building MRIQC's workflows...[0m
2026-03-27 02:35:33 |[34;20m INFO     [0m|[34;20m nipype.workflow  [0m|[34;20m Building functional MRIQC workflow for 1 BOLD runs..[0m
2026-03-27 02:35:39 |[33;20m IMPORTANT [0m|[33;20m mriqc            [0m|[33;20m Workflow building finished (exit code 0).[0m
2026-03-27 02:35:44 |[34;20m INFO     [0m|[34;20m nipype.workflow  [0m|[34;20m Workflow mriqc_wf settings: ['check', 'execution', 'logging', 'monitoring'][0m
2026-03-27 02:35:44 |[34;20m INFO     [0m|[34;20m nipype.workflow  [0m|[34;20m [Node] Setting-up "mriqc_wf.funcMRIQC.pick_echo" in "/local/nvme/ds004917_33.784042/ds/tmp/mriqc_wf/funcMRIQC/7e98d9eb29367109a4f17ec368de2678fc633bf6/pick_echo".[0m
2026-03-27 02:35:44 |[34;20m INFO     [0m|[34;20m nipype.workflow  [0m|[34;20m [Node] Setting-up "_provenance0" in "/local/nvme/ds004917_33.784042/ds/tmp/mriqc_wf/funcMRIQC/ComputeIQMs/7e98d9eb29367109a4f17ec368de2678fc633bf6/provenance/mapflow/_provenance0".[0m
2026-03-27 02:35:44 |[34;20m INFO     [0m|[34;20m nipype.workflow  [0m|[34;20m [Node] Executing "_provenance0" <mriqc.interfaces.reports.AddProvenance>[0m
2026-03-27 02:35:44 |[34;20m INFO     [0m|[34;20m nipype.workflow  [0m|[34;20m [Node] Executing "pick_echo" <mriqc.interfaces.functional.SelectEcho>[0m
2026-03-27 02:35:44 |[34;20m INFO     [0m|[34;20m nipype.workflow  [0m|[34;20m [Node] Finished "pick_echo", elapsed time 0.000424s.[0m
2026-03-27 02:35:44 |[34;20m INFO     [0m|[34;20m nipype.workflow  [0m|[34;20m [Node] Finished "_provenance0", elapsed time 0.096358s.[0m
2026-03-27 02:35:46 |[34;20m INFO     [0m|[34;20m nipype.workflow  [0m|[34;20m [Node] Setting-up "mriqc_wf.funcMRIQC.non_steady_state_detector" in "/local/nvme/ds004917_33.784042/ds/tmp/mriqc_wf/funcMRIQC/7e98d9eb29367109a4f17ec368de2678fc633bf6/non_steady_state_detector".[0m
2026-03-27 02:35:46 |[34;20m INFO     [0m|[34;20m nipype.workflow  [0m|[34;20m [Node] Executing "non_steady_state_detector" <nipype.algorithms.confounds.NonSteadyStateDetector>[0m
2026-03-27 02:35:46 |[34;20m INFO     [0m|[34;20m nipype.workflow  [0m|[34;20m [Node] Finished "non_steady_state_detector", elapsed time 0.257891s.[0m
2026-03-27 02:35:48 |[34;20m INFO     [0m|[34;20m nipype.workflow  [0m|[34;20m [Node] Setting-up "_sanitize0" in "/local/nvme/ds004917_33.784042/ds/tmp/mriqc_wf/funcMRIQC/7e98d9eb29367109a4f17ec368de2678fc633bf6/sanitize/mapflow/_sanitize0".[0m
2026-03-27 02:35:48 |[34;20m INFO     [0m|[34;20m nipype.workflow  [0m|[34;20m [Node] Executing "_sanitize0" <niworkflows.interfaces.header.SanitizeImage>[0m
2026-03-27 02:35:51 |[34;20m INFO     [0m|[34;20m nipype.workflow  [0m|[34;20m [Node] Finished "_sanitize0", elapsed time 2.452791s.[0m
2026-03-27 02:35:52 |[34;20m INFO     [0m|[34;20m nipype.workflow  [0m|[34;20m [Node] Setting-up "mriqc_wf.funcMRIQC.fMRI_HMC.estimate_hm" in "/local/nvme/ds004917_33.784042/ds/tmp/mriqc_wf/funcMRIQC/fMRI_HMC/7e98d9eb29367109a4f17ec368de2678fc633bf6/estimate_hm".[0m
2026-03-27 02:35:52 |[34;20m INFO     [0m|[34;20m nipype.workflow  [0m|[34;20m [Node] Executing "estimate_hm" <nipype.interfaces.afni.preprocess.Volreg>[0m
2026-03-27 02:35:52 |[34;20m INFO     [0m|[34;20m nipype.workflow  [0m|[34;20m [Node] Setting-up "_SpikesMask0" in "/local/nvme/ds004917_33.784042/ds/tmp/mriqc_wf/funcMRIQC/func_report_wf/7e98d9eb29367109a4f17ec368de2678fc633bf6/SpikesMask/mapflow/_SpikesMask0".[0m
2026-03-27 02:35:52 |[34;20m INFO     [0m|[34;20m nipype.workflow  [0m|[34;20m [Node] Executing "_SpikesMask0" <nipype.interfaces.utility.wrappers.Function>[0m
2026-03-27 02:35:54 |[34;20m INFO     [0m|[34;20m nipype.workflow  [0m|[34;20m [Node] Finished "_SpikesMask0", elapsed time 1.656982s.[0m
2026-03-27 02:35:54 |[34;20m INFO     [0m|[34;20m nipype.workflow  [0m|[34;20m [Node] Setting-up "_SpikesFinderBgMask0" in "/local/nvme/ds004917_33.784042/ds/tmp/mriqc_wf/funcMRIQC/func_report_wf/7e98d9eb29367109a4f17ec368de2678fc633bf6/SpikesFinderBgMask/mapflow/_SpikesFinderBgMask0".[0m
2026-03-27 02:35:54 |[34;20m INFO     [0m|[34;20m nipype.workflow  [0m|[34;20m [Node] Executing "_SpikesFinderBgMask0" <mriqc.interfaces.functional.Spikes>[0m
2026-03-27 02:35:55 |[34;20m INFO     [0m|[34;20m nipype.workflow  [0m|[34;20m [Node] Finished "_SpikesFinderBgMask0", elapsed time 0.906385s.[0m
2026-03-27 02:39:51 |[34;20m INFO     [0m|[34;20m nipype.workflow  [0m|[34;20m [Node] Finished "estimate_hm", elapsed time 239.38199s.[0m
2026-03-27 02:39:52 |[34;20m INFO     [0m|[34;20m nipype.workflow  [0m|[34;20m [Node] Setting-up "_apply_hmc0" in "/local/nvme/ds004917_33.784042/ds/tmp/mriqc_wf/funcMRIQC/fMRI_HMC/7e98d9eb29367109a4f17ec368de2678fc633bf6/apply_hmc/mapflow/_apply_hmc0".[0m
2026-03-27 02:39:52 |[34;20m INFO     [0m|[34;20m nipype.workflow  [0m|[34;20m [Node] Executing "_apply_hmc0" <nipype.interfaces.utility.wrappers.Function>[0m
2026-03-27 02:40:01 |[34;20m INFO     [0m|[34;20m nipype.workflow  [0m|[34;20m [Node] Finished "_apply_hmc0", elapsed time 8.37284s.[0m
2026-03-27 02:40:02 |[34;20m INFO     [0m|[34;20m nipype.workflow  [0m|[34;20m [Node] Setting-up "mriqc_wf.funcMRIQC.fMRI_HMC.ComputeFD" in "/local/nvme/ds004917_33.784042/ds/tmp/mriqc_wf/funcMRIQC/fMRI_HMC/7e98d9eb29367109a4f17ec368de2678fc633bf6/ComputeFD".[0m
2026-03-27 02:40:02 |[34;20m INFO     [0m|[34;20m nipype.workflow  [0m|[34;20m [Node] Setting-up "_mean0" in "/local/nvme/ds004917_33.784042/ds/tmp/mriqc_wf/funcMRIQC/7e98d9eb29367109a4f17ec368de2678fc633bf6/mean/mapflow/_mean0".[0m
2026-03-27 02:40:02 |[34;20m INFO     [0m|[34;20m nipype.workflow  [0m|[34;20m [Node] Executing "_mean0" <nipype.interfaces.afni.utils.TStat>[0m
2026-03-27 02:40:02 |[34;20m INFO     [0m|[34;20m nipype.workflow  [0m|[34;20m [Node] Executing "ComputeFD" <nipype.algorithms.confounds.FramewiseDisplacement>[0m
2026-03-27 02:40:02 |[34;20m INFO     [0m|[34;20m nipype.workflow  [0m|[34;20m [Node] Setting-up "_compute_tsnr0" in "/local/nvme/ds004917_33.784042/ds/tmp/mriqc_wf/funcMRIQC/7e98d9eb29367109a4f17ec368de2678fc633bf6/compute_tsnr/mapflow/_compute_tsnr0".[0m
2026-03-27 02:40:02 |[34;20m INFO     [0m|[34;20m nipype.workflow  [0m|[34;20m [Node] Setting-up "_quality0" in "/local/nvme/ds004917_33.784042/ds/tmp/mriqc_wf/funcMRIQC/ComputeIQMs/7e98d9eb29367109a4f17ec368de2678fc633bf6/quality/mapflow/_quality0".[0m
2026-03-27 02:40:02 |[34;20m INFO     [0m|[34;20m nipype.workflow  [0m|[34;20m [Node] Executing "_quality0" <nipype.interfaces.afni.preprocess.QualityIndex>[0m
2026-03-27 02:40:02 |[34;20m INFO     [0m|[34;20m nipype.workflow  [0m|[34;20m [Node] Executing "_compute_tsnr0" <nipype.algorithms.confounds.TSNR>[0m
2026-03-27 02:40:02 |[34;20m INFO     [0m|[34;20m nipype.workflow  [0m|[34;20m [Node] Finished "ComputeFD", elapsed time 0.00468s.[0m
2026-03-27 02:40:03 |[34;20m INFO     [0m|[34;20m nipype.workflow  [0m|[34;20m [Node] Finished "_compute_tsnr0", elapsed time 0.860936s.[0m
2026-03-27 02:40:03 |[34;20m INFO     [0m|[34;20m nipype.workflow  [0m|[34;20m [Node] Finished "_mean0", elapsed time 1.186233s.[0m
2026-03-27 02:40:04 |[34;20m INFO     [0m|[34;20m nipype.workflow  [0m|[34;20m [Node] Setting-up "mriqc_wf.funcMRIQC.synthstrip_wf.pre_clip" in "/local/nvme/ds004917_33.784042/ds/tmp/mriqc_wf/funcMRIQC/synthstrip_wf/7e98d9eb29367109a4f17ec368de2678fc633bf6/pre_clip".[0m
2026-03-27 02:40:04 |[34;20m INFO     [0m|[34;20m nipype.workflow  [0m|[34;20m [Node] Setting-up "mriqc_wf.funcMRIQC.SpatialNormalization.SharpenEPI" in "/local/nvme/ds004917_33.784042/ds/tmp/mriqc_wf/funcMRIQC/SpatialNormalization/7e98d9eb29367109a4f17ec368de2678fc633bf6/SharpenEPI".[0m
2026-03-27 02:40:04 |[34;20m INFO     [0m|[34;20m nipype.workflow  [0m|[34;20m [Node] Executing "pre_clip" <niworkflows.interfaces.nibabel.IntensityClip>[0m
2026-03-27 02:40:04 |[34;20m INFO     [0m|[34;20m nipype.workflow  [0m|[34;20m [Node] Executing "SharpenEPI" <nipype.interfaces.ants.segmentation.N4BiasFieldCorrection>[0m
2026-03-27 02:40:04 |[34;20m INFO     [0m|[34;20m nipype.workflow  [0m|[34;20m [Node] Setting-up "_PlotMosaicMean0" in "/local/nvme/ds004917_33.784042/ds/tmp/mriqc_wf/funcMRIQC/func_report_wf/7e98d9eb29367109a4f17ec368de2678fc633bf6/PlotMosaicMean/mapflow/_PlotMosaicMean0".[0m
2026-03-27 02:40:04 |[34;20m INFO     [0m|[34;20m nipype.workflow  [0m|[34;20m [Node] Executing "_PlotMosaicMean0" <nireports.interfaces.mosaic.PlotMosaic>[0m
2026-03-27 02:40:04 |[34;20m INFO     [0m|[34;20m nipype.workflow  [0m|[34;20m [Node] Setting-up "_PlotMosaicNoise0" in "/local/nvme/ds004917_33.784042/ds/tmp/mriqc_wf/funcMRIQC/func_report_wf/7e98d9eb29367109a4f17ec368de2678fc633bf6/PlotMosaicNoise/mapflow/_PlotMosaicNoise0".[0m
2026-03-27 02:40:04 |[34;20m INFO     [0m|[34;20m nipype.workflow  [0m|[34;20m [Node] Executing "_PlotMosaicNoise0" <nireports.interfaces.mosaic.PlotMosaic>[0m
2026-03-27 02:40:04 |[34;20m INFO     [0m|[34;20m nipype.workflow  [0m|[34;20m [Node] Setting-up "_PlotMosaicSD0" in "/local/nvme/ds004917_33.784042/ds/tmp/mriqc_wf/funcMRIQC/func_report_wf/7e98d9eb29367109a4f17ec368de2678fc633bf6/PlotMosaicSD/mapflow/_PlotMosaicSD0".[0m
2026-03-27 02:40:04 |[34;20m INFO     [0m|[34;20m nipype.workflow  [0m|[34;20m [Node] Executing "_PlotMosaicSD0" <nireports.interfaces.mosaic.PlotMosaic>[0m
2026-03-27 02:40:05 |[34;20m INFO     [0m|[34;20m nipype.workflow  [0m|[34;20m [Node] Finished "pre_clip", elapsed time 0.486045s.[0m
2026-03-27 02:40:05 |[34;20m INFO     [0m|[34;20m nipype.workflow  [0m|[34;20m [Node] Finished "_quality0", elapsed time 2.551835s.[0m
2026-03-27 02:40:05 |[34;20m INFO     [0m|[34;20m nipype.workflow  [0m|[34;20m [Node] Finished "_PlotMosaicMean0", elapsed time 1.117575s.[0m
2026-03-27 02:40:05 |[34;20m INFO     [0m|[34;20m nipype.workflow  [0m|[34;20m [Node] Finished "_PlotMosaicNoise0", elapsed time 1.165927s.[0m
2026-03-27 02:40:05 |[34;20m INFO     [0m|[34;20m nipype.workflow  [0m|[34;20m [Node] Finished "_PlotMosaicSD0", elapsed time 1.299247s.[0m
2026-03-27 02:40:06 |[34;20m INFO     [0m|[34;20m nipype.workflow  [0m|[34;20m [Node] Setting-up "_ds_report_mean0" in "/local/nvme/ds004917_33.784042/ds/tmp/mriqc_wf/funcMRIQC/func_report_wf/7e98d9eb29367109a4f17ec368de2678fc633bf6/ds_report_mean/mapflow/_ds_report_mean0".[0m
2026-03-27 02:40:06 |[34;20m INFO     [0m|[34;20m nipype.workflow  [0m|[34;20m [Node] Executing "_ds_report_mean0" <mriqc.interfaces.DerivativesDataSink>[0m
2026-03-27 02:40:06 |[34;20m INFO     [0m|[34;20m nipype.workflow  [0m|[34;20m [Node] Finished "_ds_report_mean0", elapsed time 0.008727s.[0m
2026-03-27 02:40:06 |[34;20m INFO     [0m|[34;20m nipype.workflow  [0m|[34;20m [Node] Setting-up "_ds_report_background0" in "/local/nvme/ds004917_33.784042/ds/tmp/mriqc_wf/funcMRIQC/func_report_wf/7e98d9eb29367109a4f17ec368de2678fc633bf6/ds_report_background/mapflow/_ds_report_background0".[0m
2026-03-27 02:40:06 |[34;20m INFO     [0m|[34;20m nipype.workflow  [0m|[34;20m [Node] Executing "_ds_report_background0" <mriqc.interfaces.DerivativesDataSink>[0m
2026-03-27 02:40:06 |[34;20m INFO     [0m|[34;20m nipype.workflow  [0m|[34;20m [Node] Finished "_ds_report_background0", elapsed time 0.005493s.[0m
2026-03-27 02:40:06 |[34;20m INFO     [0m|[34;20m nipype.workflow  [0m|[34;20m [Node] Setting-up "_ds_report_stdev0" in "/local/nvme/ds004917_33.784042/ds/tmp/mriqc_wf/funcMRIQC/func_report_wf/7e98d9eb29367109a4f17ec368de2678fc633bf6/ds_report_stdev/mapflow/_ds_report_stdev0".[0m
2026-03-27 02:40:06 |[34;20m INFO     [0m|[34;20m nipype.workflow  [0m|[34;20m [Node] Executing "_ds_report_stdev0" <mriqc.interfaces.DerivativesDataSink>[0m
2026-03-27 02:40:06 |[34;20m INFO     [0m|[34;20m nipype.workflow  [0m|[34;20m [Node] Finished "_ds_report_stdev0", elapsed time 0.005234s.[0m
2026-03-27 02:40:07 |[34;20m INFO     [0m|[34;20m nipype.workflow  [0m|[34;20m [Node] Finished "SharpenEPI", elapsed time 2.5326940000000002s.[0m
2026-03-27 02:40:08 |[34;20m INFO     [0m|[34;20m nipype.workflow  [0m|[34;20m [Node] Setting-up "mriqc_wf.funcMRIQC.synthstrip_wf.pre_n4" in "/local/nvme/ds004917_33.784042/ds/tmp/mriqc_wf/funcMRIQC/synthstrip_wf/7e98d9eb29367109a4f17ec368de2678fc633bf6/pre_n4".[0m
2026-03-27 02:40:08 |[34;20m INFO     [0m|[34;20m nipype.workflow  [0m|[34;20m [Node] Executing "pre_n4" <nipype.interfaces.ants.segmentation.N4BiasFieldCorrection>[0m
2026-03-27 02:40:09 |[34;20m INFO     [0m|[34;20m nipype.workflow  [0m|[34;20m [Node] Finished "pre_n4", elapsed time 0.976661s.[0m
2026-03-27 02:40:10 |[34;20m INFO     [0m|[34;20m nipype.workflow  [0m|[34;20m [Node] Setting-up "mriqc_wf.funcMRIQC.synthstrip_wf.synthstrip" in "/local/nvme/ds004917_33.784042/ds/tmp/mriqc_wf/funcMRIQC/synthstrip_wf/7e98d9eb29367109a4f17ec368de2678fc633bf6/synthstrip".[0m
2026-03-27 02:40:10 |[34;20m INFO     [0m|[34;20m nipype.workflow  [0m|[34;20m [Node] Executing "synthstrip" <mriqc.interfaces.synthstrip.SynthStrip>[0m
2026-03-27 02:40:30 |[34;20m INFO     [0m|[34;20m nipype.workflow  [0m|[34;20m [Node] Finished "synthstrip", elapsed time 19.61078s.[0m
2026-03-27 02:40:30 |[34;20m INFO     [0m|[34;20m nipype.workflow  [0m|[34;20m [Node] Setting-up "mriqc_wf.funcMRIQC.synthstrip_wf.post_n4" in "/local/nvme/ds004917_33.784042/ds/tmp/mriqc_wf/funcMRIQC/synthstrip_wf/7e98d9eb29367109a4f17ec368de2678fc633bf6/post_n4".[0m
2026-03-27 02:40:30 |[34;20m INFO     [0m|[34;20m nipype.workflow  [0m|[34;20m [Node] Executing "post_n4" <nipype.interfaces.ants.segmentation.N4BiasFieldCorrection>[0m
2026-03-27 02:40:31 |[34;20m INFO     [0m|[34;20m nipype.workflow  [0m|[34;20m [Node] Finished "post_n4", elapsed time 0.716272s.[0m
2026-03-27 02:40:32 |[34;20m INFO     [0m|[34;20m nipype.workflow  [0m|[34;20m [Node] Setting-up "mriqc_wf.funcMRIQC.SpatialNormalization.EPI2MNI" in "/local/nvme/ds004917_33.784042/ds/tmp/mriqc_wf/funcMRIQC/SpatialNormalization/7e98d9eb29367109a4f17ec368de2678fc633bf6/EPI2MNI".[0m
2026-03-27 02:40:32 |[34;20m INFO     [0m|[34;20m nipype.workflow  [0m|[34;20m [Node] Executing "EPI2MNI" <niworkflows.interfaces.reportlets.registration.SpatialNormalizationRPT>[0m
2026-03-27 02:40:32 |[34;20m INFO     [0m|[34;20m niworkflows      [0m|[34;20m Estimating initial transform using AffineInitializer[0m
2026-03-27 02:40:39 |[34;20m INFO     [0m|[34;20m niworkflows      [0m|[34;20m Terminal outputs of initialization saved (/local/nvme/ds004917_33.784042/ds/tmp/mriqc_wf/funcMRIQC/SpatialNormalization/7e98d9eb29367109a4f17ec368de2678fc633bf6/EPI2MNI/stderr.nipype-init).[0m
2026-03-27 02:40:39 |[34;20m INFO     [0m|[34;20m niworkflows      [0m|[34;20m Loading settings from file /opt/conda/lib/python3.11/site-packages/niworkflows/data/boldref-mni_registration_precise_000.json.[0m
2026-03-27 02:40:39 |[34;20m INFO     [0m|[34;20m niworkflows      [0m|[34;20m Retry #1, commandline: 
antsRegistration --collapse-output-transforms 1 --dimensionality 3 --float 0 --initial-moving-transform [ /local/nvme/ds004917_33.784042/ds/tmp/mriqc_wf/funcMRIQC/SpatialNormalization/7e98d9eb29367109a4f17ec368de2678fc633bf6/EPI2MNI/transform.mat, 0 ] --initialize-transforms-per-stage 0 --interpolation LanczosWindowedSinc --output [ epi_to_mni, epi_to_mni_Warped.nii.gz ] --transform Rigid[ 0.05 ] --metric Mattes[ /templateflow/tpl-MNI152NLin2009cAsym/tpl-MNI152NLin2009cAsym_res-02_desc-fMRIPrep_boldref.nii.gz, /local/nvme/ds004917_33.784042/ds/tmp/mriqc_wf/funcMRIQC/SpatialNormalization/7e98d9eb29367109a4f17ec368de2678fc633bf6/SharpenEPI/sub-33_task-pdm_bold_desc-realigned_valid_tstat_corrected.nii.gz, 1, 56, Regular, 0.25 ] --convergence [ 10000x1000x100, 1e-06, 20 ] --smoothing-sigmas 4.0x2.0x1.0vox --shrink-factors 4x2x1 --use-histogram-matching 1 --masks [ /templateflow/tpl-MNI152NLin2009cAsym/tpl-MNI152NLin2009cAsym_res-02_desc-brain_mask.nii.gz, /local/nvme/ds004917_33.784042/ds/tmp/mriqc_wf/funcMRIQC/synthstrip_wf/7e98d9eb29367109a4f17ec368de2678fc633bf6/synthstrip/clipped_corrected_desc-brain_mask.nii.gz ] --transform Affine[ 0.08 ] --metric Mattes[ /templateflow/tpl-MNI152NLin2009cAsym/tpl-MNI152NLin2009cAsym_res-02_desc-fMRIPrep_boldref.nii.gz, /local/nvme/ds004917_33.784042/ds/tmp/mriqc_wf/funcMRIQC/SpatialNormalization/7e98d9eb29367109a4f17ec368de2678fc633bf6/SharpenEPI/sub-33_task-pdm_bold_desc-realigned_valid_tstat_corrected.nii.gz, 1, 56, Regular, 0.25 ] --convergence [ 500x250x100, 1e-06, 20 ] --smoothing-sigmas 4.0x2.0x1.0vox --shrink-factors 8x4x2 --use-histogram-matching 1 --masks [ /templateflow/tpl-MNI152NLin2009cAsym/tpl-MNI152NLin2009cAsym_res-02_desc-brain_mask.nii.gz, /local/nvme/ds004917_33.784042/ds/tmp/mriqc_wf/funcMRIQC/synthstrip_wf/7e98d9eb29367109a4f17ec368de2678fc633bf6/synthstrip/clipped_corrected_desc-brain_mask.nii.gz ] --transform SyN[ 0.1, 3.0, 0.0 ] --metric CC[ /templateflow/tpl-MNI152NLin2009cAsym/tpl-MNI152NLin2009cAsym_res-02_desc-fMRIPrep_boldref.nii.gz, /local/nvme/ds004917_33.784042/ds/tmp/mriqc_wf/funcMRIQC/SpatialNormalization/7e98d9eb29367109a4f17ec368de2678fc633bf6/SharpenEPI/sub-33_task-pdm_bold_desc-realigned_valid_tstat_corrected.nii.gz, 1, 4, None, 1 ] --convergence [ 100x30x20, 1e-06, 10 ] --smoothing-sigmas 3.0x2.0x1.0vox --shrink-factors 8x4x2 --use-histogram-matching 1 --masks [ /templateflow/tpl-MNI152NLin2009cAsym/tpl-MNI152NLin2009cAsym_res-02_desc-brain_mask.nii.gz, /local/nvme/ds004917_33.784042/ds/tmp/mriqc_wf/funcMRIQC/synthstrip_wf/7e98d9eb29367109a4f17ec368de2678fc633bf6/synthstrip/clipped_corrected_desc-brain_mask.nii.gz ] --winsorize-image-intensities [ 0.005, 0.995 ]  --write-composite-transform 1[0m
2026-03-27 02:40:51 |[34;20m INFO     [0m|[34;20m niworkflows      [0m|[34;20m Successful spatial normalization (retry #1).[0m
2026-03-27 02:40:51 |[34;20m INFO     [0m|[34;20m niworkflows      [0m|[34;20m Report - setting fixed (/templateflow/tpl-MNI152NLin2009cAsym/tpl-MNI152NLin2009cAsym_res-02_desc-fMRIPrep_boldref.nii.gz) and moving (/local/nvme/ds004917_33.784042/ds/tmp/mriqc_wf/funcMRIQC/SpatialNormalization/7e98d9eb29367109a4f17ec368de2678fc633bf6/EPI2MNI/epi_to_mni_Warped.nii.gz) images[0m
2026-03-27 02:40:51 |[34;20m INFO     [0m|[34;20m niworkflows      [0m|[34;20m Generating visual report[0m
2026-03-27 02:41:07 |[34;20m INFO     [0m|[34;20m nipype.workflow  [0m|[34;20m [Node] Finished "EPI2MNI", elapsed time 35.190048s.[0m
2026-03-27 02:41:08 |[34;20m INFO     [0m|[34;20m nipype.workflow  [0m|[34;20m [Node] Setting-up "mriqc_wf.funcMRIQC.func_report_wf.dilated_mask" in "/local/nvme/ds004917_33.784042/ds/tmp/mriqc_wf/funcMRIQC/func_report_wf/7e98d9eb29367109a4f17ec368de2678fc633bf6/dilated_mask".[0m
2026-03-27 02:41:08 |[34;20m INFO     [0m|[34;20m nipype.workflow  [0m|[34;20m [Node] Setting-up "mriqc_wf.funcMRIQC.synthstrip_wf.final_masked" in "/local/nvme/ds004917_33.784042/ds/tmp/mriqc_wf/funcMRIQC/synthstrip_wf/7e98d9eb29367109a4f17ec368de2678fc633bf6/final_masked".[0m
2026-03-27 02:41:08 |[34;20m INFO     [0m|[34;20m nipype.workflow  [0m|[34;20m [Node] Setting-up "mriqc_wf.funcMRIQC.func_report_wf.PlotBrainmask" in "/local/nvme/ds004917_33.784042/ds/tmp/mriqc_wf/funcMRIQC/func_report_wf/7e98d9eb29367109a4f17ec368de2678fc633bf6/PlotBrainmask".[0m
2026-03-27 02:41:08 |[34;20m INFO     [0m|[34;20m nipype.workflow  [0m|[34;20m [Node] Executing "final_masked" <niworkflows.interfaces.nibabel.ApplyMask>[0m
2026-03-27 02:41:08 |[34;20m INFO     [0m|[34;20m nipype.workflow  [0m|[34;20m [Node] Setting-up "_gcor0" in "/local/nvme/ds004917_33.784042/ds/tmp/mriqc_wf/funcMRIQC/ComputeIQMs/7e98d9eb29367109a4f17ec368de2678fc633bf6/gcor/mapflow/_gcor0".[0m
2026-03-27 02:41:08 |[34;20m INFO     [0m|[34;20m nipype.workflow  [0m|[34;20m [Node] Executing "dilated_mask" <niworkflows.interfaces.morphology.BinaryDilation>[0m
2026-03-27 02:41:08 |[34;20m INFO     [0m|[34;20m nipype.workflow  [0m|[34;20m [Node] Setting-up "_ComputeDVARS0" in "/local/nvme/ds004917_33.784042/ds/tmp/mriqc_wf/funcMRIQC/ComputeIQMs/7e98d9eb29367109a4f17ec368de2678fc633bf6/ComputeDVARS/mapflow/_ComputeDVARS0".[0m
2026-03-27 02:41:08 |[34;20m INFO     [0m|[34;20m nipype.workflow  [0m|[34;20m [Node] Executing "PlotBrainmask" <nireports.interfaces.mosaic.PlotContours>[0m
2026-03-27 02:41:08 |[34;20m INFO     [0m|[34;20m nipype.workflow  [0m|[34;20m [Node] Setting-up "_PlotMosaicZoomed0" in "/local/nvme/ds004917_33.784042/ds/tmp/mriqc_wf/funcMRIQC/func_report_wf/7e98d9eb29367109a4f17ec368de2678fc633bf6/PlotMosaicZoomed/mapflow/_PlotMosaicZoomed0".[0m
2026-03-27 02:41:08 |[34;20m INFO     [0m|[34;20m nipype.workflow  [0m|[34;20m [Node] Setting-up "_smoothness0" in "/local/nvme/ds004917_33.784042/ds/tmp/mriqc_wf/funcMRIQC/ComputeIQMs/7e98d9eb29367109a4f17ec368de2678fc633bf6/smoothness/mapflow/_smoothness0".[0m
2026-03-27 02:41:08 |[34;20m INFO     [0m|[34;20m nipype.workflow  [0m|[34;20m [Node] Setting-up "_outliers0" in "/local/nvme/ds004917_33.784042/ds/tmp/mriqc_wf/funcMRIQC/ComputeIQMs/7e98d9eb29367109a4f17ec368de2678fc633bf6/outliers/mapflow/_outliers0".[0m
2026-03-27 02:41:08 |[34;20m INFO     [0m|[34;20m nipype.workflow  [0m|[34;20m [Node] Executing "_PlotMosaicZoomed0" <nireports.interfaces.mosaic.PlotMosaic>[0m
2026-03-27 02:41:08 |[34;20m INFO     [0m|[34;20m nipype.workflow  [0m|[34;20m [Node] Executing "_gcor0" <mriqc.interfaces.transitional.GCOR>[0m
2026-03-27 02:41:08 |[34;20m INFO     [0m|[34;20m nipype.workflow  [0m|[34;20m [Node] Executing "_ComputeDVARS0" <nipype.algorithms.confounds.ComputeDVARS>[0m
2026-03-27 02:41:08 |[34;20m INFO     [0m|[34;20m nipype.workflow  [0m|[34;20m [Node] Executing "_smoothness0" <nipype.interfaces.afni.utils.FWHMx>[0m
2026-03-27 02:41:08 |[34;20m INFO     [0m|[34;20m nipype.workflow  [0m|[34;20m [Node] Executing "_outliers0" <nipype.interfaces.afni.preprocess.OutlierCount>[0m
2026-03-27 02:41:08 |[34;20m INFO     [0m|[34;20m nipype.workflow  [0m|[34;20m [Node] Finished "final_masked", elapsed time 0.020535s.[0m
2026-03-27 02:41:08 |[34;20m INFO     [0m|[34;20m nipype.workflow  [0m|[34;20m [Node] Finished "dilated_mask", elapsed time 0.033833s.[0m
2026-03-27 02:41:09 |[34;20m INFO     [0m|[34;20m nipype.workflow  [0m|[34;20m [Node] Finished "_smoothness0", elapsed time 0.417001s.[0m
2026-03-27 02:41:09 |[34;20m INFO     [0m|[34;20m nipype.workflow  [0m|[34;20m [Node] Finished "_PlotMosaicZoomed0", elapsed time 0.994303s.[0m
2026-03-27 02:41:09 |[34;20m INFO     [0m|[34;20m nipype.workflow  [0m|[34;20m [Node] Finished "PlotBrainmask", elapsed time 1.221903s.[0m
2026-03-27 02:41:09 |[34;20m INFO     [0m|[34;20m nipype.workflow  [0m|[34;20m [Node] Finished "_outliers0", elapsed time 1.258349s.[0m
2026-03-27 02:41:10 |[34;20m INFO     [0m|[34;20m nipype.workflow  [0m|[34;20m [Node] Setting-up "mriqc_wf.funcMRIQC.func_report_wf.ds_report_norm" in "/local/nvme/ds004917_33.784042/ds/tmp/mriqc_wf/funcMRIQC/func_report_wf/7e98d9eb29367109a4f17ec368de2678fc633bf6/ds_report_norm".[0m
2026-03-27 02:41:10 |[34;20m INFO     [0m|[34;20m nipype.workflow  [0m|[34;20m [Node] Setting-up "mriqc_wf.funcMRIQC.SpatialNormalization.ResampleSegmentation" in "/local/nvme/ds004917_33.784042/ds/tmp/mriqc_wf/funcMRIQC/SpatialNormalization/7e98d9eb29367109a4f17ec368de2678fc633bf6/ResampleSegmentation".[0m
2026-03-27 02:41:10 |[34;20m INFO     [0m|[34;20m nipype.workflow  [0m|[34;20m [Node] Executing "ds_report_norm" <mriqc.interfaces.DerivativesDataSink>[0m
2026-03-27 02:41:10 |[34;20m INFO     [0m|[34;20m nipype.workflow  [0m|[34;20m [Node] Executing "ResampleSegmentation" <nipype.interfaces.ants.resampling.ApplyTransforms>[0m
2026-03-27 02:41:10 |[34;20m INFO     [0m|[34;20m nipype.workflow  [0m|[34;20m [Node] Finished "ds_report_norm", elapsed time 0.005858s.[0m
2026-03-27 02:41:10 |[34;20m INFO     [0m|[34;20m nipype.workflow  [0m|[34;20m [Node] Setting-up "mriqc_wf.funcMRIQC.func_report_wf.subtract_mask" in "/local/nvme/ds004917_33.784042/ds/tmp/mriqc_wf/funcMRIQC/func_report_wf/7e98d9eb29367109a4f17ec368de2678fc633bf6/subtract_mask".[0m
2026-03-27 02:41:10 |[34;20m INFO     [0m|[34;20m nipype.workflow  [0m|[34;20m [Node] Executing "subtract_mask" <niworkflows.interfaces.morphology.BinarySubtraction>[0m
2026-03-27 02:41:10 |[34;20m INFO     [0m|[34;20m nipype.workflow  [0m|[34;20m [Node] Setting-up "_ds_report_zoomed0" in "/local/nvme/ds004917_33.784042/ds/tmp/mriqc_wf/funcMRIQC/func_report_wf/7e98d9eb29367109a4f17ec368de2678fc633bf6/ds_report_zoomed/mapflow/_ds_report_zoomed0".[0m
2026-03-27 02:41:10 |[34;20m INFO     [0m|[34;20m nipype.workflow  [0m|[34;20m [Node] Executing "_ds_report_zoomed0" <mriqc.interfaces.DerivativesDataSink>[0m
2026-03-27 02:41:10 |[34;20m INFO     [0m|[34;20m nipype.workflow  [0m|[34;20m [Node] Finished "_ds_report_zoomed0", elapsed time 0.00542s.[0m
2026-03-27 02:41:10 |[34;20m INFO     [0m|[34;20m nipype.workflow  [0m|[34;20m [Node] Finished "subtract_mask", elapsed time 0.0118s.[0m
2026-03-27 02:41:10 |[34;20m INFO     [0m|[34;20m nipype.workflow  [0m|[34;20m [Node] Setting-up "mriqc_wf.funcMRIQC.func_report_wf.ds_report_bmask" in "/local/nvme/ds004917_33.784042/ds/tmp/mriqc_wf/funcMRIQC/func_report_wf/7e98d9eb29367109a4f17ec368de2678fc633bf6/ds_report_bmask".[0m
2026-03-27 02:41:10 |[34;20m INFO     [0m|[34;20m nipype.workflow  [0m|[34;20m [Node] Executing "ds_report_bmask" <mriqc.interfaces.DerivativesDataSink>[0m
2026-03-27 02:41:10 |[34;20m INFO     [0m|[34;20m nipype.workflow  [0m|[34;20m [Node] Finished "ds_report_bmask", elapsed time 0.005042s.[0m
2026-03-27 02:41:11 |[34;20m INFO     [0m|[34;20m nipype.workflow  [0m|[34;20m [Node] Finished "_gcor0", elapsed time 2.535772s.[0m
2026-03-27 02:41:11 |[34;20m INFO     [0m|[34;20m nipype.workflow  [0m|[34;20m [Node] Finished "ResampleSegmentation", elapsed time 1.339077s.[0m
2026-03-27 02:41:12 |[34;20m INFO     [0m|[34;20m nipype.workflow  [0m|[34;20m [Node] Setting-up "mriqc_wf.funcMRIQC.func_report_wf.parcels" in "/local/nvme/ds004917_33.784042/ds/tmp/mriqc_wf/funcMRIQC/func_report_wf/7e98d9eb29367109a4f17ec368de2678fc633bf6/parcels".[0m
2026-03-27 02:41:12 |[34;20m INFO     [0m|[34;20m nipype.workflow  [0m|[34;20m [Node] Executing "parcels" <nipype.interfaces.utility.wrappers.Function>[0m
2026-03-27 02:41:12 |[34;20m INFO     [0m|[34;20m nipype.workflow  [0m|[34;20m [Node] Finished "parcels", elapsed time 0.024952s.[0m
2026-03-27 02:41:13 |[34;20m INFO     [0m|[34;20m nipype.workflow  [0m|[34;20m [Node] Finished "_ComputeDVARS0", elapsed time 5.291974s.[0m
2026-03-27 02:41:14 |[34;20m INFO     [0m|[34;20m nipype.workflow  [0m|[34;20m [Node] Setting-up "_timeseries0" in "/local/nvme/ds004917_33.784042/ds/tmp/mriqc_wf/funcMRIQC/ComputeIQMs/7e98d9eb29367109a4f17ec368de2678fc633bf6/timeseries/mapflow/_timeseries0".[0m
2026-03-27 02:41:14 |[34;20m INFO     [0m|[34;20m nipype.workflow  [0m|[34;20m [Node] Executing "_timeseries0" <mriqc.interfaces.functional.GatherTimeseries>[0m
2026-03-27 02:41:14 |[34;20m INFO     [0m|[34;20m nipype.workflow  [0m|[34;20m [Node] Setting-up "_measures0" in "/local/nvme/ds004917_33.784042/ds/tmp/mriqc_wf/funcMRIQC/ComputeIQMs/7e98d9eb29367109a4f17ec368de2678fc633bf6/measures/mapflow/_measures0".[0m
2026-03-27 02:41:14 |[34;20m INFO     [0m|[34;20m nipype.workflow  [0m|[34;20m [Node] Setting-up "_BigPlot0" in "/local/nvme/ds004917_33.784042/ds/tmp/mriqc_wf/funcMRIQC/func_report_wf/7e98d9eb29367109a4f17ec368de2678fc633bf6/BigPlot/mapflow/_BigPlot0".[0m
2026-03-27 02:41:14 |[34;20m INFO     [0m|[34;20m nipype.workflow  [0m|[34;20m [Node] Executing "_measures0" <mriqc.interfaces.functional.FunctionalQC>[0m
2026-03-27 02:41:14 |[34;20m INFO     [0m|[34;20m nipype.workflow  [0m|[34;20m [Node] Executing "_BigPlot0" <nireports.interfaces.fmri.FMRISummary>[0m
2026-03-27 02:41:14 |[34;20m INFO     [0m|[34;20m nipype.workflow  [0m|[34;20m [Node] Finished "_timeseries0", elapsed time 0.022183s.[0m
2026-03-27 02:41:15 |[34;20m INFO     [0m|[34;20m nipype.workflow  [0m|[34;20m [Node] Finished "_measures0", elapsed time 0.815264s.[0m
2026-03-27 02:41:16 |[34;20m INFO     [0m|[34;20m nipype.workflow  [0m|[34;20m [Node] Finished "_BigPlot0", elapsed time 1.7433610000000002s.[0m
2026-03-27 02:41:16 |[34;20m INFO     [0m|[34;20m nipype.workflow  [0m|[34;20m [Node] Setting-up "_datasink0" in "/local/nvme/ds004917_33.784042/ds/tmp/mriqc_wf/funcMRIQC/ComputeIQMs/7e98d9eb29367109a4f17ec368de2678fc633bf6/datasink/mapflow/_datasink0".[0m
2026-03-27 02:41:16 |[34;20m INFO     [0m|[34;20m nipype.workflow  [0m|[34;20m [Node] Executing "_datasink0" <mriqc.interfaces.bids.IQMFileSink>[0m
2026-03-27 02:41:16 |[34;20m INFO     [0m|[34;20m nipype.workflow  [0m|[34;20m [Node] Finished "_datasink0", elapsed time 0.001429s.[0m
2026-03-27 02:41:16 |[34;20m INFO     [0m|[34;20m nipype.workflow  [0m|[34;20m [Node] Setting-up "_ds_timeseries0" in "/local/nvme/ds004917_33.784042/ds/tmp/mriqc_wf/funcMRIQC/ComputeIQMs/7e98d9eb29367109a4f17ec368de2678fc633bf6/ds_timeseries/mapflow/_ds_timeseries0".[0m
2026-03-27 02:41:16 |[34;20m INFO     [0m|[34;20m nipype.workflow  [0m|[34;20m [Node] Executing "_ds_timeseries0" <mriqc.interfaces.DerivativesDataSink>[0m
2026-03-27 02:41:16 |[34;20m INFO     [0m|[34;20m nipype.workflow  [0m|[34;20m [Node] Finished "_ds_timeseries0", elapsed time 0.004346s.[0m
2026-03-27 02:41:16 |[34;20m INFO     [0m|[34;20m nipype.workflow  [0m|[34;20m [Node] Setting-up "_ds_report_carpet0" in "/local/nvme/ds004917_33.784042/ds/tmp/mriqc_wf/funcMRIQC/func_report_wf/7e98d9eb29367109a4f17ec368de2678fc633bf6/ds_report_carpet/mapflow/_ds_report_carpet0".[0m
2026-03-27 02:41:16 |[34;20m INFO     [0m|[34;20m nipype.workflow  [0m|[34;20m [Node] Executing "_ds_report_carpet0" <mriqc.interfaces.DerivativesDataSink>[0m
2026-03-27 02:41:16 |[34;20m INFO     [0m|[34;20m nipype.workflow  [0m|[34;20m [Node] Finished "_ds_report_carpet0", elapsed time 0.005092s.[0m
2026-03-27 02:41:18 |[34;20m INFO     [0m|[34;20m nipype.workflow  [0m|[34;20m Generating reports...[0m
2026-03-27 02:41:18 |[34;20m INFO     [0m|[34;20m nipype.workflow  [0m|[34;20m Report generation finished (1 reports).[0m
2026-03-27 02:41:18 |[33;20m IMPORTANT [0m|[33;20m mriqc            [0m|[33;20m Participant level finished successfully averaging 00h 05min 59s per subject.[0m
2026-03-27 02:41:18 |[34;20m INFO     [0m|[34;20m mriqc            [0m|[34;20m Generating BIDS derivatives metadata.[0m
----------------------------------------------------------------
  MRIQC completed (elapsed time 00h 05min 59s).
----------------------------------------------------------------

