------------------------------------------------------------------
  Running MRIQC version 24.1.0.dev0+gd5b13cb5.d20240826
  ----------------------------------------------------------------

  NOTICE
  Copyright © The NiPreps Developers.
  
  This product includes software developed by
  the NiPreps Community (https://nipreps.org/).
  
  Portions of this software were developed at the Department of
  Psychology at Stanford University, Stanford, CA, US.
  
  This software contains code ultimately derived from the
  PCP Quality Assessment Protocol (QAP;
  http://preprocessed-connectomes-project.org/quality-assessment-protocol)
  by C. Craddock, S. Giavasis, D. Clark, Z. Shezhad, and J. Pellman.
  
  This software is also distributed as a Docker container image.
  The bootstrapping file for the image ("Dockerfile") is licensed
  under the MIT License.

  ----------------------------------------------------------------

  * BIDS dataset path: /local/nvme/ds004917_29.784042/ds/sourcedata/raw.
  * Output folder: mriqc.
  * Analysis levels: ['participant'].
------------------------------------------------------------------

2026-03-27 02:55:21 |[33;20m IMPORTANT [0m|[33;20m mriqc            [0m|[33;20m Extracting metadata and entities for 1 input runs of modality 't1w'...[0m
2026-03-27 02:55:21 |[33;20m IMPORTANT [0m|[33;20m mriqc            [0m|[33;20m File size ('t1w'): 0.01|0.01 GB [maximum|average].[0m
2026-03-27 02:55:21 |[34;20m INFO     [0m|[34;20m mriqc            [0m|[34;20m MRIQC config file: /local/nvme/ds004917_29.784042/ds/tmp/config-20260327-025510_97beca62-4951-441b-a9dc-f90df9e96c90.toml.[0m
2026-03-27 02:55:26 |[34;20m INFO     [0m|[34;20m matplotlib.font_manager [0m|[34;20m generated new fontManager[0m
2026-03-27 02:55:27 |[33;20m IMPORTANT [0m|[33;20m mriqc            [0m|[33;20m Building MRIQC's workflows...[0m
2026-03-27 02:55:27 |[34;20m INFO     [0m|[34;20m nipype.workflow  [0m|[34;20m Building anatomical MRIQC workflow for 1 NIfTI files..[0m
2026-03-27 02:55:32 |[33;20m IMPORTANT [0m|[33;20m mriqc            [0m|[33;20m Workflow building finished (exit code 0).[0m
2026-03-27 02:55:37 |[34;20m INFO     [0m|[34;20m nipype.workflow  [0m|[34;20m Workflow mriqc_wf settings: ['check', 'execution', 'logging', 'monitoring'][0m
2026-03-27 02:55:38 |[34;20m INFO     [0m|[34;20m nipype.workflow  [0m|[34;20m [Node] Setting-up "mriqc_wf.anatMRIQC.conform" in "/local/nvme/ds004917_29.784042/ds/tmp/mriqc_wf/anatMRIQC/705d6f2689f1c7689d892a742336cd27f74d8ac6/conform".[0m
2026-03-27 02:55:38 |[34;20m INFO     [0m|[34;20m nipype.workflow  [0m|[34;20m [Node] Executing "conform" <mriqc.interfaces.common.conform_image.ConformImage>[0m
2026-03-27 02:55:38 |[34;20m INFO     [0m|[34;20m nipype.workflow  [0m|[34;20m [Node] Finished "conform", elapsed time 0.66417s.[0m
2026-03-27 02:55:40 |[34;20m INFO     [0m|[34;20m nipype.workflow  [0m|[34;20m [Node] Setting-up "mriqc_wf.anatMRIQC.synthstrip_wf.pre_clip" in "/local/nvme/ds004917_29.784042/ds/tmp/mriqc_wf/anatMRIQC/synthstrip_wf/705d6f2689f1c7689d892a742336cd27f74d8ac6/pre_clip".[0m
2026-03-27 02:55:40 |[34;20m INFO     [0m|[34;20m nipype.workflow  [0m|[34;20m [Node] Setting-up "mriqc_wf.anatMRIQC.AirMaskWorkflow.RotationMask" in "/local/nvme/ds004917_29.784042/ds/tmp/mriqc_wf/anatMRIQC/AirMaskWorkflow/705d6f2689f1c7689d892a742336cd27f74d8ac6/RotationMask".[0m
2026-03-27 02:55:40 |[34;20m INFO     [0m|[34;20m nipype.workflow  [0m|[34;20m [Node] Setting-up "mriqc_wf.anatMRIQC.anat_report_wf.PlotMosaicNoise" in "/local/nvme/ds004917_29.784042/ds/tmp/mriqc_wf/anatMRIQC/anat_report_wf/705d6f2689f1c7689d892a742336cd27f74d8ac6/PlotMosaicNoise".[0m
2026-03-27 02:55:40 |[34;20m INFO     [0m|[34;20m nipype.workflow  [0m|[34;20m [Node] Executing "pre_clip" <niworkflows.interfaces.nibabel.IntensityClip>[0m
2026-03-27 02:55:40 |[34;20m INFO     [0m|[34;20m nipype.workflow  [0m|[34;20m [Node] Executing "RotationMask" <mriqc.interfaces.anatomical.RotationMask>[0m
2026-03-27 02:55:40 |[34;20m INFO     [0m|[34;20m nipype.workflow  [0m|[34;20m [Node] Executing "PlotMosaicNoise" <nireports.interfaces.mosaic.PlotMosaic>[0m
2026-03-27 02:55:41 |[34;20m INFO     [0m|[34;20m nipype.workflow  [0m|[34;20m [Node] Finished "RotationMask", elapsed time 1.412191s.[0m
2026-03-27 02:55:47 |[34;20m INFO     [0m|[34;20m nipype.workflow  [0m|[34;20m [Node] Finished "PlotMosaicNoise", elapsed time 7.79107s.[0m
2026-03-27 02:55:49 |[34;20m INFO     [0m|[34;20m nipype.workflow  [0m|[34;20m [Node] Setting-up "mriqc_wf.anatMRIQC.anat_report_wf.ds_report_background" in "/local/nvme/ds004917_29.784042/ds/tmp/mriqc_wf/anatMRIQC/anat_report_wf/705d6f2689f1c7689d892a742336cd27f74d8ac6/ds_report_background".[0m
2026-03-27 02:55:49 |[34;20m INFO     [0m|[34;20m nipype.workflow  [0m|[34;20m [Node] Executing "ds_report_background" <mriqc.interfaces.DerivativesDataSink>[0m
2026-03-27 02:55:49 |[34;20m INFO     [0m|[34;20m nipype.workflow  [0m|[34;20m [Node] Finished "ds_report_background", elapsed time 0.008958s.[0m
2026-03-27 02:56:00 |[34;20m INFO     [0m|[34;20m nipype.workflow  [0m|[34;20m [Node] Finished "pre_clip", elapsed time 20.803227s.[0m
2026-03-27 02:56:01 |[34;20m INFO     [0m|[34;20m nipype.workflow  [0m|[34;20m [Node] Setting-up "mriqc_wf.anatMRIQC.synthstrip_wf.pre_n4" in "/local/nvme/ds004917_29.784042/ds/tmp/mriqc_wf/anatMRIQC/synthstrip_wf/705d6f2689f1c7689d892a742336cd27f74d8ac6/pre_n4".[0m
2026-03-27 02:56:01 |[34;20m INFO     [0m|[34;20m nipype.workflow  [0m|[34;20m [Node] Executing "pre_n4" <nipype.interfaces.ants.segmentation.N4BiasFieldCorrection>[0m
2026-03-27 02:56:22 |[34;20m INFO     [0m|[34;20m nipype.workflow  [0m|[34;20m [Node] Finished "pre_n4", elapsed time 20.538567s.[0m
2026-03-27 02:56:23 |[34;20m INFO     [0m|[34;20m nipype.workflow  [0m|[34;20m [Node] Setting-up "mriqc_wf.anatMRIQC.synthstrip_wf.synthstrip" in "/local/nvme/ds004917_29.784042/ds/tmp/mriqc_wf/anatMRIQC/synthstrip_wf/705d6f2689f1c7689d892a742336cd27f74d8ac6/synthstrip".[0m
2026-03-27 02:56:23 |[34;20m INFO     [0m|[34;20m nipype.workflow  [0m|[34;20m [Node] Executing "synthstrip" <mriqc.interfaces.synthstrip.SynthStrip>[0m
2026-03-27 02:56:51 |[34;20m INFO     [0m|[34;20m nipype.workflow  [0m|[34;20m [Node] Finished "synthstrip", elapsed time 27.516487s.[0m
2026-03-27 02:56:51 |[34;20m INFO     [0m|[34;20m nipype.workflow  [0m|[34;20m [Node] Setting-up "mriqc_wf.anatMRIQC.synthstrip_wf.post_n4" in "/local/nvme/ds004917_29.784042/ds/tmp/mriqc_wf/anatMRIQC/synthstrip_wf/705d6f2689f1c7689d892a742336cd27f74d8ac6/post_n4".[0m
2026-03-27 02:56:51 |[34;20m INFO     [0m|[34;20m nipype.workflow  [0m|[34;20m [Node] Executing "post_n4" <nipype.interfaces.ants.segmentation.N4BiasFieldCorrection>[0m
2026-03-27 02:57:03 |[34;20m INFO     [0m|[34;20m nipype.workflow  [0m|[34;20m [Node] Finished "post_n4", elapsed time 11.309671s.[0m
2026-03-27 02:57:03 |[34;20m INFO     [0m|[34;20m nipype.workflow  [0m|[34;20m [Node] Setting-up "mriqc_wf.anatMRIQC.anat_report_wf.PlotBrainmask" in "/local/nvme/ds004917_29.784042/ds/tmp/mriqc_wf/anatMRIQC/anat_report_wf/705d6f2689f1c7689d892a742336cd27f74d8ac6/PlotBrainmask".[0m
2026-03-27 02:57:03 |[34;20m INFO     [0m|[34;20m nipype.workflow  [0m|[34;20m [Node] Setting-up "mriqc_wf.anatMRIQC.anat_report_wf.PlotMosaicZoomed" in "/local/nvme/ds004917_29.784042/ds/tmp/mriqc_wf/anatMRIQC/anat_report_wf/705d6f2689f1c7689d892a742336cd27f74d8ac6/PlotMosaicZoomed".[0m
2026-03-27 02:57:03 |[34;20m INFO     [0m|[34;20m nipype.workflow  [0m|[34;20m [Node] Setting-up "mriqc_wf.anatMRIQC.synthstrip_wf.final_masked" in "/local/nvme/ds004917_29.784042/ds/tmp/mriqc_wf/anatMRIQC/synthstrip_wf/705d6f2689f1c7689d892a742336cd27f74d8ac6/final_masked".[0m
2026-03-27 02:57:03 |[34;20m INFO     [0m|[34;20m nipype.workflow  [0m|[34;20m [Node] Setting-up "mriqc_wf.anatMRIQC.ComputeIQMs.smoothness" in "/local/nvme/ds004917_29.784042/ds/tmp/mriqc_wf/anatMRIQC/ComputeIQMs/705d6f2689f1c7689d892a742336cd27f74d8ac6/smoothness".[0m
2026-03-27 02:57:03 |[34;20m INFO     [0m|[34;20m nipype.workflow  [0m|[34;20m [Node] Executing "PlotBrainmask" <nireports.interfaces.mosaic.PlotContours>[0m
2026-03-27 02:57:03 |[34;20m INFO     [0m|[34;20m nipype.workflow  [0m|[34;20m [Node] Executing "PlotMosaicZoomed" <nireports.interfaces.mosaic.PlotMosaic>[0m
2026-03-27 02:57:03 |[34;20m INFO     [0m|[34;20m nipype.workflow  [0m|[34;20m [Node] Executing "final_masked" <niworkflows.interfaces.nibabel.ApplyMask>[0m
2026-03-27 02:57:03 |[34;20m INFO     [0m|[34;20m nipype.workflow  [0m|[34;20m [Node] Executing "smoothness" <nipype.interfaces.afni.utils.FWHMx>[0m
2026-03-27 02:57:04 |[34;20m INFO     [0m|[34;20m nipype.workflow  [0m|[34;20m [Node] Finished "final_masked", elapsed time 0.432441s.[0m
2026-03-27 02:57:08 |[34;20m INFO     [0m|[34;20m nipype.workflow  [0m|[34;20m [Node] Finished "PlotBrainmask", elapsed time 4.774755s.[0m
2026-03-27 02:57:08 |[34;20m INFO     [0m|[34;20m nipype.workflow  [0m|[34;20m [Node] Finished "smoothness", elapsed time 4.917229s.[0m
2026-03-27 02:57:09 |[34;20m INFO     [0m|[34;20m nipype.workflow  [0m|[34;20m [Node] Finished "PlotMosaicZoomed", elapsed time 5.339733s.[0m
2026-03-27 02:57:09 |[34;20m INFO     [0m|[34;20m nipype.workflow  [0m|[34;20m [Node] Setting-up "mriqc_wf.anatMRIQC.SpatialNormalization.SpatialNormalization" in "/local/nvme/ds004917_29.784042/ds/tmp/mriqc_wf/anatMRIQC/SpatialNormalization/705d6f2689f1c7689d892a742336cd27f74d8ac6/SpatialNormalization".[0m
2026-03-27 02:57:09 |[34;20m INFO     [0m|[34;20m nipype.workflow  [0m|[34;20m [Node] Executing "SpatialNormalization" <niworkflows.interfaces.reportlets.registration.SpatialNormalizationRPT>[0m
2026-03-27 02:57:10 |[34;20m INFO     [0m|[34;20m niworkflows      [0m|[34;20m Estimating initial transform using AffineInitializer[0m
2026-03-27 02:57:23 |[34;20m INFO     [0m|[34;20m niworkflows      [0m|[34;20m Terminal outputs of initialization saved (/local/nvme/ds004917_29.784042/ds/tmp/mriqc_wf/anatMRIQC/SpatialNormalization/705d6f2689f1c7689d892a742336cd27f74d8ac6/SpatialNormalization/stderr.nipype-init).[0m
2026-03-27 02:57:23 |[34;20m INFO     [0m|[34;20m niworkflows      [0m|[34;20m Loading settings from file /opt/conda/lib/python3.11/site-packages/niworkflows/data/t1w-mni_registration_testing_000.json.[0m
2026-03-27 02:57:23 |[34;20m INFO     [0m|[34;20m niworkflows      [0m|[34;20m Retry #1, commandline: 
antsRegistration --collapse-output-transforms 1 --dimensionality 3 --float 0 --initial-moving-transform [ /local/nvme/ds004917_29.784042/ds/tmp/mriqc_wf/anatMRIQC/SpatialNormalization/705d6f2689f1c7689d892a742336cd27f74d8ac6/SpatialNormalization/transform.mat, 0 ] --initialize-transforms-per-stage 0 --interpolation LanczosWindowedSinc --output [ ants_t1_to_mni, ants_t1_to_mni_Warped.nii.gz ] --transform Rigid[ 1.0 ] --metric Mattes[ /local/nvme/ds004917_29.784042/ds/tmp/mriqc_wf/anatMRIQC/SpatialNormalization/705d6f2689f1c7689d892a742336cd27f74d8ac6/SpatialNormalization/fixed_masked.nii.gz, /local/nvme/ds004917_29.784042/ds/tmp/mriqc_wf/anatMRIQC/SpatialNormalization/705d6f2689f1c7689d892a742336cd27f74d8ac6/SpatialNormalization/moving_masked.nii.gz, 1, 56, Random, 0.2 ] --convergence [ 20, 1e-07, 15 ] --smoothing-sigmas 4.0vox --shrink-factors 2 --use-histogram-matching 0 --transform Affine[ 1.0 ] --metric Mattes[ /local/nvme/ds004917_29.784042/ds/tmp/mriqc_wf/anatMRIQC/SpatialNormalization/705d6f2689f1c7689d892a742336cd27f74d8ac6/SpatialNormalization/fixed_masked.nii.gz, /local/nvme/ds004917_29.784042/ds/tmp/mriqc_wf/anatMRIQC/SpatialNormalization/705d6f2689f1c7689d892a742336cd27f74d8ac6/SpatialNormalization/moving_masked.nii.gz, 1, 56, Random, 0.1 ] --convergence [ 15, 1e-08, 5 ] --smoothing-sigmas 2.0vox --shrink-factors 1 --use-histogram-matching 1 --winsorize-image-intensities [ 0.005, 0.995 ]  --write-composite-transform 1[0m
2026-03-27 02:57:27 |[34;20m INFO     [0m|[34;20m niworkflows      [0m|[34;20m Successful spatial normalization (retry #1).[0m
2026-03-27 02:57:28 |[34;20m INFO     [0m|[34;20m niworkflows      [0m|[34;20m Report - setting fixed (/local/nvme/ds004917_29.784042/ds/tmp/mriqc_wf/anatMRIQC/SpatialNormalization/705d6f2689f1c7689d892a742336cd27f74d8ac6/SpatialNormalization/fixed_masked.nii.gz) and moving (/local/nvme/ds004917_29.784042/ds/tmp/mriqc_wf/anatMRIQC/SpatialNormalization/705d6f2689f1c7689d892a742336cd27f74d8ac6/SpatialNormalization/ants_t1_to_mni_Warped.nii.gz) images[0m
2026-03-27 02:57:28 |[34;20m INFO     [0m|[34;20m niworkflows      [0m|[34;20m Generating visual report[0m
2026-03-27 02:57:43 |[34;20m INFO     [0m|[34;20m nipype.workflow  [0m|[34;20m [Node] Finished "SpatialNormalization", elapsed time 34.012348s.[0m
2026-03-27 02:57:45 |[34;20m INFO     [0m|[34;20m nipype.workflow  [0m|[34;20m [Node] Setting-up "mriqc_wf.anatMRIQC.anat_report_wf.ds_report_zoomed" in "/local/nvme/ds004917_29.784042/ds/tmp/mriqc_wf/anatMRIQC/anat_report_wf/705d6f2689f1c7689d892a742336cd27f74d8ac6/ds_report_zoomed".[0m
2026-03-27 02:57:45 |[34;20m INFO     [0m|[34;20m nipype.workflow  [0m|[34;20m [Node] Executing "ds_report_zoomed" <mriqc.interfaces.DerivativesDataSink>[0m
2026-03-27 02:57:45 |[34;20m INFO     [0m|[34;20m nipype.workflow  [0m|[34;20m [Node] Finished "ds_report_zoomed", elapsed time 0.004964s.[0m
2026-03-27 02:57:46 |[34;20m INFO     [0m|[34;20m nipype.workflow  [0m|[34;20m [Node] Setting-up "mriqc_wf.anatMRIQC.anat_report_wf.ds_report_bmask" in "/local/nvme/ds004917_29.784042/ds/tmp/mriqc_wf/anatMRIQC/anat_report_wf/705d6f2689f1c7689d892a742336cd27f74d8ac6/ds_report_bmask".[0m
2026-03-27 02:57:46 |[34;20m INFO     [0m|[34;20m nipype.workflow  [0m|[34;20m [Node] Executing "ds_report_bmask" <mriqc.interfaces.DerivativesDataSink>[0m
2026-03-27 02:57:46 |[34;20m INFO     [0m|[34;20m nipype.workflow  [0m|[34;20m [Node] Finished "ds_report_bmask", elapsed time 0.004915s.[0m
2026-03-27 02:57:46 |[34;20m INFO     [0m|[34;20m nipype.workflow  [0m|[34;20m [Node] Setting-up "mriqc_wf.anatMRIQC.anat_report_wf.ds_report_norm" in "/local/nvme/ds004917_29.784042/ds/tmp/mriqc_wf/anatMRIQC/anat_report_wf/705d6f2689f1c7689d892a742336cd27f74d8ac6/ds_report_norm".[0m
2026-03-27 02:57:46 |[34;20m INFO     [0m|[34;20m nipype.workflow  [0m|[34;20m [Node] Executing "ds_report_norm" <mriqc.interfaces.DerivativesDataSink>[0m
2026-03-27 02:57:46 |[34;20m INFO     [0m|[34;20m nipype.workflow  [0m|[34;20m [Node] Finished "ds_report_norm", elapsed time 0.004843s.[0m
2026-03-27 02:57:47 |[34;20m INFO     [0m|[34;20m nipype.workflow  [0m|[34;20m [Node] Setting-up "_tpms_std2t1w0" in "/local/nvme/ds004917_29.784042/ds/tmp/mriqc_wf/anatMRIQC/SpatialNormalization/705d6f2689f1c7689d892a742336cd27f74d8ac6/tpms_std2t1w/mapflow/_tpms_std2t1w0".[0m
2026-03-27 02:57:47 |[34;20m INFO     [0m|[34;20m nipype.workflow  [0m|[34;20m [Node] Setting-up "_tpms_std2t1w1" in "/local/nvme/ds004917_29.784042/ds/tmp/mriqc_wf/anatMRIQC/SpatialNormalization/705d6f2689f1c7689d892a742336cd27f74d8ac6/tpms_std2t1w/mapflow/_tpms_std2t1w1".[0m
2026-03-27 02:57:47 |[34;20m INFO     [0m|[34;20m nipype.workflow  [0m|[34;20m [Node] Setting-up "_tpms_std2t1w2" in "/local/nvme/ds004917_29.784042/ds/tmp/mriqc_wf/anatMRIQC/SpatialNormalization/705d6f2689f1c7689d892a742336cd27f74d8ac6/tpms_std2t1w/mapflow/_tpms_std2t1w2".[0m
2026-03-27 02:57:47 |[34;20m INFO     [0m|[34;20m nipype.workflow  [0m|[34;20m [Node] Executing "_tpms_std2t1w1" <niworkflows.interfaces.fixes.FixHeaderApplyTransforms>[0m
2026-03-27 02:57:47 |[34;20m INFO     [0m|[34;20m nipype.workflow  [0m|[34;20m [Node] Executing "_tpms_std2t1w0" <niworkflows.interfaces.fixes.FixHeaderApplyTransforms>[0m
2026-03-27 02:57:47 |[34;20m INFO     [0m|[34;20m nipype.workflow  [0m|[34;20m [Node] Executing "_tpms_std2t1w2" <niworkflows.interfaces.fixes.FixHeaderApplyTransforms>[0m
2026-03-27 02:57:56 |[34;20m INFO     [0m|[34;20m nipype.workflow  [0m|[34;20m [Node] Finished "_tpms_std2t1w2", elapsed time 8.05125s.[0m
2026-03-27 02:57:56 |[34;20m INFO     [0m|[34;20m nipype.workflow  [0m|[34;20m [Node] Finished "_tpms_std2t1w0", elapsed time 8.175569s.[0m
2026-03-27 02:57:56 |[34;20m INFO     [0m|[34;20m nipype.workflow  [0m|[34;20m [Node] Finished "_tpms_std2t1w1", elapsed time 8.1596s.[0m
2026-03-27 02:57:57 |[34;20m INFO     [0m|[34;20m nipype.workflow  [0m|[34;20m [Node] Setting-up "_tpms_std2t1w0" in "/local/nvme/ds004917_29.784042/ds/tmp/mriqc_wf/anatMRIQC/SpatialNormalization/705d6f2689f1c7689d892a742336cd27f74d8ac6/tpms_std2t1w/mapflow/_tpms_std2t1w0".[0m
2026-03-27 02:57:57 |[34;20m INFO     [0m|[34;20m nipype.workflow  [0m|[34;20m [Node] Cached "_tpms_std2t1w0" - collecting precomputed outputs[0m
2026-03-27 02:57:57 |[34;20m INFO     [0m|[34;20m nipype.workflow  [0m|[34;20m [Node] "_tpms_std2t1w0" found cached.[0m
2026-03-27 02:57:57 |[34;20m INFO     [0m|[34;20m nipype.workflow  [0m|[34;20m [Node] Setting-up "_tpms_std2t1w1" in "/local/nvme/ds004917_29.784042/ds/tmp/mriqc_wf/anatMRIQC/SpatialNormalization/705d6f2689f1c7689d892a742336cd27f74d8ac6/tpms_std2t1w/mapflow/_tpms_std2t1w1".[0m
2026-03-27 02:57:57 |[34;20m INFO     [0m|[34;20m nipype.workflow  [0m|[34;20m [Node] Cached "_tpms_std2t1w1" - collecting precomputed outputs[0m
2026-03-27 02:57:57 |[34;20m INFO     [0m|[34;20m nipype.workflow  [0m|[34;20m [Node] "_tpms_std2t1w1" found cached.[0m
2026-03-27 02:57:57 |[34;20m INFO     [0m|[34;20m nipype.workflow  [0m|[34;20m [Node] Setting-up "_tpms_std2t1w2" in "/local/nvme/ds004917_29.784042/ds/tmp/mriqc_wf/anatMRIQC/SpatialNormalization/705d6f2689f1c7689d892a742336cd27f74d8ac6/tpms_std2t1w/mapflow/_tpms_std2t1w2".[0m
2026-03-27 02:57:57 |[34;20m INFO     [0m|[34;20m nipype.workflow  [0m|[34;20m [Node] Cached "_tpms_std2t1w2" - collecting precomputed outputs[0m
2026-03-27 02:57:57 |[34;20m INFO     [0m|[34;20m nipype.workflow  [0m|[34;20m [Node] "_tpms_std2t1w2" found cached.[0m
2026-03-27 02:57:59 |[34;20m INFO     [0m|[34;20m nipype.workflow  [0m|[34;20m [Node] Setting-up "mriqc_wf.anatMRIQC.HeadMaskWorkflow.Enhance" in "/local/nvme/ds004917_29.784042/ds/tmp/mriqc_wf/anatMRIQC/HeadMaskWorkflow/705d6f2689f1c7689d892a742336cd27f74d8ac6/Enhance".[0m
2026-03-27 02:57:59 |[34;20m INFO     [0m|[34;20m nipype.workflow  [0m|[34;20m [Node] Setting-up "mriqc_wf.anatMRIQC.brain_tissue_segmentation.format_tpm_names" in "/local/nvme/ds004917_29.784042/ds/tmp/mriqc_wf/anatMRIQC/brain_tissue_segmentation/705d6f2689f1c7689d892a742336cd27f74d8ac6/format_tpm_names".[0m
2026-03-27 02:57:59 |[34;20m INFO     [0m|[34;20m nipype.workflow  [0m|[34;20m [Node] Executing "format_tpm_names" <nipype.interfaces.utility.wrappers.Function>[0m
2026-03-27 02:57:59 |[34;20m INFO     [0m|[34;20m nipype.workflow  [0m|[34;20m [Node] Executing "Enhance" <nipype.interfaces.utility.wrappers.Function>[0m
2026-03-27 02:58:01 |[34;20m INFO     [0m|[34;20m nipype.workflow  [0m|[34;20m [Node] Finished "Enhance", elapsed time 1.299197s.[0m
2026-03-27 02:58:01 |[34;20m INFO     [0m|[34;20m nipype.workflow  [0m|[34;20m [Node] Finished "format_tpm_names", elapsed time 1.827705s.[0m
2026-03-27 02:58:01 |[34;20m INFO     [0m|[34;20m nipype.workflow  [0m|[34;20m [Node] Setting-up "mriqc_wf.anatMRIQC.HeadMaskWorkflow.Grad" in "/local/nvme/ds004917_29.784042/ds/tmp/mriqc_wf/anatMRIQC/HeadMaskWorkflow/705d6f2689f1c7689d892a742336cd27f74d8ac6/Grad".[0m
2026-03-27 02:58:01 |[34;20m INFO     [0m|[34;20m nipype.workflow  [0m|[34;20m [Node] Setting-up "mriqc_wf.anatMRIQC.HeadMaskWorkflow.apply_mask" in "/local/nvme/ds004917_29.784042/ds/tmp/mriqc_wf/anatMRIQC/HeadMaskWorkflow/705d6f2689f1c7689d892a742336cd27f74d8ac6/apply_mask".[0m
2026-03-27 02:58:01 |[34;20m INFO     [0m|[34;20m nipype.workflow  [0m|[34;20m [Node] Executing "Grad" <nipype.interfaces.utility.wrappers.Function>[0m
2026-03-27 02:58:01 |[34;20m INFO     [0m|[34;20m nipype.workflow  [0m|[34;20m [Node] Executing "apply_mask" <niworkflows.interfaces.nibabel.ApplyMask>[0m
2026-03-27 02:58:02 |[34;20m INFO     [0m|[34;20m nipype.workflow  [0m|[34;20m [Node] Finished "apply_mask", elapsed time 0.412015s.[0m
2026-03-27 02:58:08 |[34;20m INFO     [0m|[34;20m nipype.workflow  [0m|[34;20m [Node] Finished "Grad", elapsed time 6.831175s.[0m
2026-03-27 02:58:09 |[34;20m INFO     [0m|[34;20m nipype.workflow  [0m|[34;20m [Node] Setting-up "mriqc_wf.anatMRIQC.HeadMaskWorkflow.GradientThreshold" in "/local/nvme/ds004917_29.784042/ds/tmp/mriqc_wf/anatMRIQC/HeadMaskWorkflow/705d6f2689f1c7689d892a742336cd27f74d8ac6/GradientThreshold".[0m
2026-03-27 02:58:09 |[34;20m INFO     [0m|[34;20m nipype.workflow  [0m|[34;20m [Node] Executing "GradientThreshold" <nipype.interfaces.utility.wrappers.Function>[0m
2026-03-27 02:58:22 |[34;20m INFO     [0m|[34;20m nipype.workflow  [0m|[34;20m [Node] Finished "GradientThreshold", elapsed time 12.847887s.[0m
2026-03-27 02:58:23 |[34;20m INFO     [0m|[34;20m nipype.workflow  [0m|[34;20m [Node] Setting-up "mriqc_wf.anatMRIQC.brain_tissue_segmentation.segmentation" in "/local/nvme/ds004917_29.784042/ds/tmp/mriqc_wf/anatMRIQC/brain_tissue_segmentation/705d6f2689f1c7689d892a742336cd27f74d8ac6/segmentation".[0m
2026-03-27 02:58:23 |[34;20m INFO     [0m|[34;20m nipype.workflow  [0m|[34;20m [Node] Executing "segmentation" <nipype.interfaces.ants.segmentation.Atropos>[0m
2026-03-27 02:59:11 |[34;20m INFO     [0m|[34;20m nipype.workflow  [0m|[34;20m [Node] Finished "segmentation", elapsed time 47.891742s.[0m
2026-03-27 02:59:11 |[34;20m INFO     [0m|[34;20m nipype.workflow  [0m|[34;20m [Node] Setting-up "mriqc_wf.anatMRIQC.AirMaskWorkflow.ArtifactMask" in "/local/nvme/ds004917_29.784042/ds/tmp/mriqc_wf/anatMRIQC/AirMaskWorkflow/705d6f2689f1c7689d892a742336cd27f74d8ac6/ArtifactMask".[0m
2026-03-27 02:59:11 |[34;20m INFO     [0m|[34;20m nipype.workflow  [0m|[34;20m [Node] Setting-up "mriqc_wf.anatMRIQC.anat_report_wf.PlotHeadmask" in "/local/nvme/ds004917_29.784042/ds/tmp/mriqc_wf/anatMRIQC/anat_report_wf/705d6f2689f1c7689d892a742336cd27f74d8ac6/PlotHeadmask".[0m
2026-03-27 02:59:11 |[34;20m INFO     [0m|[34;20m nipype.workflow  [0m|[34;20m [Node] Setting-up "mriqc_wf.anatMRIQC.ComputeIQMs.harmonize" in "/local/nvme/ds004917_29.784042/ds/tmp/mriqc_wf/anatMRIQC/ComputeIQMs/705d6f2689f1c7689d892a742336cd27f74d8ac6/harmonize".[0m
2026-03-27 02:59:11 |[34;20m INFO     [0m|[34;20m nipype.workflow  [0m|[34;20m [Node] Setting-up "mriqc_wf.anatMRIQC.anat_report_wf.PlotSegmentation" in "/local/nvme/ds004917_29.784042/ds/tmp/mriqc_wf/anatMRIQC/anat_report_wf/705d6f2689f1c7689d892a742336cd27f74d8ac6/PlotSegmentation".[0m
2026-03-27 02:59:11 |[34;20m INFO     [0m|[34;20m nipype.workflow  [0m|[34;20m [Node] Executing "PlotHeadmask" <nireports.interfaces.mosaic.PlotContours>[0m
2026-03-27 02:59:11 |[34;20m INFO     [0m|[34;20m nipype.workflow  [0m|[34;20m [Node] Executing "ArtifactMask" <mriqc.interfaces.anatomical.ArtifactMask>[0m
2026-03-27 02:59:11 |[34;20m INFO     [0m|[34;20m nipype.workflow  [0m|[34;20m [Node] Executing "harmonize" <mriqc.interfaces.anatomical.Harmonize>[0m
2026-03-27 02:59:11 |[34;20m INFO     [0m|[34;20m nipype.workflow  [0m|[34;20m [Node] Executing "PlotSegmentation" <nireports.interfaces.mosaic.PlotContours>[0m
2026-03-27 02:59:13 |[34;20m INFO     [0m|[34;20m nipype.workflow  [0m|[34;20m [Node] Finished "harmonize", elapsed time 1.41387s.[0m
2026-03-27 02:59:16 |[34;20m INFO     [0m|[34;20m nipype.workflow  [0m|[34;20m [Node] Finished "PlotHeadmask", elapsed time 4.5003589999999996s.[0m
2026-03-27 02:59:16 |[34;20m INFO     [0m|[34;20m nipype.workflow  [0m|[34;20m [Node] Finished "PlotSegmentation", elapsed time 4.803215s.[0m
2026-03-27 02:59:17 |[34;20m INFO     [0m|[34;20m nipype.workflow  [0m|[34;20m [Node] Finished "ArtifactMask", elapsed time 5.653866s.[0m
2026-03-27 02:59:17 |[34;20m INFO     [0m|[34;20m nipype.workflow  [0m|[34;20m [Node] Setting-up "mriqc_wf.anatMRIQC.ComputeIQMs.provenance" in "/local/nvme/ds004917_29.784042/ds/tmp/mriqc_wf/anatMRIQC/ComputeIQMs/705d6f2689f1c7689d892a742336cd27f74d8ac6/provenance".[0m
2026-03-27 02:59:17 |[34;20m INFO     [0m|[34;20m nipype.workflow  [0m|[34;20m [Node] Executing "provenance" <mriqc.interfaces.reports.AddProvenance>[0m
2026-03-27 02:59:18 |[34;20m INFO     [0m|[34;20m nipype.workflow  [0m|[34;20m [Node] Finished "provenance", elapsed time 0.068082s.[0m
2026-03-27 02:59:18 |[34;20m INFO     [0m|[34;20m nipype.workflow  [0m|[34;20m [Node] Setting-up "mriqc_wf.anatMRIQC.anat_report_wf.ds_report_headmask" in "/local/nvme/ds004917_29.784042/ds/tmp/mriqc_wf/anatMRIQC/anat_report_wf/705d6f2689f1c7689d892a742336cd27f74d8ac6/ds_report_headmask".[0m
2026-03-27 02:59:18 |[34;20m INFO     [0m|[34;20m nipype.workflow  [0m|[34;20m [Node] Setting-up "mriqc_wf.anatMRIQC.ComputeIQMs.ComputeQI2" in "/local/nvme/ds004917_29.784042/ds/tmp/mriqc_wf/anatMRIQC/ComputeIQMs/705d6f2689f1c7689d892a742336cd27f74d8ac6/ComputeQI2".[0m
2026-03-27 02:59:18 |[34;20m INFO     [0m|[34;20m nipype.workflow  [0m|[34;20m [Node] Setting-up "mriqc_wf.anatMRIQC.anat_report_wf.PlotArtmask" in "/local/nvme/ds004917_29.784042/ds/tmp/mriqc_wf/anatMRIQC/anat_report_wf/705d6f2689f1c7689d892a742336cd27f74d8ac6/PlotArtmask".[0m
2026-03-27 02:59:18 |[34;20m INFO     [0m|[34;20m nipype.workflow  [0m|[34;20m [Node] Setting-up "mriqc_wf.anatMRIQC.anat_report_wf.PlotAirmask" in "/local/nvme/ds004917_29.784042/ds/tmp/mriqc_wf/anatMRIQC/anat_report_wf/705d6f2689f1c7689d892a742336cd27f74d8ac6/PlotAirmask".[0m
2026-03-27 02:59:18 |[34;20m INFO     [0m|[34;20m nipype.workflow  [0m|[34;20m [Node] Executing "ComputeQI2" <mriqc.interfaces.anatomical.ComputeQI2>[0m
2026-03-27 02:59:18 |[34;20m INFO     [0m|[34;20m nipype.workflow  [0m|[34;20m [Node] Executing "ds_report_headmask" <mriqc.interfaces.DerivativesDataSink>[0m
2026-03-27 02:59:18 |[34;20m INFO     [0m|[34;20m nipype.workflow  [0m|[34;20m [Node] Executing "PlotArtmask" <nireports.interfaces.mosaic.PlotContours>[0m
2026-03-27 02:59:18 |[34;20m INFO     [0m|[34;20m nipype.workflow  [0m|[34;20m [Node] Executing "PlotAirmask" <nireports.interfaces.mosaic.PlotContours>[0m
2026-03-27 02:59:18 |[34;20m INFO     [0m|[34;20m nipype.workflow  [0m|[34;20m [Node] Finished "ds_report_headmask", elapsed time 0.004652s.[0m
2026-03-27 02:59:18 |[34;20m INFO     [0m|[34;20m nipype.workflow  [0m|[34;20m [Node] Setting-up "mriqc_wf.anatMRIQC.anat_report_wf.ds_report_segm" in "/local/nvme/ds004917_29.784042/ds/tmp/mriqc_wf/anatMRIQC/anat_report_wf/705d6f2689f1c7689d892a742336cd27f74d8ac6/ds_report_segm".[0m
2026-03-27 02:59:18 |[34;20m INFO     [0m|[34;20m nipype.workflow  [0m|[34;20m [Node] Setting-up "mriqc_wf.anatMRIQC.ComputeIQMs.measures" in "/local/nvme/ds004917_29.784042/ds/tmp/mriqc_wf/anatMRIQC/ComputeIQMs/705d6f2689f1c7689d892a742336cd27f74d8ac6/measures".[0m
2026-03-27 02:59:18 |[34;20m INFO     [0m|[34;20m nipype.workflow  [0m|[34;20m [Node] Executing "ds_report_segm" <mriqc.interfaces.DerivativesDataSink>[0m
2026-03-27 02:59:18 |[34;20m INFO     [0m|[34;20m nipype.workflow  [0m|[34;20m [Node] Executing "measures" <mriqc.interfaces.anatomical.StructuralQC>[0m
2026-03-27 02:59:18 |[34;20m INFO     [0m|[34;20m nipype.workflow  [0m|[34;20m [Node] Finished "ds_report_segm", elapsed time 0.004756s.[0m
2026-03-27 02:59:21 |[34;20m INFO     [0m|[34;20m nipype.workflow  [0m|[34;20m [Node] Finished "PlotArtmask", elapsed time 3.643045s.[0m
2026-03-27 02:59:21 |[34;20m INFO     [0m|[34;20m nipype.workflow  [0m|[34;20m [Node] Setting-up "mriqc_wf.anatMRIQC.anat_report_wf.ds_report_artmask" in "/local/nvme/ds004917_29.784042/ds/tmp/mriqc_wf/anatMRIQC/anat_report_wf/705d6f2689f1c7689d892a742336cd27f74d8ac6/ds_report_artmask".[0m
2026-03-27 02:59:21 |[34;20m INFO     [0m|[34;20m nipype.workflow  [0m|[34;20m [Node] Executing "ds_report_artmask" <mriqc.interfaces.DerivativesDataSink>[0m
2026-03-27 02:59:21 |[34;20m INFO     [0m|[34;20m nipype.workflow  [0m|[34;20m [Node] Finished "ds_report_artmask", elapsed time 0.00465s.[0m
2026-03-27 02:59:22 |[34;20m INFO     [0m|[34;20m nipype.workflow  [0m|[34;20m [Node] Finished "PlotAirmask", elapsed time 4.624692s.[0m
2026-03-27 02:59:23 |[34;20m INFO     [0m|[34;20m nipype.workflow  [0m|[34;20m [Node] Setting-up "mriqc_wf.anatMRIQC.anat_report_wf.ds_report_airmask" in "/local/nvme/ds004917_29.784042/ds/tmp/mriqc_wf/anatMRIQC/anat_report_wf/705d6f2689f1c7689d892a742336cd27f74d8ac6/ds_report_airmask".[0m
2026-03-27 02:59:23 |[34;20m INFO     [0m|[34;20m nipype.workflow  [0m|[34;20m [Node] Executing "ds_report_airmask" <mriqc.interfaces.DerivativesDataSink>[0m
2026-03-27 02:59:23 |[34;20m INFO     [0m|[34;20m nipype.workflow  [0m|[34;20m [Node] Finished "ds_report_airmask", elapsed time 0.004684s.[0m
2026-03-27 02:59:24 |[93;20m WARNING  [0m|[93;20m nipype.interface [0m|[93;20m Estimated signal variation in the background was too small (MAD=0.0, sigma=6.4072)[0m
2026-03-27 02:59:24 |[93;20m WARNING  [0m|[93;20m nipype.interface [0m|[93;20m Estimated signal variation in the background was too small (MAD=0.0, sigma=6.4072)[0m
2026-03-27 02:59:24 |[93;20m WARNING  [0m|[93;20m nipype.interface [0m|[93;20m Estimated signal variation in the background was too small (MAD=0.0, sigma=6.4072)[0m
2026-03-27 02:59:29 |[34;20m INFO     [0m|[34;20m nipype.workflow  [0m|[34;20m [Node] Finished "ComputeQI2", elapsed time 11.566756999999999s.[0m
2026-03-27 02:59:29 |[34;20m INFO     [0m|[34;20m nipype.workflow  [0m|[34;20m [Node] Setting-up "mriqc_wf.anatMRIQC.anat_report_wf.ds_report_noisefit" in "/local/nvme/ds004917_29.784042/ds/tmp/mriqc_wf/anatMRIQC/anat_report_wf/705d6f2689f1c7689d892a742336cd27f74d8ac6/ds_report_noisefit".[0m
2026-03-27 02:59:29 |[34;20m INFO     [0m|[34;20m nipype.workflow  [0m|[34;20m [Node] Executing "ds_report_noisefit" <mriqc.interfaces.DerivativesDataSink>[0m
2026-03-27 02:59:29 |[34;20m INFO     [0m|[34;20m nipype.workflow  [0m|[34;20m [Node] Finished "ds_report_noisefit", elapsed time 0.004758s.[0m
2026-03-27 02:59:37 |[34;20m INFO     [0m|[34;20m nipype.workflow  [0m|[34;20m [Node] Finished "measures", elapsed time 18.79341s.[0m
2026-03-27 02:59:37 |[34;20m INFO     [0m|[34;20m nipype.workflow  [0m|[34;20m [Node] Setting-up "mriqc_wf.anatMRIQC.ComputeIQMs.datasink" in "/local/nvme/ds004917_29.784042/ds/tmp/mriqc_wf/anatMRIQC/ComputeIQMs/705d6f2689f1c7689d892a742336cd27f74d8ac6/datasink".[0m
2026-03-27 02:59:37 |[34;20m INFO     [0m|[34;20m nipype.workflow  [0m|[34;20m [Node] Executing "datasink" <mriqc.interfaces.bids.IQMFileSink>[0m
2026-03-27 02:59:37 |[34;20m INFO     [0m|[34;20m nipype.workflow  [0m|[34;20m [Node] Finished "datasink", elapsed time 0.001753s.[0m
2026-03-27 02:59:39 |[34;20m INFO     [0m|[34;20m nipype.workflow  [0m|[34;20m Generating reports...[0m
2026-03-27 02:59:40 |[34;20m INFO     [0m|[34;20m nipype.workflow  [0m|[34;20m Report generation finished (1 reports).[0m
2026-03-27 02:59:40 |[33;20m IMPORTANT [0m|[33;20m mriqc            [0m|[33;20m Participant level finished successfully averaging 00h 04min 30s per subject.[0m
2026-03-27 02:59:40 |[34;20m INFO     [0m|[34;20m mriqc            [0m|[34;20m Generating BIDS derivatives metadata.[0m
----------------------------------------------------------------
  MRIQC completed (elapsed time 00h 04min 30s).
----------------------------------------------------------------

