------------------------------------------------------------------
  Running MRIQC version 24.1.0.dev0+gd5b13cb5.d20240826
  ----------------------------------------------------------------

  NOTICE
  Copyright © The NiPreps Developers.
  
  This product includes software developed by
  the NiPreps Community (https://nipreps.org/).
  
  Portions of this software were developed at the Department of
  Psychology at Stanford University, Stanford, CA, US.
  
  This software contains code ultimately derived from the
  PCP Quality Assessment Protocol (QAP;
  http://preprocessed-connectomes-project.org/quality-assessment-protocol)
  by C. Craddock, S. Giavasis, D. Clark, Z. Shezhad, and J. Pellman.
  
  This software is also distributed as a Docker container image.
  The bootstrapping file for the image ("Dockerfile") is licensed
  under the MIT License.

  ----------------------------------------------------------------

  * BIDS dataset path: /local/nvme/ds004917_13.784042/ds/sourcedata/raw.
  * Output folder: mriqc.
  * Analysis levels: ['participant'].
------------------------------------------------------------------

2026-03-27 02:35:43 |[33;20m IMPORTANT [0m|[33;20m mriqc            [0m|[33;20m Extracting metadata and entities for 1 input runs of modality 'bold'...[0m
2026-03-27 02:35:43 |[33;20m IMPORTANT [0m|[33;20m mriqc            [0m|[33;20m File size ('bold'): 0.05|0.05 GB [maximum|average].[0m
2026-03-27 02:35:43 |[34;20m INFO     [0m|[34;20m mriqc            [0m|[34;20m MRIQC config file: /local/nvme/ds004917_13.784042/ds/tmp/config-20260327-023537_445ffaf7-339b-432b-b8bf-913f01cdc9bf.toml.[0m
2026-03-27 02:35:47 |[34;20m INFO     [0m|[34;20m matplotlib.font_manager [0m|[34;20m generated new fontManager[0m
2026-03-27 02:35:49 |[33;20m IMPORTANT [0m|[33;20m mriqc            [0m|[33;20m Building MRIQC's workflows...[0m
2026-03-27 02:35:49 |[34;20m INFO     [0m|[34;20m nipype.workflow  [0m|[34;20m Building functional MRIQC workflow for 1 BOLD runs..[0m
2026-03-27 02:35:55 |[33;20m IMPORTANT [0m|[33;20m mriqc            [0m|[33;20m Workflow building finished (exit code 0).[0m
2026-03-27 02:35:59 |[34;20m INFO     [0m|[34;20m nipype.workflow  [0m|[34;20m Workflow mriqc_wf settings: ['check', 'execution', 'logging', 'monitoring'][0m
2026-03-27 02:36:00 |[34;20m INFO     [0m|[34;20m nipype.workflow  [0m|[34;20m [Node] Setting-up "mriqc_wf.funcMRIQC.pick_echo" in "/local/nvme/ds004917_13.784042/ds/tmp/mriqc_wf/funcMRIQC/dbb368d4b3a557c66797655a84a64944dcce24b6/pick_echo".[0m
2026-03-27 02:36:00 |[34;20m INFO     [0m|[34;20m nipype.workflow  [0m|[34;20m [Node] Setting-up "_provenance0" in "/local/nvme/ds004917_13.784042/ds/tmp/mriqc_wf/funcMRIQC/ComputeIQMs/dbb368d4b3a557c66797655a84a64944dcce24b6/provenance/mapflow/_provenance0".[0m
2026-03-27 02:36:00 |[34;20m INFO     [0m|[34;20m nipype.workflow  [0m|[34;20m [Node] Executing "pick_echo" <mriqc.interfaces.functional.SelectEcho>[0m
2026-03-27 02:36:00 |[34;20m INFO     [0m|[34;20m nipype.workflow  [0m|[34;20m [Node] Executing "_provenance0" <mriqc.interfaces.reports.AddProvenance>[0m
2026-03-27 02:36:00 |[34;20m INFO     [0m|[34;20m nipype.workflow  [0m|[34;20m [Node] Finished "pick_echo", elapsed time 0.000499s.[0m
2026-03-27 02:36:00 |[34;20m INFO     [0m|[34;20m nipype.workflow  [0m|[34;20m [Node] Finished "_provenance0", elapsed time 0.113484s.[0m
2026-03-27 02:36:02 |[34;20m INFO     [0m|[34;20m nipype.workflow  [0m|[34;20m [Node] Setting-up "mriqc_wf.funcMRIQC.non_steady_state_detector" in "/local/nvme/ds004917_13.784042/ds/tmp/mriqc_wf/funcMRIQC/dbb368d4b3a557c66797655a84a64944dcce24b6/non_steady_state_detector".[0m
2026-03-27 02:36:02 |[34;20m INFO     [0m|[34;20m nipype.workflow  [0m|[34;20m [Node] Executing "non_steady_state_detector" <nipype.algorithms.confounds.NonSteadyStateDetector>[0m
2026-03-27 02:36:02 |[34;20m INFO     [0m|[34;20m nipype.workflow  [0m|[34;20m [Node] Finished "non_steady_state_detector", elapsed time 0.277544s.[0m
2026-03-27 02:36:04 |[34;20m INFO     [0m|[34;20m nipype.workflow  [0m|[34;20m [Node] Setting-up "_sanitize0" in "/local/nvme/ds004917_13.784042/ds/tmp/mriqc_wf/funcMRIQC/dbb368d4b3a557c66797655a84a64944dcce24b6/sanitize/mapflow/_sanitize0".[0m
2026-03-27 02:36:04 |[34;20m INFO     [0m|[34;20m nipype.workflow  [0m|[34;20m [Node] Executing "_sanitize0" <niworkflows.interfaces.header.SanitizeImage>[0m
2026-03-27 02:36:06 |[34;20m INFO     [0m|[34;20m nipype.workflow  [0m|[34;20m [Node] Finished "_sanitize0", elapsed time 2.438409s.[0m
2026-03-27 02:36:08 |[34;20m INFO     [0m|[34;20m nipype.workflow  [0m|[34;20m [Node] Setting-up "mriqc_wf.funcMRIQC.fMRI_HMC.estimate_hm" in "/local/nvme/ds004917_13.784042/ds/tmp/mriqc_wf/funcMRIQC/fMRI_HMC/dbb368d4b3a557c66797655a84a64944dcce24b6/estimate_hm".[0m
2026-03-27 02:36:08 |[34;20m INFO     [0m|[34;20m nipype.workflow  [0m|[34;20m [Node] Executing "estimate_hm" <nipype.interfaces.afni.preprocess.Volreg>[0m
2026-03-27 02:36:08 |[34;20m INFO     [0m|[34;20m nipype.workflow  [0m|[34;20m [Node] Setting-up "_SpikesMask0" in "/local/nvme/ds004917_13.784042/ds/tmp/mriqc_wf/funcMRIQC/func_report_wf/dbb368d4b3a557c66797655a84a64944dcce24b6/SpikesMask/mapflow/_SpikesMask0".[0m
2026-03-27 02:36:08 |[34;20m INFO     [0m|[34;20m nipype.workflow  [0m|[34;20m [Node] Executing "_SpikesMask0" <nipype.interfaces.utility.wrappers.Function>[0m
2026-03-27 02:36:09 |[34;20m INFO     [0m|[34;20m nipype.workflow  [0m|[34;20m [Node] Finished "_SpikesMask0", elapsed time 1.790679s.[0m
2026-03-27 02:36:10 |[34;20m INFO     [0m|[34;20m nipype.workflow  [0m|[34;20m [Node] Setting-up "_SpikesFinderBgMask0" in "/local/nvme/ds004917_13.784042/ds/tmp/mriqc_wf/funcMRIQC/func_report_wf/dbb368d4b3a557c66797655a84a64944dcce24b6/SpikesFinderBgMask/mapflow/_SpikesFinderBgMask0".[0m
2026-03-27 02:36:10 |[34;20m INFO     [0m|[34;20m nipype.workflow  [0m|[34;20m [Node] Executing "_SpikesFinderBgMask0" <mriqc.interfaces.functional.Spikes>[0m
2026-03-27 02:36:11 |[34;20m INFO     [0m|[34;20m nipype.workflow  [0m|[34;20m [Node] Finished "_SpikesFinderBgMask0", elapsed time 0.866233s.[0m
2026-03-27 02:40:00 |[34;20m INFO     [0m|[34;20m nipype.workflow  [0m|[34;20m [Node] Finished "estimate_hm", elapsed time 232.042886s.[0m
2026-03-27 02:40:02 |[34;20m INFO     [0m|[34;20m nipype.workflow  [0m|[34;20m [Node] Setting-up "_apply_hmc0" in "/local/nvme/ds004917_13.784042/ds/tmp/mriqc_wf/funcMRIQC/fMRI_HMC/dbb368d4b3a557c66797655a84a64944dcce24b6/apply_hmc/mapflow/_apply_hmc0".[0m
2026-03-27 02:40:02 |[34;20m INFO     [0m|[34;20m nipype.workflow  [0m|[34;20m [Node] Executing "_apply_hmc0" <nipype.interfaces.utility.wrappers.Function>[0m
2026-03-27 02:40:10 |[34;20m INFO     [0m|[34;20m nipype.workflow  [0m|[34;20m [Node] Finished "_apply_hmc0", elapsed time 7.9973849999999995s.[0m
2026-03-27 02:40:12 |[34;20m INFO     [0m|[34;20m nipype.workflow  [0m|[34;20m [Node] Setting-up "mriqc_wf.funcMRIQC.fMRI_HMC.ComputeFD" in "/local/nvme/ds004917_13.784042/ds/tmp/mriqc_wf/funcMRIQC/fMRI_HMC/dbb368d4b3a557c66797655a84a64944dcce24b6/ComputeFD".[0m
2026-03-27 02:40:12 |[34;20m INFO     [0m|[34;20m nipype.workflow  [0m|[34;20m [Node] Executing "ComputeFD" <nipype.algorithms.confounds.FramewiseDisplacement>[0m
2026-03-27 02:40:12 |[34;20m INFO     [0m|[34;20m nipype.workflow  [0m|[34;20m [Node] Setting-up "_mean0" in "/local/nvme/ds004917_13.784042/ds/tmp/mriqc_wf/funcMRIQC/dbb368d4b3a557c66797655a84a64944dcce24b6/mean/mapflow/_mean0".[0m
2026-03-27 02:40:12 |[34;20m INFO     [0m|[34;20m nipype.workflow  [0m|[34;20m [Node] Setting-up "_compute_tsnr0" in "/local/nvme/ds004917_13.784042/ds/tmp/mriqc_wf/funcMRIQC/dbb368d4b3a557c66797655a84a64944dcce24b6/compute_tsnr/mapflow/_compute_tsnr0".[0m
2026-03-27 02:40:12 |[34;20m INFO     [0m|[34;20m nipype.workflow  [0m|[34;20m [Node] Executing "_mean0" <nipype.interfaces.afni.utils.TStat>[0m
2026-03-27 02:40:12 |[34;20m INFO     [0m|[34;20m nipype.workflow  [0m|[34;20m [Node] Executing "_compute_tsnr0" <nipype.algorithms.confounds.TSNR>[0m
2026-03-27 02:40:12 |[34;20m INFO     [0m|[34;20m nipype.workflow  [0m|[34;20m [Node] Setting-up "_quality0" in "/local/nvme/ds004917_13.784042/ds/tmp/mriqc_wf/funcMRIQC/ComputeIQMs/dbb368d4b3a557c66797655a84a64944dcce24b6/quality/mapflow/_quality0".[0m
2026-03-27 02:40:12 |[34;20m INFO     [0m|[34;20m nipype.workflow  [0m|[34;20m [Node] Executing "_quality0" <nipype.interfaces.afni.preprocess.QualityIndex>[0m
2026-03-27 02:40:12 |[34;20m INFO     [0m|[34;20m nipype.workflow  [0m|[34;20m [Node] Finished "ComputeFD", elapsed time 0.005352s.[0m
2026-03-27 02:40:13 |[34;20m INFO     [0m|[34;20m nipype.workflow  [0m|[34;20m [Node] Finished "_compute_tsnr0", elapsed time 0.919773s.[0m
2026-03-27 02:40:13 |[34;20m INFO     [0m|[34;20m nipype.workflow  [0m|[34;20m [Node] Finished "_mean0", elapsed time 1.222518s.[0m
2026-03-27 02:40:14 |[34;20m INFO     [0m|[34;20m nipype.workflow  [0m|[34;20m [Node] Setting-up "mriqc_wf.funcMRIQC.synthstrip_wf.pre_clip" in "/local/nvme/ds004917_13.784042/ds/tmp/mriqc_wf/funcMRIQC/synthstrip_wf/dbb368d4b3a557c66797655a84a64944dcce24b6/pre_clip".[0m
2026-03-27 02:40:14 |[34;20m INFO     [0m|[34;20m nipype.workflow  [0m|[34;20m [Node] Setting-up "mriqc_wf.funcMRIQC.SpatialNormalization.SharpenEPI" in "/local/nvme/ds004917_13.784042/ds/tmp/mriqc_wf/funcMRIQC/SpatialNormalization/dbb368d4b3a557c66797655a84a64944dcce24b6/SharpenEPI".[0m
2026-03-27 02:40:14 |[34;20m INFO     [0m|[34;20m nipype.workflow  [0m|[34;20m [Node] Executing "pre_clip" <niworkflows.interfaces.nibabel.IntensityClip>[0m
2026-03-27 02:40:14 |[34;20m INFO     [0m|[34;20m nipype.workflow  [0m|[34;20m [Node] Executing "SharpenEPI" <nipype.interfaces.ants.segmentation.N4BiasFieldCorrection>[0m
2026-03-27 02:40:14 |[34;20m INFO     [0m|[34;20m nipype.workflow  [0m|[34;20m [Node] Setting-up "_PlotMosaicSD0" in "/local/nvme/ds004917_13.784042/ds/tmp/mriqc_wf/funcMRIQC/func_report_wf/dbb368d4b3a557c66797655a84a64944dcce24b6/PlotMosaicSD/mapflow/_PlotMosaicSD0".[0m
2026-03-27 02:40:14 |[34;20m INFO     [0m|[34;20m nipype.workflow  [0m|[34;20m [Node] Setting-up "_PlotMosaicMean0" in "/local/nvme/ds004917_13.784042/ds/tmp/mriqc_wf/funcMRIQC/func_report_wf/dbb368d4b3a557c66797655a84a64944dcce24b6/PlotMosaicMean/mapflow/_PlotMosaicMean0".[0m
2026-03-27 02:40:14 |[34;20m INFO     [0m|[34;20m nipype.workflow  [0m|[34;20m [Node] Executing "_PlotMosaicSD0" <nireports.interfaces.mosaic.PlotMosaic>[0m
2026-03-27 02:40:14 |[34;20m INFO     [0m|[34;20m nipype.workflow  [0m|[34;20m [Node] Executing "_PlotMosaicMean0" <nireports.interfaces.mosaic.PlotMosaic>[0m
2026-03-27 02:40:14 |[34;20m INFO     [0m|[34;20m nipype.workflow  [0m|[34;20m [Node] Setting-up "_PlotMosaicNoise0" in "/local/nvme/ds004917_13.784042/ds/tmp/mriqc_wf/funcMRIQC/func_report_wf/dbb368d4b3a557c66797655a84a64944dcce24b6/PlotMosaicNoise/mapflow/_PlotMosaicNoise0".[0m
2026-03-27 02:40:14 |[34;20m INFO     [0m|[34;20m nipype.workflow  [0m|[34;20m [Node] Executing "_PlotMosaicNoise0" <nireports.interfaces.mosaic.PlotMosaic>[0m
2026-03-27 02:40:14 |[34;20m INFO     [0m|[34;20m nipype.workflow  [0m|[34;20m [Node] Finished "pre_clip", elapsed time 0.498313s.[0m
2026-03-27 02:40:14 |[34;20m INFO     [0m|[34;20m nipype.workflow  [0m|[34;20m [Node] Finished "_quality0", elapsed time 2.837419s.[0m
2026-03-27 02:40:15 |[34;20m INFO     [0m|[34;20m nipype.workflow  [0m|[34;20m [Node] Finished "_PlotMosaicMean0", elapsed time 1.2751839999999999s.[0m
2026-03-27 02:40:15 |[34;20m INFO     [0m|[34;20m nipype.workflow  [0m|[34;20m [Node] Finished "_PlotMosaicSD0", elapsed time 1.343454s.[0m
2026-03-27 02:40:15 |[34;20m INFO     [0m|[34;20m nipype.workflow  [0m|[34;20m [Node] Finished "_PlotMosaicNoise0", elapsed time 1.384739s.[0m
2026-03-27 02:40:16 |[34;20m INFO     [0m|[34;20m nipype.workflow  [0m|[34;20m [Node] Setting-up "_ds_report_mean0" in "/local/nvme/ds004917_13.784042/ds/tmp/mriqc_wf/funcMRIQC/func_report_wf/dbb368d4b3a557c66797655a84a64944dcce24b6/ds_report_mean/mapflow/_ds_report_mean0".[0m
2026-03-27 02:40:16 |[34;20m INFO     [0m|[34;20m nipype.workflow  [0m|[34;20m [Node] Executing "_ds_report_mean0" <mriqc.interfaces.DerivativesDataSink>[0m
2026-03-27 02:40:16 |[34;20m INFO     [0m|[34;20m nipype.workflow  [0m|[34;20m [Node] Finished "_ds_report_mean0", elapsed time 0.009802s.[0m
2026-03-27 02:40:16 |[34;20m INFO     [0m|[34;20m nipype.workflow  [0m|[34;20m [Node] Setting-up "_ds_report_background0" in "/local/nvme/ds004917_13.784042/ds/tmp/mriqc_wf/funcMRIQC/func_report_wf/dbb368d4b3a557c66797655a84a64944dcce24b6/ds_report_background/mapflow/_ds_report_background0".[0m
2026-03-27 02:40:16 |[34;20m INFO     [0m|[34;20m nipype.workflow  [0m|[34;20m [Node] Executing "_ds_report_background0" <mriqc.interfaces.DerivativesDataSink>[0m
2026-03-27 02:40:16 |[34;20m INFO     [0m|[34;20m nipype.workflow  [0m|[34;20m [Node] Finished "_ds_report_background0", elapsed time 0.00586s.[0m
2026-03-27 02:40:16 |[34;20m INFO     [0m|[34;20m nipype.workflow  [0m|[34;20m [Node] Setting-up "_ds_report_stdev0" in "/local/nvme/ds004917_13.784042/ds/tmp/mriqc_wf/funcMRIQC/func_report_wf/dbb368d4b3a557c66797655a84a64944dcce24b6/ds_report_stdev/mapflow/_ds_report_stdev0".[0m
2026-03-27 02:40:16 |[34;20m INFO     [0m|[34;20m nipype.workflow  [0m|[34;20m [Node] Executing "_ds_report_stdev0" <mriqc.interfaces.DerivativesDataSink>[0m
2026-03-27 02:40:16 |[34;20m INFO     [0m|[34;20m nipype.workflow  [0m|[34;20m [Node] Finished "_ds_report_stdev0", elapsed time 0.005455s.[0m
2026-03-27 02:40:17 |[34;20m INFO     [0m|[34;20m nipype.workflow  [0m|[34;20m [Node] Finished "SharpenEPI", elapsed time 2.676789s.[0m
2026-03-27 02:40:18 |[34;20m INFO     [0m|[34;20m nipype.workflow  [0m|[34;20m [Node] Setting-up "mriqc_wf.funcMRIQC.synthstrip_wf.pre_n4" in "/local/nvme/ds004917_13.784042/ds/tmp/mriqc_wf/funcMRIQC/synthstrip_wf/dbb368d4b3a557c66797655a84a64944dcce24b6/pre_n4".[0m
2026-03-27 02:40:18 |[34;20m INFO     [0m|[34;20m nipype.workflow  [0m|[34;20m [Node] Executing "pre_n4" <nipype.interfaces.ants.segmentation.N4BiasFieldCorrection>[0m
2026-03-27 02:40:19 |[34;20m INFO     [0m|[34;20m nipype.workflow  [0m|[34;20m [Node] Finished "pre_n4", elapsed time 1.05818s.[0m
2026-03-27 02:40:20 |[34;20m INFO     [0m|[34;20m nipype.workflow  [0m|[34;20m [Node] Setting-up "mriqc_wf.funcMRIQC.synthstrip_wf.synthstrip" in "/local/nvme/ds004917_13.784042/ds/tmp/mriqc_wf/funcMRIQC/synthstrip_wf/dbb368d4b3a557c66797655a84a64944dcce24b6/synthstrip".[0m
2026-03-27 02:40:20 |[34;20m INFO     [0m|[34;20m nipype.workflow  [0m|[34;20m [Node] Executing "synthstrip" <mriqc.interfaces.synthstrip.SynthStrip>[0m
2026-03-27 02:40:43 |[34;20m INFO     [0m|[34;20m nipype.workflow  [0m|[34;20m [Node] Finished "synthstrip", elapsed time 23.704595s.[0m
2026-03-27 02:40:44 |[34;20m INFO     [0m|[34;20m nipype.workflow  [0m|[34;20m [Node] Setting-up "mriqc_wf.funcMRIQC.synthstrip_wf.post_n4" in "/local/nvme/ds004917_13.784042/ds/tmp/mriqc_wf/funcMRIQC/synthstrip_wf/dbb368d4b3a557c66797655a84a64944dcce24b6/post_n4".[0m
2026-03-27 02:40:44 |[34;20m INFO     [0m|[34;20m nipype.workflow  [0m|[34;20m [Node] Executing "post_n4" <nipype.interfaces.ants.segmentation.N4BiasFieldCorrection>[0m
2026-03-27 02:40:45 |[34;20m INFO     [0m|[34;20m nipype.workflow  [0m|[34;20m [Node] Finished "post_n4", elapsed time 0.736764s.[0m
2026-03-27 02:40:46 |[34;20m INFO     [0m|[34;20m nipype.workflow  [0m|[34;20m [Node] Setting-up "mriqc_wf.funcMRIQC.SpatialNormalization.EPI2MNI" in "/local/nvme/ds004917_13.784042/ds/tmp/mriqc_wf/funcMRIQC/SpatialNormalization/dbb368d4b3a557c66797655a84a64944dcce24b6/EPI2MNI".[0m
2026-03-27 02:40:46 |[34;20m INFO     [0m|[34;20m nipype.workflow  [0m|[34;20m [Node] Executing "EPI2MNI" <niworkflows.interfaces.reportlets.registration.SpatialNormalizationRPT>[0m
2026-03-27 02:40:46 |[34;20m INFO     [0m|[34;20m niworkflows      [0m|[34;20m Estimating initial transform using AffineInitializer[0m
2026-03-27 02:40:52 |[34;20m INFO     [0m|[34;20m niworkflows      [0m|[34;20m Loading settings from file /opt/conda/lib/python3.11/site-packages/niworkflows/data/boldref-mni_registration_precise_000.json.[0m
2026-03-27 02:40:52 |[34;20m INFO     [0m|[34;20m niworkflows      [0m|[34;20m Retry #1, commandline: 
antsRegistration --collapse-output-transforms 1 --dimensionality 3 --float 0 --initial-moving-transform [ /local/nvme/ds004917_13.784042/ds/tmp/mriqc_wf/funcMRIQC/SpatialNormalization/dbb368d4b3a557c66797655a84a64944dcce24b6/EPI2MNI/transform.mat, 0 ] --initialize-transforms-per-stage 0 --interpolation LanczosWindowedSinc --output [ epi_to_mni, epi_to_mni_Warped.nii.gz ] --transform Rigid[ 0.05 ] --metric Mattes[ /templateflow/tpl-MNI152NLin2009cAsym/tpl-MNI152NLin2009cAsym_res-02_desc-fMRIPrep_boldref.nii.gz, /local/nvme/ds004917_13.784042/ds/tmp/mriqc_wf/funcMRIQC/SpatialNormalization/dbb368d4b3a557c66797655a84a64944dcce24b6/SharpenEPI/sub-13_task-pdm_bold_desc-realigned_valid_tstat_corrected.nii.gz, 1, 56, Regular, 0.25 ] --convergence [ 10000x1000x100, 1e-06, 20 ] --smoothing-sigmas 4.0x2.0x1.0vox --shrink-factors 4x2x1 --use-histogram-matching 1 --masks [ /templateflow/tpl-MNI152NLin2009cAsym/tpl-MNI152NLin2009cAsym_res-02_desc-brain_mask.nii.gz, /local/nvme/ds004917_13.784042/ds/tmp/mriqc_wf/funcMRIQC/synthstrip_wf/dbb368d4b3a557c66797655a84a64944dcce24b6/synthstrip/clipped_corrected_desc-brain_mask.nii.gz ] --transform Affine[ 0.08 ] --metric Mattes[ /templateflow/tpl-MNI152NLin2009cAsym/tpl-MNI152NLin2009cAsym_res-02_desc-fMRIPrep_boldref.nii.gz, /local/nvme/ds004917_13.784042/ds/tmp/mriqc_wf/funcMRIQC/SpatialNormalization/dbb368d4b3a557c66797655a84a64944dcce24b6/SharpenEPI/sub-13_task-pdm_bold_desc-realigned_valid_tstat_corrected.nii.gz, 1, 56, Regular, 0.25 ] --convergence [ 500x250x100, 1e-06, 20 ] --smoothing-sigmas 4.0x2.0x1.0vox --shrink-factors 8x4x2 --use-histogram-matching 1 --masks [ /templateflow/tpl-MNI152NLin2009cAsym/tpl-MNI152NLin2009cAsym_res-02_desc-brain_mask.nii.gz, /local/nvme/ds004917_13.784042/ds/tmp/mriqc_wf/funcMRIQC/synthstrip_wf/dbb368d4b3a557c66797655a84a64944dcce24b6/synthstrip/clipped_corrected_desc-brain_mask.nii.gz ] --transform SyN[ 0.1, 3.0, 0.0 ] --metric CC[ /templateflow/tpl-MNI152NLin2009cAsym/tpl-MNI152NLin2009cAsym_res-02_desc-fMRIPrep_boldref.nii.gz, /local/nvme/ds004917_13.784042/ds/tmp/mriqc_wf/funcMRIQC/SpatialNormalization/dbb368d4b3a557c66797655a84a64944dcce24b6/SharpenEPI/sub-13_task-pdm_bold_desc-realigned_valid_tstat_corrected.nii.gz, 1, 4, None, 1 ] --convergence [ 100x30x20, 1e-06, 10 ] --smoothing-sigmas 3.0x2.0x1.0vox --shrink-factors 8x4x2 --use-histogram-matching 1 --masks [ /templateflow/tpl-MNI152NLin2009cAsym/tpl-MNI152NLin2009cAsym_res-02_desc-brain_mask.nii.gz, /local/nvme/ds004917_13.784042/ds/tmp/mriqc_wf/funcMRIQC/synthstrip_wf/dbb368d4b3a557c66797655a84a64944dcce24b6/synthstrip/clipped_corrected_desc-brain_mask.nii.gz ] --winsorize-image-intensities [ 0.005, 0.995 ]  --write-composite-transform 1[0m
2026-03-27 02:41:04 |[34;20m INFO     [0m|[34;20m niworkflows      [0m|[34;20m Successful spatial normalization (retry #1).[0m
2026-03-27 02:41:04 |[34;20m INFO     [0m|[34;20m niworkflows      [0m|[34;20m Report - setting fixed (/templateflow/tpl-MNI152NLin2009cAsym/tpl-MNI152NLin2009cAsym_res-02_desc-fMRIPrep_boldref.nii.gz) and moving (/local/nvme/ds004917_13.784042/ds/tmp/mriqc_wf/funcMRIQC/SpatialNormalization/dbb368d4b3a557c66797655a84a64944dcce24b6/EPI2MNI/epi_to_mni_Warped.nii.gz) images[0m
2026-03-27 02:41:04 |[34;20m INFO     [0m|[34;20m niworkflows      [0m|[34;20m Generating visual report[0m
2026-03-27 02:41:20 |[34;20m INFO     [0m|[34;20m nipype.workflow  [0m|[34;20m [Node] Finished "EPI2MNI", elapsed time 34.078495s.[0m
2026-03-27 02:41:22 |[34;20m INFO     [0m|[34;20m nipype.workflow  [0m|[34;20m [Node] Setting-up "mriqc_wf.funcMRIQC.func_report_wf.dilated_mask" in "/local/nvme/ds004917_13.784042/ds/tmp/mriqc_wf/funcMRIQC/func_report_wf/dbb368d4b3a557c66797655a84a64944dcce24b6/dilated_mask".[0m
2026-03-27 02:41:22 |[34;20m INFO     [0m|[34;20m nipype.workflow  [0m|[34;20m [Node] Setting-up "_ComputeDVARS0" in "/local/nvme/ds004917_13.784042/ds/tmp/mriqc_wf/funcMRIQC/ComputeIQMs/dbb368d4b3a557c66797655a84a64944dcce24b6/ComputeDVARS/mapflow/_ComputeDVARS0".[0m
2026-03-27 02:41:22 |[34;20m INFO     [0m|[34;20m nipype.workflow  [0m|[34;20m [Node] Setting-up "_smoothness0" in "/local/nvme/ds004917_13.784042/ds/tmp/mriqc_wf/funcMRIQC/ComputeIQMs/dbb368d4b3a557c66797655a84a64944dcce24b6/smoothness/mapflow/_smoothness0".[0m
2026-03-27 02:41:22 |[34;20m INFO     [0m|[34;20m nipype.workflow  [0m|[34;20m [Node] Setting-up "_outliers0" in "/local/nvme/ds004917_13.784042/ds/tmp/mriqc_wf/funcMRIQC/ComputeIQMs/dbb368d4b3a557c66797655a84a64944dcce24b6/outliers/mapflow/_outliers0".[0m
2026-03-27 02:41:22 |[34;20m INFO     [0m|[34;20m nipype.workflow  [0m|[34;20m [Node] Setting-up "_gcor0" in "/local/nvme/ds004917_13.784042/ds/tmp/mriqc_wf/funcMRIQC/ComputeIQMs/dbb368d4b3a557c66797655a84a64944dcce24b6/gcor/mapflow/_gcor0".[0m
2026-03-27 02:41:22 |[34;20m INFO     [0m|[34;20m nipype.workflow  [0m|[34;20m [Node] Executing "dilated_mask" <niworkflows.interfaces.morphology.BinaryDilation>[0m
2026-03-27 02:41:22 |[34;20m INFO     [0m|[34;20m nipype.workflow  [0m|[34;20m [Node] Executing "_ComputeDVARS0" <nipype.algorithms.confounds.ComputeDVARS>[0m
2026-03-27 02:41:22 |[34;20m INFO     [0m|[34;20m nipype.workflow  [0m|[34;20m [Node] Executing "_smoothness0" <nipype.interfaces.afni.utils.FWHMx>[0m
2026-03-27 02:41:22 |[34;20m INFO     [0m|[34;20m nipype.workflow  [0m|[34;20m [Node] Setting-up "mriqc_wf.funcMRIQC.synthstrip_wf.final_masked" in "/local/nvme/ds004917_13.784042/ds/tmp/mriqc_wf/funcMRIQC/synthstrip_wf/dbb368d4b3a557c66797655a84a64944dcce24b6/final_masked".[0m
2026-03-27 02:41:22 |[34;20m INFO     [0m|[34;20m nipype.workflow  [0m|[34;20m [Node] Setting-up "mriqc_wf.funcMRIQC.func_report_wf.PlotBrainmask" in "/local/nvme/ds004917_13.784042/ds/tmp/mriqc_wf/funcMRIQC/func_report_wf/dbb368d4b3a557c66797655a84a64944dcce24b6/PlotBrainmask".[0m
2026-03-27 02:41:22 |[34;20m INFO     [0m|[34;20m nipype.workflow  [0m|[34;20m [Node] Executing "_outliers0" <nipype.interfaces.afni.preprocess.OutlierCount>[0m
2026-03-27 02:41:22 |[34;20m INFO     [0m|[34;20m nipype.workflow  [0m|[34;20m [Node] Executing "_gcor0" <mriqc.interfaces.transitional.GCOR>[0m
2026-03-27 02:41:22 |[34;20m INFO     [0m|[34;20m nipype.workflow  [0m|[34;20m [Node] Executing "final_masked" <niworkflows.interfaces.nibabel.ApplyMask>[0m
2026-03-27 02:41:22 |[34;20m INFO     [0m|[34;20m nipype.workflow  [0m|[34;20m [Node] Executing "PlotBrainmask" <nireports.interfaces.mosaic.PlotContours>[0m
2026-03-27 02:41:22 |[34;20m INFO     [0m|[34;20m nipype.workflow  [0m|[34;20m [Node] Setting-up "_PlotMosaicZoomed0" in "/local/nvme/ds004917_13.784042/ds/tmp/mriqc_wf/funcMRIQC/func_report_wf/dbb368d4b3a557c66797655a84a64944dcce24b6/PlotMosaicZoomed/mapflow/_PlotMosaicZoomed0".[0m
2026-03-27 02:41:22 |[34;20m INFO     [0m|[34;20m nipype.workflow  [0m|[34;20m [Node] Executing "_PlotMosaicZoomed0" <nireports.interfaces.mosaic.PlotMosaic>[0m
2026-03-27 02:41:22 |[34;20m INFO     [0m|[34;20m nipype.workflow  [0m|[34;20m [Node] Finished "final_masked", elapsed time 0.027305s.[0m
2026-03-27 02:41:22 |[34;20m INFO     [0m|[34;20m nipype.workflow  [0m|[34;20m [Node] Finished "dilated_mask", elapsed time 0.048031s.[0m
2026-03-27 02:41:22 |[34;20m INFO     [0m|[34;20m nipype.workflow  [0m|[34;20m [Node] Finished "_smoothness0", elapsed time 0.58969s.[0m
2026-03-27 02:41:23 |[34;20m INFO     [0m|[34;20m nipype.workflow  [0m|[34;20m [Node] Finished "_PlotMosaicZoomed0", elapsed time 1.097968s.[0m
2026-03-27 02:41:23 |[34;20m INFO     [0m|[34;20m nipype.workflow  [0m|[34;20m [Node] Finished "PlotBrainmask", elapsed time 1.231785s.[0m
2026-03-27 02:41:23 |[34;20m INFO     [0m|[34;20m nipype.workflow  [0m|[34;20m [Node] Finished "_outliers0", elapsed time 1.451476s.[0m
2026-03-27 02:41:24 |[34;20m INFO     [0m|[34;20m nipype.workflow  [0m|[34;20m [Node] Setting-up "mriqc_wf.funcMRIQC.func_report_wf.ds_report_norm" in "/local/nvme/ds004917_13.784042/ds/tmp/mriqc_wf/funcMRIQC/func_report_wf/dbb368d4b3a557c66797655a84a64944dcce24b6/ds_report_norm".[0m
2026-03-27 02:41:24 |[34;20m INFO     [0m|[34;20m nipype.workflow  [0m|[34;20m [Node] Setting-up "mriqc_wf.funcMRIQC.SpatialNormalization.ResampleSegmentation" in "/local/nvme/ds004917_13.784042/ds/tmp/mriqc_wf/funcMRIQC/SpatialNormalization/dbb368d4b3a557c66797655a84a64944dcce24b6/ResampleSegmentation".[0m
2026-03-27 02:41:24 |[34;20m INFO     [0m|[34;20m nipype.workflow  [0m|[34;20m [Node] Executing "ds_report_norm" <mriqc.interfaces.DerivativesDataSink>[0m
2026-03-27 02:41:24 |[34;20m INFO     [0m|[34;20m nipype.workflow  [0m|[34;20m [Node] Executing "ResampleSegmentation" <nipype.interfaces.ants.resampling.ApplyTransforms>[0m
2026-03-27 02:41:24 |[34;20m INFO     [0m|[34;20m nipype.workflow  [0m|[34;20m [Node] Finished "ds_report_norm", elapsed time 0.005132s.[0m
2026-03-27 02:41:24 |[34;20m INFO     [0m|[34;20m nipype.workflow  [0m|[34;20m [Node] Setting-up "mriqc_wf.funcMRIQC.func_report_wf.subtract_mask" in "/local/nvme/ds004917_13.784042/ds/tmp/mriqc_wf/funcMRIQC/func_report_wf/dbb368d4b3a557c66797655a84a64944dcce24b6/subtract_mask".[0m
2026-03-27 02:41:24 |[34;20m INFO     [0m|[34;20m nipype.workflow  [0m|[34;20m [Node] Executing "subtract_mask" <niworkflows.interfaces.morphology.BinarySubtraction>[0m
2026-03-27 02:41:24 |[34;20m INFO     [0m|[34;20m nipype.workflow  [0m|[34;20m [Node] Setting-up "_ds_report_zoomed0" in "/local/nvme/ds004917_13.784042/ds/tmp/mriqc_wf/funcMRIQC/func_report_wf/dbb368d4b3a557c66797655a84a64944dcce24b6/ds_report_zoomed/mapflow/_ds_report_zoomed0".[0m
2026-03-27 02:41:24 |[34;20m INFO     [0m|[34;20m nipype.workflow  [0m|[34;20m [Node] Executing "_ds_report_zoomed0" <mriqc.interfaces.DerivativesDataSink>[0m
2026-03-27 02:41:24 |[34;20m INFO     [0m|[34;20m nipype.workflow  [0m|[34;20m [Node] Finished "_ds_report_zoomed0", elapsed time 0.004824s.[0m
2026-03-27 02:41:24 |[34;20m INFO     [0m|[34;20m nipype.workflow  [0m|[34;20m [Node] Finished "subtract_mask", elapsed time 0.012136s.[0m
2026-03-27 02:41:24 |[34;20m INFO     [0m|[34;20m nipype.workflow  [0m|[34;20m [Node] Setting-up "mriqc_wf.funcMRIQC.func_report_wf.ds_report_bmask" in "/local/nvme/ds004917_13.784042/ds/tmp/mriqc_wf/funcMRIQC/func_report_wf/dbb368d4b3a557c66797655a84a64944dcce24b6/ds_report_bmask".[0m
2026-03-27 02:41:24 |[34;20m INFO     [0m|[34;20m nipype.workflow  [0m|[34;20m [Node] Executing "ds_report_bmask" <mriqc.interfaces.DerivativesDataSink>[0m
2026-03-27 02:41:24 |[34;20m INFO     [0m|[34;20m nipype.workflow  [0m|[34;20m [Node] Finished "ds_report_bmask", elapsed time 0.004885s.[0m
2026-03-27 02:41:24 |[34;20m INFO     [0m|[34;20m nipype.workflow  [0m|[34;20m [Node] Finished "_gcor0", elapsed time 2.550278s.[0m
2026-03-27 02:41:25 |[34;20m INFO     [0m|[34;20m nipype.workflow  [0m|[34;20m [Node] Finished "ResampleSegmentation", elapsed time 1.507304s.[0m
2026-03-27 02:41:26 |[34;20m INFO     [0m|[34;20m nipype.workflow  [0m|[34;20m [Node] Setting-up "mriqc_wf.funcMRIQC.func_report_wf.parcels" in "/local/nvme/ds004917_13.784042/ds/tmp/mriqc_wf/funcMRIQC/func_report_wf/dbb368d4b3a557c66797655a84a64944dcce24b6/parcels".[0m
2026-03-27 02:41:26 |[34;20m INFO     [0m|[34;20m nipype.workflow  [0m|[34;20m [Node] Executing "parcels" <nipype.interfaces.utility.wrappers.Function>[0m
2026-03-27 02:41:26 |[34;20m INFO     [0m|[34;20m nipype.workflow  [0m|[34;20m [Node] Finished "parcels", elapsed time 0.021178s.[0m
2026-03-27 02:41:28 |[34;20m INFO     [0m|[34;20m nipype.workflow  [0m|[34;20m [Node] Finished "_ComputeDVARS0", elapsed time 6.439935s.[0m
2026-03-27 02:41:30 |[34;20m INFO     [0m|[34;20m nipype.workflow  [0m|[34;20m [Node] Setting-up "_measures0" in "/local/nvme/ds004917_13.784042/ds/tmp/mriqc_wf/funcMRIQC/ComputeIQMs/dbb368d4b3a557c66797655a84a64944dcce24b6/measures/mapflow/_measures0".[0m
2026-03-27 02:41:30 |[34;20m INFO     [0m|[34;20m nipype.workflow  [0m|[34;20m [Node] Setting-up "_timeseries0" in "/local/nvme/ds004917_13.784042/ds/tmp/mriqc_wf/funcMRIQC/ComputeIQMs/dbb368d4b3a557c66797655a84a64944dcce24b6/timeseries/mapflow/_timeseries0".[0m
2026-03-27 02:41:30 |[34;20m INFO     [0m|[34;20m nipype.workflow  [0m|[34;20m [Node] Executing "_measures0" <mriqc.interfaces.functional.FunctionalQC>[0m
2026-03-27 02:41:30 |[34;20m INFO     [0m|[34;20m nipype.workflow  [0m|[34;20m [Node] Executing "_timeseries0" <mriqc.interfaces.functional.GatherTimeseries>[0m
2026-03-27 02:41:30 |[34;20m INFO     [0m|[34;20m nipype.workflow  [0m|[34;20m [Node] Setting-up "_BigPlot0" in "/local/nvme/ds004917_13.784042/ds/tmp/mriqc_wf/funcMRIQC/func_report_wf/dbb368d4b3a557c66797655a84a64944dcce24b6/BigPlot/mapflow/_BigPlot0".[0m
2026-03-27 02:41:30 |[34;20m INFO     [0m|[34;20m nipype.workflow  [0m|[34;20m [Node] Executing "_BigPlot0" <nireports.interfaces.fmri.FMRISummary>[0m
2026-03-27 02:41:30 |[34;20m INFO     [0m|[34;20m nipype.workflow  [0m|[34;20m [Node] Finished "_timeseries0", elapsed time 0.018483s.[0m
2026-03-27 02:41:30 |[34;20m INFO     [0m|[34;20m nipype.workflow  [0m|[34;20m [Node] Finished "_measures0", elapsed time 0.818686s.[0m
2026-03-27 02:41:31 |[34;20m INFO     [0m|[34;20m nipype.workflow  [0m|[34;20m [Node] Finished "_BigPlot0", elapsed time 1.720294s.[0m
2026-03-27 02:41:32 |[34;20m INFO     [0m|[34;20m nipype.workflow  [0m|[34;20m [Node] Setting-up "_datasink0" in "/local/nvme/ds004917_13.784042/ds/tmp/mriqc_wf/funcMRIQC/ComputeIQMs/dbb368d4b3a557c66797655a84a64944dcce24b6/datasink/mapflow/_datasink0".[0m
2026-03-27 02:41:32 |[34;20m INFO     [0m|[34;20m nipype.workflow  [0m|[34;20m [Node] Executing "_datasink0" <mriqc.interfaces.bids.IQMFileSink>[0m
2026-03-27 02:41:32 |[34;20m INFO     [0m|[34;20m nipype.workflow  [0m|[34;20m [Node] Finished "_datasink0", elapsed time 0.001759s.[0m
2026-03-27 02:41:32 |[34;20m INFO     [0m|[34;20m nipype.workflow  [0m|[34;20m [Node] Setting-up "_ds_timeseries0" in "/local/nvme/ds004917_13.784042/ds/tmp/mriqc_wf/funcMRIQC/ComputeIQMs/dbb368d4b3a557c66797655a84a64944dcce24b6/ds_timeseries/mapflow/_ds_timeseries0".[0m
2026-03-27 02:41:32 |[34;20m INFO     [0m|[34;20m nipype.workflow  [0m|[34;20m [Node] Executing "_ds_timeseries0" <mriqc.interfaces.DerivativesDataSink>[0m
2026-03-27 02:41:32 |[34;20m INFO     [0m|[34;20m nipype.workflow  [0m|[34;20m [Node] Finished "_ds_timeseries0", elapsed time 0.0042s.[0m
2026-03-27 02:41:32 |[34;20m INFO     [0m|[34;20m nipype.workflow  [0m|[34;20m [Node] Setting-up "_ds_report_carpet0" in "/local/nvme/ds004917_13.784042/ds/tmp/mriqc_wf/funcMRIQC/func_report_wf/dbb368d4b3a557c66797655a84a64944dcce24b6/ds_report_carpet/mapflow/_ds_report_carpet0".[0m
2026-03-27 02:41:32 |[34;20m INFO     [0m|[34;20m nipype.workflow  [0m|[34;20m [Node] Executing "_ds_report_carpet0" <mriqc.interfaces.DerivativesDataSink>[0m
2026-03-27 02:41:32 |[34;20m INFO     [0m|[34;20m nipype.workflow  [0m|[34;20m [Node] Finished "_ds_report_carpet0", elapsed time 0.004852s.[0m
2026-03-27 02:41:34 |[34;20m INFO     [0m|[34;20m nipype.workflow  [0m|[34;20m Generating reports...[0m
2026-03-27 02:41:34 |[34;20m INFO     [0m|[34;20m nipype.workflow  [0m|[34;20m Report generation finished (1 reports).[0m
2026-03-27 02:41:34 |[33;20m IMPORTANT [0m|[33;20m mriqc            [0m|[33;20m Participant level finished successfully averaging 00h 05min 56s per subject.[0m
2026-03-27 02:41:34 |[34;20m INFO     [0m|[34;20m mriqc            [0m|[34;20m Generating BIDS derivatives metadata.[0m
----------------------------------------------------------------
  MRIQC completed (elapsed time 00h 05min 56s).
----------------------------------------------------------------

