------------------------------------------------------------------
  Running MRIQC version 24.1.0.dev0+gd5b13cb5.d20240826
  ----------------------------------------------------------------

  NOTICE
  Copyright © The NiPreps Developers.
  
  This product includes software developed by
  the NiPreps Community (https://nipreps.org/).
  
  Portions of this software were developed at the Department of
  Psychology at Stanford University, Stanford, CA, US.
  
  This software contains code ultimately derived from the
  PCP Quality Assessment Protocol (QAP;
  http://preprocessed-connectomes-project.org/quality-assessment-protocol)
  by C. Craddock, S. Giavasis, D. Clark, Z. Shezhad, and J. Pellman.
  
  This software is also distributed as a Docker container image.
  The bootstrapping file for the image ("Dockerfile") is licensed
  under the MIT License.

  ----------------------------------------------------------------

  * BIDS dataset path: /local/nvme/ds004917_13.784042/ds/sourcedata/raw.
  * Output folder: mriqc.
  * Analysis levels: ['participant'].
------------------------------------------------------------------

2026-03-27 02:41:46 |[33;20m IMPORTANT [0m|[33;20m mriqc            [0m|[33;20m Extracting metadata and entities for 1 input runs of modality 'dwi'...[0m
2026-03-27 02:41:46 |[33;20m IMPORTANT [0m|[33;20m mriqc            [0m|[33;20m File size ('dwi'): 0.06|0.06 GB [maximum|average].[0m
2026-03-27 02:41:46 |[34;20m INFO     [0m|[34;20m mriqc            [0m|[34;20m MRIQC config file: /local/nvme/ds004917_13.784042/ds/tmp/config-20260327-024141_ac55ac23-a336-435c-ab29-ddc785008f25.toml.[0m
2026-03-27 02:41:52 |[34;20m INFO     [0m|[34;20m matplotlib.font_manager [0m|[34;20m generated new fontManager[0m
2026-03-27 02:41:53 |[33;20m IMPORTANT [0m|[33;20m mriqc            [0m|[33;20m Building MRIQC's workflows...[0m
2026-03-27 02:41:53 |[34;20m INFO     [0m|[34;20m nipype.workflow  [0m|[34;20m Building diffusion MRIQC workflow for 1 NIfTI files..[0m
2026-03-27 02:41:59 |[33;20m IMPORTANT [0m|[33;20m mriqc            [0m|[33;20m Workflow building finished (exit code 0).[0m
2026-03-27 02:42:04 |[34;20m INFO     [0m|[34;20m nipype.workflow  [0m|[34;20m Workflow mriqc_wf settings: ['check', 'execution', 'logging', 'monitoring'][0m
2026-03-27 02:42:05 |[34;20m INFO     [0m|[34;20m nipype.workflow  [0m|[34;20m [Node] Setting-up "mriqc_wf.dwiMRIQC.ComputeIQMs.provenance" in "/local/nvme/ds004917_13.784042/ds/tmp/mriqc_wf/dwiMRIQC/ComputeIQMs/5e5ee45f451b0332f2bbb400c21a18cfb2d29a2a/provenance".[0m
2026-03-27 02:42:05 |[34;20m INFO     [0m|[34;20m nipype.workflow  [0m|[34;20m [Node] Setting-up "mriqc_wf.dwiMRIQC.load_bmat" in "/local/nvme/ds004917_13.784042/ds/tmp/mriqc_wf/dwiMRIQC/5e5ee45f451b0332f2bbb400c21a18cfb2d29a2a/load_bmat".[0m
2026-03-27 02:42:05 |[34;20m INFO     [0m|[34;20m nipype.workflow  [0m|[34;20m [Node] Setting-up "mriqc_wf.dwiMRIQC.sanitize" in "/local/nvme/ds004917_13.784042/ds/tmp/mriqc_wf/dwiMRIQC/5e5ee45f451b0332f2bbb400c21a18cfb2d29a2a/sanitize".[0m
2026-03-27 02:42:05 |[34;20m INFO     [0m|[34;20m nipype.workflow  [0m|[34;20m [Node] Executing "load_bmat" <mriqc.interfaces.diffusion.ReadDWIMetadata>[0m
2026-03-27 02:42:05 |[34;20m INFO     [0m|[34;20m nipype.workflow  [0m|[34;20m [Node] Executing "provenance" <mriqc.interfaces.reports.AddProvenance>[0m
2026-03-27 02:42:05 |[34;20m INFO     [0m|[34;20m nipype.workflow  [0m|[34;20m [Node] Executing "sanitize" <niworkflows.interfaces.header.SanitizeImage>[0m
2026-03-27 02:42:05 |[34;20m INFO     [0m|[34;20m nipype.workflow  [0m|[34;20m [Node] Finished "provenance", elapsed time 0.119988s.[0m
2026-03-27 02:42:05 |[34;20m INFO     [0m|[34;20m nipype.workflow  [0m|[34;20m [Node] Finished "load_bmat", elapsed time 0.215338s.[0m
2026-03-27 02:42:06 |[34;20m INFO     [0m|[34;20m nipype.workflow  [0m|[34;20m [Node] Setting-up "mriqc_wf.dwiMRIQC.shells" in "/local/nvme/ds004917_13.784042/ds/tmp/mriqc_wf/dwiMRIQC/5e5ee45f451b0332f2bbb400c21a18cfb2d29a2a/shells".[0m
2026-03-27 02:42:06 |[34;20m INFO     [0m|[34;20m nipype.workflow  [0m|[34;20m [Node] Executing "shells" <mriqc.interfaces.diffusion.NumberOfShells>[0m
2026-03-27 02:42:06 |[34;20m INFO     [0m|[34;20m nipype.workflow  [0m|[34;20m [Node] Finished "shells", elapsed time 0.003783s.[0m
2026-03-27 02:42:07 |[34;20m INFO     [0m|[34;20m nipype.workflow  [0m|[34;20m [Node] Finished "sanitize", elapsed time 2.670845s.[0m
2026-03-27 02:42:08 |[34;20m INFO     [0m|[34;20m nipype.workflow  [0m|[34;20m [Node] Setting-up "mriqc_wf.dwiMRIQC.piesno" in "/local/nvme/ds004917_13.784042/ds/tmp/mriqc_wf/dwiMRIQC/5e5ee45f451b0332f2bbb400c21a18cfb2d29a2a/piesno".[0m
2026-03-27 02:42:08 |[34;20m INFO     [0m|[34;20m nipype.workflow  [0m|[34;20m [Node] Setting-up "mriqc_wf.dwiMRIQC.dwi_ref" in "/local/nvme/ds004917_13.784042/ds/tmp/mriqc_wf/dwiMRIQC/5e5ee45f451b0332f2bbb400c21a18cfb2d29a2a/dwi_ref".[0m
2026-03-27 02:42:08 |[34;20m INFO     [0m|[34;20m nipype.workflow  [0m|[34;20m [Node] Executing "piesno" <mriqc.interfaces.diffusion.PIESNO>[0m
2026-03-27 02:42:08 |[34;20m INFO     [0m|[34;20m nipype.workflow  [0m|[34;20m [Node] Executing "dwi_ref" <niworkflows.interfaces.images.RobustAverage>[0m
2026-03-27 02:42:09 |[34;20m INFO     [0m|[34;20m nipype.workflow  [0m|[34;20m [Node] Finished "dwi_ref", elapsed time 0.947234s.[0m
2026-03-27 02:42:10 |[34;20m INFO     [0m|[34;20m nipype.workflow  [0m|[34;20m [Node] Setting-up "mriqc_wf.dwiMRIQC.get_lowb" in "/local/nvme/ds004917_13.784042/ds/tmp/mriqc_wf/dwiMRIQC/5e5ee45f451b0332f2bbb400c21a18cfb2d29a2a/get_lowb".[0m
2026-03-27 02:42:10 |[34;20m INFO     [0m|[34;20m nipype.workflow  [0m|[34;20m [Node] Executing "get_lowb" <mriqc.interfaces.diffusion.ExtractOrientations>[0m
2026-03-27 02:42:11 |[34;20m INFO     [0m|[34;20m nipype.workflow  [0m|[34;20m [Node] Finished "get_lowb", elapsed time 0.667465s.[0m
2026-03-27 02:42:12 |[34;20m INFO     [0m|[34;20m nipype.workflow  [0m|[34;20m [Node] Setting-up "mriqc_wf.dwiMRIQC.synthstrip_wf.pre_clip" in "/local/nvme/ds004917_13.784042/ds/tmp/mriqc_wf/dwiMRIQC/synthstrip_wf/5e5ee45f451b0332f2bbb400c21a18cfb2d29a2a/pre_clip".[0m
2026-03-27 02:42:12 |[34;20m INFO     [0m|[34;20m nipype.workflow  [0m|[34;20m [Node] Setting-up "mriqc_wf.dwiMRIQC.SpatialNormalization.SharpenEPI" in "/local/nvme/ds004917_13.784042/ds/tmp/mriqc_wf/dwiMRIQC/SpatialNormalization/5e5ee45f451b0332f2bbb400c21a18cfb2d29a2a/SharpenEPI".[0m
2026-03-27 02:42:12 |[34;20m INFO     [0m|[34;20m nipype.workflow  [0m|[34;20m [Node] Executing "pre_clip" <niworkflows.interfaces.nibabel.IntensityClip>[0m
2026-03-27 02:42:12 |[34;20m INFO     [0m|[34;20m nipype.workflow  [0m|[34;20m [Node] Executing "SharpenEPI" <nipype.interfaces.ants.segmentation.N4BiasFieldCorrection>[0m
2026-03-27 02:42:14 |[34;20m INFO     [0m|[34;20m nipype.workflow  [0m|[34;20m [Node] Finished "pre_clip", elapsed time 2.014377s.[0m
2026-03-27 02:42:22 |[34;20m INFO     [0m|[34;20m nipype.workflow  [0m|[34;20m [Node] Finished "piesno", elapsed time 13.662115s.[0m
2026-03-27 02:42:24 |[34;20m INFO     [0m|[34;20m nipype.workflow  [0m|[34;20m [Node] Finished "SharpenEPI", elapsed time 11.553962s.[0m
2026-03-27 02:42:24 |[34;20m INFO     [0m|[34;20m nipype.workflow  [0m|[34;20m [Node] Setting-up "mriqc_wf.dwiMRIQC.hmc_b0" in "/local/nvme/ds004917_13.784042/ds/tmp/mriqc_wf/dwiMRIQC/5e5ee45f451b0332f2bbb400c21a18cfb2d29a2a/hmc_b0".[0m
2026-03-27 02:42:24 |[34;20m INFO     [0m|[34;20m nipype.workflow  [0m|[34;20m [Node] Executing "hmc_b0" <nipype.interfaces.afni.preprocess.Volreg>[0m
2026-03-27 02:42:38 |[34;20m INFO     [0m|[34;20m nipype.workflow  [0m|[34;20m [Node] Finished "hmc_b0", elapsed time 13.283367s.[0m
2026-03-27 02:42:39 |[34;20m INFO     [0m|[34;20m nipype.workflow  [0m|[34;20m [Node] Setting-up "mriqc_wf.dwiMRIQC.synthstrip_wf.pre_n4" in "/local/nvme/ds004917_13.784042/ds/tmp/mriqc_wf/dwiMRIQC/synthstrip_wf/5e5ee45f451b0332f2bbb400c21a18cfb2d29a2a/pre_n4".[0m
2026-03-27 02:42:39 |[34;20m INFO     [0m|[34;20m nipype.workflow  [0m|[34;20m [Node] Executing "pre_n4" <nipype.interfaces.ants.segmentation.N4BiasFieldCorrection>[0m
2026-03-27 02:42:42 |[34;20m INFO     [0m|[34;20m nipype.workflow  [0m|[34;20m [Node] Finished "pre_n4", elapsed time 3.18833s.[0m
2026-03-27 02:42:43 |[34;20m INFO     [0m|[34;20m nipype.workflow  [0m|[34;20m [Node] Setting-up "mriqc_wf.dwiMRIQC.synthstrip_wf.synthstrip" in "/local/nvme/ds004917_13.784042/ds/tmp/mriqc_wf/dwiMRIQC/synthstrip_wf/5e5ee45f451b0332f2bbb400c21a18cfb2d29a2a/synthstrip".[0m
2026-03-27 02:42:43 |[34;20m INFO     [0m|[34;20m nipype.workflow  [0m|[34;20m [Node] Executing "synthstrip" <mriqc.interfaces.synthstrip.SynthStrip>[0m
2026-03-27 02:43:01 |[34;20m INFO     [0m|[34;20m nipype.workflow  [0m|[34;20m [Node] Finished "synthstrip", elapsed time 18.635358s.[0m
2026-03-27 02:43:02 |[34;20m INFO     [0m|[34;20m nipype.workflow  [0m|[34;20m [Node] Setting-up "mriqc_wf.dwiMRIQC.synthstrip_wf.post_n4" in "/local/nvme/ds004917_13.784042/ds/tmp/mriqc_wf/dwiMRIQC/synthstrip_wf/5e5ee45f451b0332f2bbb400c21a18cfb2d29a2a/post_n4".[0m
2026-03-27 02:43:02 |[34;20m INFO     [0m|[34;20m nipype.workflow  [0m|[34;20m [Node] Executing "post_n4" <nipype.interfaces.ants.segmentation.N4BiasFieldCorrection>[0m
2026-03-27 02:43:05 |[34;20m INFO     [0m|[34;20m nipype.workflow  [0m|[34;20m [Node] Finished "post_n4", elapsed time 1.824904s.[0m
2026-03-27 02:43:06 |[34;20m INFO     [0m|[34;20m nipype.workflow  [0m|[34;20m [Node] Setting-up "mriqc_wf.dwiMRIQC.sp_mask" in "/local/nvme/ds004917_13.784042/ds/tmp/mriqc_wf/dwiMRIQC/5e5ee45f451b0332f2bbb400c21a18cfb2d29a2a/sp_mask".[0m
2026-03-27 02:43:06 |[34;20m INFO     [0m|[34;20m nipype.workflow  [0m|[34;20m [Node] Setting-up "mriqc_wf.dwiMRIQC.drift" in "/local/nvme/ds004917_13.784042/ds/tmp/mriqc_wf/dwiMRIQC/5e5ee45f451b0332f2bbb400c21a18cfb2d29a2a/drift".[0m
2026-03-27 02:43:06 |[34;20m INFO     [0m|[34;20m nipype.workflow  [0m|[34;20m [Node] Executing "sp_mask" <mriqc.interfaces.diffusion.SpikingVoxelsMask>[0m
2026-03-27 02:43:06 |[34;20m INFO     [0m|[34;20m nipype.workflow  [0m|[34;20m [Node] Executing "drift" <mriqc.interfaces.diffusion.CorrectSignalDrift>[0m
2026-03-27 02:43:07 |[34;20m INFO     [0m|[34;20m nipype.interface [0m|[34;20m Correcting drift with 3 b=0 volumes, with global signal estimated at 1.0, 0.99, 0.9425.[0m
2026-03-27 02:43:10 |[34;20m INFO     [0m|[34;20m nipype.workflow  [0m|[34;20m [Node] Finished "drift", elapsed time 3.629239s.[0m
2026-03-27 02:43:11 |[34;20m INFO     [0m|[34;20m nipype.workflow  [0m|[34;20m [Node] Setting-up "mriqc_wf.dwiMRIQC.synthstrip_wf.final_masked" in "/local/nvme/ds004917_13.784042/ds/tmp/mriqc_wf/dwiMRIQC/synthstrip_wf/5e5ee45f451b0332f2bbb400c21a18cfb2d29a2a/final_masked".[0m
2026-03-27 02:43:11 |[34;20m INFO     [0m|[34;20m nipype.workflow  [0m|[34;20m [Node] Executing "final_masked" <niworkflows.interfaces.nibabel.ApplyMask>[0m
2026-03-27 02:43:11 |[34;20m INFO     [0m|[34;20m nipype.workflow  [0m|[34;20m [Node] Finished "final_masked", elapsed time 0.082203s.[0m
2026-03-27 02:43:12 |[34;20m INFO     [0m|[34;20m nipype.workflow  [0m|[34;20m [Node] Setting-up "_averages0" in "/local/nvme/ds004917_13.784042/ds/tmp/mriqc_wf/dwiMRIQC/5e5ee45f451b0332f2bbb400c21a18cfb2d29a2a/averages/mapflow/_averages0".[0m
2026-03-27 02:43:12 |[34;20m INFO     [0m|[34;20m nipype.workflow  [0m|[34;20m [Node] Executing "_averages0" <mriqc.interfaces.diffusion.WeightedStat>[0m
2026-03-27 02:43:14 |[34;20m INFO     [0m|[34;20m nipype.workflow  [0m|[34;20m [Node] Finished "_averages0", elapsed time 1.059798s.[0m
2026-03-27 02:43:14 |[34;20m INFO     [0m|[34;20m nipype.workflow  [0m|[34;20m [Node] Finished "sp_mask", elapsed time 7.377249s.[0m
2026-03-27 02:43:14 |[34;20m INFO     [0m|[34;20m nipype.workflow  [0m|[34;20m [Node] Setting-up "mriqc_wf.dwiMRIQC.SpatialNormalization.EPI2MNI" in "/local/nvme/ds004917_13.784042/ds/tmp/mriqc_wf/dwiMRIQC/SpatialNormalization/5e5ee45f451b0332f2bbb400c21a18cfb2d29a2a/EPI2MNI".[0m
2026-03-27 02:43:14 |[34;20m INFO     [0m|[34;20m nipype.workflow  [0m|[34;20m [Node] Executing "EPI2MNI" <niworkflows.interfaces.reportlets.registration.SpatialNormalizationRPT>[0m
2026-03-27 02:43:14 |[34;20m INFO     [0m|[34;20m niworkflows      [0m|[34;20m Estimating initial transform using AffineInitializer[0m
2026-03-27 02:43:22 |[34;20m INFO     [0m|[34;20m niworkflows      [0m|[34;20m Loading settings from file /opt/conda/lib/python3.11/site-packages/niworkflows/data/boldref-mni_registration_precise_000.json.[0m
2026-03-27 02:43:22 |[34;20m INFO     [0m|[34;20m niworkflows      [0m|[34;20m Retry #1, commandline: 
antsRegistration --collapse-output-transforms 1 --dimensionality 3 --float 0 --initial-moving-transform [ /local/nvme/ds004917_13.784042/ds/tmp/mriqc_wf/dwiMRIQC/SpatialNormalization/5e5ee45f451b0332f2bbb400c21a18cfb2d29a2a/EPI2MNI/transform.mat, 0 ] --initialize-transforms-per-stage 0 --interpolation LanczosWindowedSinc --output [ epi_to_mni, epi_to_mni_Warped.nii.gz ] --transform Rigid[ 0.05 ] --metric Mattes[ /templateflow/tpl-MNI152NLin2009cAsym/tpl-MNI152NLin2009cAsym_res-02_desc-fMRIPrep_boldref.nii.gz, /local/nvme/ds004917_13.784042/ds/tmp/mriqc_wf/dwiMRIQC/SpatialNormalization/5e5ee45f451b0332f2bbb400c21a18cfb2d29a2a/SharpenEPI/sub-13_dwi_valid_average_corrected.nii.gz, 1, 56, Regular, 0.25 ] --convergence [ 10000x1000x100, 1e-06, 20 ] --smoothing-sigmas 4.0x2.0x1.0vox --shrink-factors 4x2x1 --use-histogram-matching 1 --masks [ /templateflow/tpl-MNI152NLin2009cAsym/tpl-MNI152NLin2009cAsym_res-02_desc-brain_mask.nii.gz, /local/nvme/ds004917_13.784042/ds/tmp/mriqc_wf/dwiMRIQC/synthstrip_wf/5e5ee45f451b0332f2bbb400c21a18cfb2d29a2a/synthstrip/clipped_corrected_desc-brain_mask.nii.gz ] --transform Affine[ 0.08 ] --metric Mattes[ /templateflow/tpl-MNI152NLin2009cAsym/tpl-MNI152NLin2009cAsym_res-02_desc-fMRIPrep_boldref.nii.gz, /local/nvme/ds004917_13.784042/ds/tmp/mriqc_wf/dwiMRIQC/SpatialNormalization/5e5ee45f451b0332f2bbb400c21a18cfb2d29a2a/SharpenEPI/sub-13_dwi_valid_average_corrected.nii.gz, 1, 56, Regular, 0.25 ] --convergence [ 500x250x100, 1e-06, 20 ] --smoothing-sigmas 4.0x2.0x1.0vox --shrink-factors 8x4x2 --use-histogram-matching 1 --masks [ /templateflow/tpl-MNI152NLin2009cAsym/tpl-MNI152NLin2009cAsym_res-02_desc-brain_mask.nii.gz, /local/nvme/ds004917_13.784042/ds/tmp/mriqc_wf/dwiMRIQC/synthstrip_wf/5e5ee45f451b0332f2bbb400c21a18cfb2d29a2a/synthstrip/clipped_corrected_desc-brain_mask.nii.gz ] --transform SyN[ 0.1, 3.0, 0.0 ] --metric CC[ /templateflow/tpl-MNI152NLin2009cAsym/tpl-MNI152NLin2009cAsym_res-02_desc-fMRIPrep_boldref.nii.gz, /local/nvme/ds004917_13.784042/ds/tmp/mriqc_wf/dwiMRIQC/SpatialNormalization/5e5ee45f451b0332f2bbb400c21a18cfb2d29a2a/SharpenEPI/sub-13_dwi_valid_average_corrected.nii.gz, 1, 4, None, 1 ] --convergence [ 100x30x20, 1e-06, 10 ] --smoothing-sigmas 3.0x2.0x1.0vox --shrink-factors 8x4x2 --use-histogram-matching 1 --masks [ /templateflow/tpl-MNI152NLin2009cAsym/tpl-MNI152NLin2009cAsym_res-02_desc-brain_mask.nii.gz, /local/nvme/ds004917_13.784042/ds/tmp/mriqc_wf/dwiMRIQC/synthstrip_wf/5e5ee45f451b0332f2bbb400c21a18cfb2d29a2a/synthstrip/clipped_corrected_desc-brain_mask.nii.gz ] --winsorize-image-intensities [ 0.005, 0.995 ]  --write-composite-transform 1[0m
2026-03-27 02:43:35 |[34;20m INFO     [0m|[34;20m niworkflows      [0m|[34;20m Successful spatial normalization (retry #1).[0m
2026-03-27 02:43:35 |[34;20m INFO     [0m|[34;20m niworkflows      [0m|[34;20m Report - setting fixed (/templateflow/tpl-MNI152NLin2009cAsym/tpl-MNI152NLin2009cAsym_res-02_desc-fMRIPrep_boldref.nii.gz) and moving (/local/nvme/ds004917_13.784042/ds/tmp/mriqc_wf/dwiMRIQC/SpatialNormalization/5e5ee45f451b0332f2bbb400c21a18cfb2d29a2a/EPI2MNI/epi_to_mni_Warped.nii.gz) images[0m
2026-03-27 02:43:35 |[34;20m INFO     [0m|[34;20m niworkflows      [0m|[34;20m Generating visual report[0m
2026-03-27 02:43:52 |[34;20m INFO     [0m|[34;20m nipype.workflow  [0m|[34;20m [Node] Finished "EPI2MNI", elapsed time 37.467209s.[0m
2026-03-27 02:43:52 |[34;20m INFO     [0m|[34;20m nipype.workflow  [0m|[34;20m [Node] Setting-up "mriqc_wf.dwiMRIQC.dwidenoise" in "/local/nvme/ds004917_13.784042/ds/tmp/mriqc_wf/dwiMRIQC/5e5ee45f451b0332f2bbb400c21a18cfb2d29a2a/dwidenoise".[0m
2026-03-27 02:43:52 |[34;20m INFO     [0m|[34;20m nipype.workflow  [0m|[34;20m [Node] Executing "dwidenoise" <nipype.interfaces.mrtrix3.preprocess.DWIDenoise>[0m
2026-03-27 02:44:02 |[34;20m INFO     [0m|[34;20m nipype.workflow  [0m|[34;20m [Node] Finished "dwidenoise", elapsed time 9.884616s.[0m
2026-03-27 02:44:02 |[34;20m INFO     [0m|[34;20m nipype.workflow  [0m|[34;20m [Node] Setting-up "mriqc_wf.dwiMRIQC.SpatialNormalization.ResampleSegmentation" in "/local/nvme/ds004917_13.784042/ds/tmp/mriqc_wf/dwiMRIQC/SpatialNormalization/5e5ee45f451b0332f2bbb400c21a18cfb2d29a2a/ResampleSegmentation".[0m
2026-03-27 02:44:02 |[34;20m INFO     [0m|[34;20m nipype.workflow  [0m|[34;20m [Node] Setting-up "mriqc_wf.dwiMRIQC.ComputeIQMs.estimate_sigma" in "/local/nvme/ds004917_13.784042/ds/tmp/mriqc_wf/dwiMRIQC/ComputeIQMs/5e5ee45f451b0332f2bbb400c21a18cfb2d29a2a/estimate_sigma".[0m
2026-03-27 02:44:02 |[34;20m INFO     [0m|[34;20m nipype.workflow  [0m|[34;20m [Node] Setting-up "_averages1" in "/local/nvme/ds004917_13.784042/ds/tmp/mriqc_wf/dwiMRIQC/5e5ee45f451b0332f2bbb400c21a18cfb2d29a2a/averages/mapflow/_averages1".[0m
2026-03-27 02:44:02 |[34;20m INFO     [0m|[34;20m nipype.workflow  [0m|[34;20m [Node] Executing "estimate_sigma" <nipype.interfaces.utility.wrappers.Function>[0m
2026-03-27 02:44:02 |[34;20m INFO     [0m|[34;20m nipype.workflow  [0m|[34;20m [Node] Executing "_averages1" <mriqc.interfaces.diffusion.WeightedStat>[0m
2026-03-27 02:44:02 |[34;20m INFO     [0m|[34;20m nipype.workflow  [0m|[34;20m [Node] Executing "ResampleSegmentation" <nipype.interfaces.ants.resampling.ApplyTransforms>[0m
2026-03-27 02:44:03 |[34;20m INFO     [0m|[34;20m nipype.workflow  [0m|[34;20m [Node] Finished "estimate_sigma", elapsed time 0.0704s.[0m
2026-03-27 02:44:03 |[34;20m INFO     [0m|[34;20m nipype.workflow  [0m|[34;20m [Node] Finished "_averages1", elapsed time 0.86901s.[0m
2026-03-27 02:44:04 |[34;20m INFO     [0m|[34;20m nipype.workflow  [0m|[34;20m [Node] Setting-up "_averages0" in "/local/nvme/ds004917_13.784042/ds/tmp/mriqc_wf/dwiMRIQC/5e5ee45f451b0332f2bbb400c21a18cfb2d29a2a/averages/mapflow/_averages0".[0m
2026-03-27 02:44:04 |[34;20m INFO     [0m|[34;20m nipype.workflow  [0m|[34;20m [Node] Cached "_averages0" - collecting precomputed outputs[0m
2026-03-27 02:44:04 |[34;20m INFO     [0m|[34;20m nipype.workflow  [0m|[34;20m [Node] "_averages0" found cached.[0m
2026-03-27 02:44:04 |[34;20m INFO     [0m|[34;20m nipype.workflow  [0m|[34;20m [Node] Setting-up "_averages1" in "/local/nvme/ds004917_13.784042/ds/tmp/mriqc_wf/dwiMRIQC/5e5ee45f451b0332f2bbb400c21a18cfb2d29a2a/averages/mapflow/_averages1".[0m
2026-03-27 02:44:04 |[34;20m INFO     [0m|[34;20m nipype.workflow  [0m|[34;20m [Node] Cached "_averages1" - collecting precomputed outputs[0m
2026-03-27 02:44:04 |[34;20m INFO     [0m|[34;20m nipype.workflow  [0m|[34;20m [Node] "_averages1" found cached.[0m
2026-03-27 02:44:06 |[34;20m INFO     [0m|[34;20m nipype.workflow  [0m|[34;20m [Node] Setting-up "_stddev0" in "/local/nvme/ds004917_13.784042/ds/tmp/mriqc_wf/dwiMRIQC/5e5ee45f451b0332f2bbb400c21a18cfb2d29a2a/stddev/mapflow/_stddev0".[0m
2026-03-27 02:44:06 |[34;20m INFO     [0m|[34;20m nipype.workflow  [0m|[34;20m [Node] Executing "_stddev0" <mriqc.interfaces.diffusion.WeightedStat>[0m
2026-03-27 02:44:08 |[34;20m INFO     [0m|[34;20m nipype.workflow  [0m|[34;20m [Node] Finished "_stddev0", elapsed time 1.119649s.[0m
2026-03-27 02:44:08 |[34;20m INFO     [0m|[34;20m nipype.workflow  [0m|[34;20m [Node] Finished "ResampleSegmentation", elapsed time 5.17825s.[0m
2026-03-27 02:44:08 |[34;20m INFO     [0m|[34;20m nipype.workflow  [0m|[34;20m [Node] Setting-up "mriqc_wf.dwiMRIQC.dMRI_HMC.motion_correct" in "/local/nvme/ds004917_13.784042/ds/tmp/mriqc_wf/dwiMRIQC/dMRI_HMC/5e5ee45f451b0332f2bbb400c21a18cfb2d29a2a/motion_correct".[0m
2026-03-27 02:44:08 |[34;20m INFO     [0m|[34;20m nipype.workflow  [0m|[34;20m [Node] Executing "motion_correct" <nipype.interfaces.afni.preprocess.Volreg>[0m
2026-03-27 02:49:08 |[34;20m INFO     [0m|[34;20m nipype.workflow  [0m|[34;20m [Node] Finished "motion_correct", elapsed time 299.342271s.[0m
2026-03-27 02:49:08 |[34;20m INFO     [0m|[34;20m nipype.workflow  [0m|[34;20m [Node] Setting-up "mriqc_wf.dwiMRIQC.dwimodel" in "/local/nvme/ds004917_13.784042/ds/tmp/mriqc_wf/dwiMRIQC/5e5ee45f451b0332f2bbb400c21a18cfb2d29a2a/dwimodel".[0m
2026-03-27 02:49:08 |[34;20m INFO     [0m|[34;20m nipype.workflow  [0m|[34;20m [Node] Executing "dwimodel" <mriqc.interfaces.diffusion.DiffusionModel>[0m
2026-03-27 02:49:16 |[34;20m INFO     [0m|[34;20m nipype.workflow  [0m|[34;20m [Node] Finished "dwimodel", elapsed time 7.139486s.[0m
2026-03-27 02:49:16 |[34;20m INFO     [0m|[34;20m nipype.workflow  [0m|[34;20m [Node] Setting-up "mriqc_wf.dwiMRIQC.dwi_report_wf.get_wm" in "/local/nvme/ds004917_13.784042/ds/tmp/mriqc_wf/dwiMRIQC/dwi_report_wf/5e5ee45f451b0332f2bbb400c21a18cfb2d29a2a/get_wm".[0m
2026-03-27 02:49:16 |[34;20m INFO     [0m|[34;20m nipype.workflow  [0m|[34;20m [Node] Setting-up "mriqc_wf.dwiMRIQC.dMRI_HMC.ComputeFD" in "/local/nvme/ds004917_13.784042/ds/tmp/mriqc_wf/dwiMRIQC/dMRI_HMC/5e5ee45f451b0332f2bbb400c21a18cfb2d29a2a/ComputeFD".[0m
2026-03-27 02:49:16 |[34;20m INFO     [0m|[34;20m nipype.workflow  [0m|[34;20m [Node] Setting-up "mriqc_wf.dwiMRIQC.dMRI_HMC.bvec_rot" in "/local/nvme/ds004917_13.784042/ds/tmp/mriqc_wf/dwiMRIQC/dMRI_HMC/5e5ee45f451b0332f2bbb400c21a18cfb2d29a2a/bvec_rot".[0m
2026-03-27 02:49:16 |[34;20m INFO     [0m|[34;20m nipype.workflow  [0m|[34;20m [Node] Setting-up "mriqc_wf.dwiMRIQC.cc_mask" in "/local/nvme/ds004917_13.784042/ds/tmp/mriqc_wf/dwiMRIQC/5e5ee45f451b0332f2bbb400c21a18cfb2d29a2a/cc_mask".[0m
2026-03-27 02:49:16 |[34;20m INFO     [0m|[34;20m nipype.workflow  [0m|[34;20m [Node] Executing "get_wm" <nipype.interfaces.utility.wrappers.Function>[0m
2026-03-27 02:49:16 |[34;20m INFO     [0m|[34;20m nipype.workflow  [0m|[34;20m [Node] Setting-up "_get_hmc_shells0" in "/local/nvme/ds004917_13.784042/ds/tmp/mriqc_wf/dwiMRIQC/5e5ee45f451b0332f2bbb400c21a18cfb2d29a2a/get_hmc_shells/mapflow/_get_hmc_shells0".[0m
2026-03-27 02:49:16 |[34;20m INFO     [0m|[34;20m nipype.workflow  [0m|[34;20m [Node] Executing "_get_hmc_shells0" <mriqc.interfaces.diffusion.ExtractOrientations>[0m
2026-03-27 02:49:16 |[34;20m INFO     [0m|[34;20m nipype.workflow  [0m|[34;20m [Node] Executing "cc_mask" <mriqc.interfaces.diffusion.CCSegmentation>[0m
2026-03-27 02:49:16 |[34;20m INFO     [0m|[34;20m nipype.workflow  [0m|[34;20m [Node] Executing "bvec_rot" <mriqc.interfaces.diffusion.RotateVectors>[0m
2026-03-27 02:49:16 |[34;20m INFO     [0m|[34;20m nipype.workflow  [0m|[34;20m [Node] Executing "ComputeFD" <nipype.algorithms.confounds.FramewiseDisplacement>[0m
2026-03-27 02:49:16 |[34;20m INFO     [0m|[34;20m nipype.workflow  [0m|[34;20m [Node] Finished "ComputeFD", elapsed time 0.002227s.[0m
2026-03-27 02:49:17 |[34;20m INFO     [0m|[34;20m nipype.workflow  [0m|[34;20m [Node] Finished "bvec_rot", elapsed time 0.067731s.[0m
2026-03-27 02:49:17 |[34;20m INFO     [0m|[34;20m nipype.workflow  [0m|[34;20m [Node] Finished "get_wm", elapsed time 0.080383s.[0m
2026-03-27 02:49:18 |[34;20m INFO     [0m|[34;20m nipype.workflow  [0m|[34;20m [Node] Finished "cc_mask", elapsed time 1.122132s.[0m
2026-03-27 02:49:18 |[34;20m INFO     [0m|[34;20m nipype.workflow  [0m|[34;20m [Node] Finished "_get_hmc_shells0", elapsed time 1.746423s.[0m
2026-03-27 02:49:18 |[34;20m INFO     [0m|[34;20m nipype.workflow  [0m|[34;20m [Node] Setting-up "mriqc_wf.dwiMRIQC.dwi_report_wf.mosaic_fa" in "/local/nvme/ds004917_13.784042/ds/tmp/mriqc_wf/dwiMRIQC/dwi_report_wf/5e5ee45f451b0332f2bbb400c21a18cfb2d29a2a/mosaic_fa".[0m
2026-03-27 02:49:18 |[34;20m INFO     [0m|[34;20m nipype.workflow  [0m|[34;20m [Node] Setting-up "mriqc_wf.dwiMRIQC.dwi_report_wf.mosaic_md" in "/local/nvme/ds004917_13.784042/ds/tmp/mriqc_wf/dwiMRIQC/dwi_report_wf/5e5ee45f451b0332f2bbb400c21a18cfb2d29a2a/mosaic_md".[0m
2026-03-27 02:49:18 |[34;20m INFO     [0m|[34;20m nipype.workflow  [0m|[34;20m [Node] Executing "mosaic_md" <nireports.interfaces.mosaic.PlotMosaic>[0m
2026-03-27 02:49:18 |[34;20m INFO     [0m|[34;20m nipype.workflow  [0m|[34;20m [Node] Executing "mosaic_fa" <nireports.interfaces.mosaic.PlotMosaic>[0m
2026-03-27 02:49:20 |[34;20m INFO     [0m|[34;20m nipype.workflow  [0m|[34;20m [Node] Finished "mosaic_md", elapsed time 1.618536s.[0m
2026-03-27 02:49:20 |[34;20m INFO     [0m|[34;20m nipype.workflow  [0m|[34;20m [Node] Finished "mosaic_fa", elapsed time 1.646607s.[0m
2026-03-27 02:49:20 |[34;20m INFO     [0m|[34;20m nipype.workflow  [0m|[34;20m [Node] Setting-up "mriqc_wf.dwiMRIQC.dwi_report_wf.plot_heatmap" in "/local/nvme/ds004917_13.784042/ds/tmp/mriqc_wf/dwiMRIQC/dwi_report_wf/5e5ee45f451b0332f2bbb400c21a18cfb2d29a2a/plot_heatmap".[0m
2026-03-27 02:49:20 |[34;20m INFO     [0m|[34;20m nipype.workflow  [0m|[34;20m [Node] Executing "plot_heatmap" <nireports.interfaces.dmri.DWIHeatmap>[0m
2026-03-27 02:49:23 |[34;20m INFO     [0m|[34;20m nipype.workflow  [0m|[34;20m [Node] Finished "plot_heatmap", elapsed time 2.058285s.[0m
2026-03-27 02:49:24 |[34;20m INFO     [0m|[34;20m nipype.workflow  [0m|[34;20m [Node] Setting-up "mriqc_wf.dwiMRIQC.dwi_report_wf.ds_report_fa" in "/local/nvme/ds004917_13.784042/ds/tmp/mriqc_wf/dwiMRIQC/dwi_report_wf/5e5ee45f451b0332f2bbb400c21a18cfb2d29a2a/ds_report_fa".[0m
2026-03-27 02:49:24 |[34;20m INFO     [0m|[34;20m nipype.workflow  [0m|[34;20m [Node] Executing "ds_report_fa" <mriqc.interfaces.DerivativesDataSink>[0m
2026-03-27 02:49:24 |[34;20m INFO     [0m|[34;20m nipype.workflow  [0m|[34;20m [Node] Finished "ds_report_fa", elapsed time 0.009185s.[0m
2026-03-27 02:49:25 |[34;20m INFO     [0m|[34;20m nipype.workflow  [0m|[34;20m [Node] Setting-up "mriqc_wf.dwiMRIQC.dwi_report_wf.ds_report_md" in "/local/nvme/ds004917_13.784042/ds/tmp/mriqc_wf/dwiMRIQC/dwi_report_wf/5e5ee45f451b0332f2bbb400c21a18cfb2d29a2a/ds_report_md".[0m
2026-03-27 02:49:25 |[34;20m INFO     [0m|[34;20m nipype.workflow  [0m|[34;20m [Node] Executing "ds_report_md" <mriqc.interfaces.DerivativesDataSink>[0m
2026-03-27 02:49:25 |[34;20m INFO     [0m|[34;20m nipype.workflow  [0m|[34;20m [Node] Finished "ds_report_md", elapsed time 0.005219s.[0m
2026-03-27 02:49:25 |[34;20m INFO     [0m|[34;20m nipype.workflow  [0m|[34;20m [Node] Setting-up "mriqc_wf.dwiMRIQC.dwi_report_wf.ds_report_hm" in "/local/nvme/ds004917_13.784042/ds/tmp/mriqc_wf/dwiMRIQC/dwi_report_wf/5e5ee45f451b0332f2bbb400c21a18cfb2d29a2a/ds_report_hm".[0m
2026-03-27 02:49:25 |[34;20m INFO     [0m|[34;20m nipype.workflow  [0m|[34;20m [Node] Executing "ds_report_hm" <mriqc.interfaces.DerivativesDataSink>[0m
2026-03-27 02:49:25 |[34;20m INFO     [0m|[34;20m nipype.workflow  [0m|[34;20m [Node] Finished "ds_report_hm", elapsed time 0.005012s.[0m
2026-03-27 02:49:25 |[34;20m INFO     [0m|[34;20m nipype.workflow  [0m|[34;20m [Node] Setting-up "_stddev1" in "/local/nvme/ds004917_13.784042/ds/tmp/mriqc_wf/dwiMRIQC/5e5ee45f451b0332f2bbb400c21a18cfb2d29a2a/stddev/mapflow/_stddev1".[0m
2026-03-27 02:49:25 |[34;20m INFO     [0m|[34;20m nipype.workflow  [0m|[34;20m [Node] Setting-up "_mosaic_noise0" in "/local/nvme/ds004917_13.784042/ds/tmp/mriqc_wf/dwiMRIQC/dwi_report_wf/5e5ee45f451b0332f2bbb400c21a18cfb2d29a2a/mosaic_noise/mapflow/_mosaic_noise0".[0m
2026-03-27 02:49:25 |[34;20m INFO     [0m|[34;20m nipype.workflow  [0m|[34;20m [Node] Executing "_stddev1" <mriqc.interfaces.diffusion.WeightedStat>[0m
2026-03-27 02:49:25 |[34;20m INFO     [0m|[34;20m nipype.workflow  [0m|[34;20m [Node] Executing "_mosaic_noise0" <nireports.interfaces.mosaic.PlotMosaic>[0m
2026-03-27 02:49:26 |[34;20m INFO     [0m|[34;20m nipype.workflow  [0m|[34;20m [Node] Finished "_stddev1", elapsed time 1.168467s.[0m
2026-03-27 02:49:26 |[34;20m INFO     [0m|[34;20m nipype.workflow  [0m|[34;20m [Node] Setting-up "_stddev0" in "/local/nvme/ds004917_13.784042/ds/tmp/mriqc_wf/dwiMRIQC/5e5ee45f451b0332f2bbb400c21a18cfb2d29a2a/stddev/mapflow/_stddev0".[0m
2026-03-27 02:49:26 |[34;20m INFO     [0m|[34;20m nipype.workflow  [0m|[34;20m [Node] Cached "_stddev0" - collecting precomputed outputs[0m
2026-03-27 02:49:26 |[34;20m INFO     [0m|[34;20m nipype.workflow  [0m|[34;20m [Node] "_stddev0" found cached.[0m
2026-03-27 02:49:26 |[34;20m INFO     [0m|[34;20m nipype.workflow  [0m|[34;20m [Node] Setting-up "_stddev1" in "/local/nvme/ds004917_13.784042/ds/tmp/mriqc_wf/dwiMRIQC/5e5ee45f451b0332f2bbb400c21a18cfb2d29a2a/stddev/mapflow/_stddev1".[0m
2026-03-27 02:49:26 |[34;20m INFO     [0m|[34;20m nipype.workflow  [0m|[34;20m [Node] Cached "_stddev1" - collecting precomputed outputs[0m
2026-03-27 02:49:26 |[34;20m INFO     [0m|[34;20m nipype.workflow  [0m|[34;20m [Node] "_stddev1" found cached.[0m
2026-03-27 02:49:27 |[34;20m INFO     [0m|[34;20m nipype.workflow  [0m|[34;20m [Node] Finished "_mosaic_noise0", elapsed time 2.361525s.[0m
2026-03-27 02:49:28 |[34;20m INFO     [0m|[34;20m nipype.workflow  [0m|[34;20m [Node] Setting-up "_get_hmc_shells1" in "/local/nvme/ds004917_13.784042/ds/tmp/mriqc_wf/dwiMRIQC/5e5ee45f451b0332f2bbb400c21a18cfb2d29a2a/get_hmc_shells/mapflow/_get_hmc_shells1".[0m
2026-03-27 02:49:28 |[34;20m INFO     [0m|[34;20m nipype.workflow  [0m|[34;20m [Node] Setting-up "_mosaic_noise1" in "/local/nvme/ds004917_13.784042/ds/tmp/mriqc_wf/dwiMRIQC/dwi_report_wf/5e5ee45f451b0332f2bbb400c21a18cfb2d29a2a/mosaic_noise/mapflow/_mosaic_noise1".[0m
2026-03-27 02:49:28 |[34;20m INFO     [0m|[34;20m nipype.workflow  [0m|[34;20m [Node] Executing "_mosaic_noise1" <nireports.interfaces.mosaic.PlotMosaic>[0m
2026-03-27 02:49:28 |[34;20m INFO     [0m|[34;20m nipype.workflow  [0m|[34;20m [Node] Executing "_get_hmc_shells1" <mriqc.interfaces.diffusion.ExtractOrientations>[0m
2026-03-27 02:49:31 |[34;20m INFO     [0m|[34;20m nipype.workflow  [0m|[34;20m [Node] Finished "_mosaic_noise1", elapsed time 2.211597s.[0m
2026-03-27 02:49:32 |[34;20m INFO     [0m|[34;20m nipype.workflow  [0m|[34;20m [Node] Setting-up "_mosaic_noise0" in "/local/nvme/ds004917_13.784042/ds/tmp/mriqc_wf/dwiMRIQC/dwi_report_wf/5e5ee45f451b0332f2bbb400c21a18cfb2d29a2a/mosaic_noise/mapflow/_mosaic_noise0".[0m
2026-03-27 02:49:32 |[34;20m INFO     [0m|[34;20m nipype.workflow  [0m|[34;20m [Node] Cached "_mosaic_noise0" - collecting precomputed outputs[0m
2026-03-27 02:49:32 |[34;20m INFO     [0m|[34;20m nipype.workflow  [0m|[34;20m [Node] "_mosaic_noise0" found cached.[0m
2026-03-27 02:49:32 |[34;20m INFO     [0m|[34;20m nipype.workflow  [0m|[34;20m [Node] Setting-up "_mosaic_noise1" in "/local/nvme/ds004917_13.784042/ds/tmp/mriqc_wf/dwiMRIQC/dwi_report_wf/5e5ee45f451b0332f2bbb400c21a18cfb2d29a2a/mosaic_noise/mapflow/_mosaic_noise1".[0m
2026-03-27 02:49:32 |[34;20m INFO     [0m|[34;20m nipype.workflow  [0m|[34;20m [Node] Cached "_mosaic_noise1" - collecting precomputed outputs[0m
2026-03-27 02:49:32 |[34;20m INFO     [0m|[34;20m nipype.workflow  [0m|[34;20m [Node] "_mosaic_noise1" found cached.[0m
2026-03-27 02:49:34 |[34;20m INFO     [0m|[34;20m nipype.workflow  [0m|[34;20m [Node] Setting-up "_mosaic_snr0" in "/local/nvme/ds004917_13.784042/ds/tmp/mriqc_wf/dwiMRIQC/dwi_report_wf/5e5ee45f451b0332f2bbb400c21a18cfb2d29a2a/mosaic_snr/mapflow/_mosaic_snr0".[0m
2026-03-27 02:49:34 |[34;20m INFO     [0m|[34;20m nipype.workflow  [0m|[34;20m [Node] Executing "_mosaic_snr0" <nireports.interfaces.reporting.base.SimpleBeforeAfterRPT>[0m
2026-03-27 02:49:34 |[34;20m INFO     [0m|[34;20m nipype.interface [0m|[34;20m Report - setting before (/local/nvme/ds004917_13.784042/ds/tmp/mriqc_wf/dwiMRIQC/5e5ee45f451b0332f2bbb400c21a18cfb2d29a2a/stddev/mapflow/_stddev0/sub-13_dwi_valid_nodriftfull_std.nii.gz) and after (/local/nvme/ds004917_13.784042/ds/tmp/mriqc_wf/dwiMRIQC/5e5ee45f451b0332f2bbb400c21a18cfb2d29a2a/averages/mapflow/_averages0/sub-13_dwi_valid_nodriftfull_mean.nii.gz) images[0m
2026-03-27 02:49:34 |[34;20m INFO     [0m|[34;20m nipype.interface [0m|[34;20m Generating visual report[0m
2026-03-27 02:49:36 |[34;20m INFO     [0m|[34;20m nipype.workflow  [0m|[34;20m [Node] Setting-up "_ds_report_noise0" in "/local/nvme/ds004917_13.784042/ds/tmp/mriqc_wf/dwiMRIQC/dwi_report_wf/5e5ee45f451b0332f2bbb400c21a18cfb2d29a2a/ds_report_noise/mapflow/_ds_report_noise0".[0m
2026-03-27 02:49:36 |[34;20m INFO     [0m|[34;20m nipype.workflow  [0m|[34;20m [Node] Executing "_ds_report_noise0" <mriqc.interfaces.DerivativesDataSink>[0m
2026-03-27 02:49:36 |[34;20m INFO     [0m|[34;20m nipype.workflow  [0m|[34;20m [Node] Finished "_ds_report_noise0", elapsed time 0.004917s.[0m
2026-03-27 02:49:37 |[34;20m INFO     [0m|[34;20m nipype.workflow  [0m|[34;20m [Node] Setting-up "_ds_report_noise1" in "/local/nvme/ds004917_13.784042/ds/tmp/mriqc_wf/dwiMRIQC/dwi_report_wf/5e5ee45f451b0332f2bbb400c21a18cfb2d29a2a/ds_report_noise/mapflow/_ds_report_noise1".[0m
2026-03-27 02:49:37 |[34;20m INFO     [0m|[34;20m nipype.workflow  [0m|[34;20m [Node] Executing "_ds_report_noise1" <mriqc.interfaces.DerivativesDataSink>[0m
2026-03-27 02:49:37 |[34;20m INFO     [0m|[34;20m nipype.workflow  [0m|[34;20m [Node] Finished "_ds_report_noise1", elapsed time 0.004943s.[0m
2026-03-27 02:49:38 |[34;20m INFO     [0m|[34;20m nipype.workflow  [0m|[34;20m [Node] Setting-up "_ds_report_noise0" in "/local/nvme/ds004917_13.784042/ds/tmp/mriqc_wf/dwiMRIQC/dwi_report_wf/5e5ee45f451b0332f2bbb400c21a18cfb2d29a2a/ds_report_noise/mapflow/_ds_report_noise0".[0m
2026-03-27 02:49:38 |[34;20m INFO     [0m|[34;20m nipype.workflow  [0m|[34;20m [Node] Executing "_ds_report_noise0" <mriqc.interfaces.DerivativesDataSink>[0m
2026-03-27 02:49:38 |[34;20m INFO     [0m|[34;20m nipype.workflow  [0m|[34;20m [Node] Finished "_ds_report_noise0", elapsed time 0.004627s.[0m
2026-03-27 02:49:38 |[34;20m INFO     [0m|[34;20m nipype.workflow  [0m|[34;20m [Node] Setting-up "_ds_report_noise1" in "/local/nvme/ds004917_13.784042/ds/tmp/mriqc_wf/dwiMRIQC/dwi_report_wf/5e5ee45f451b0332f2bbb400c21a18cfb2d29a2a/ds_report_noise/mapflow/_ds_report_noise1".[0m
2026-03-27 02:49:38 |[34;20m INFO     [0m|[34;20m nipype.workflow  [0m|[34;20m [Node] Executing "_ds_report_noise1" <mriqc.interfaces.DerivativesDataSink>[0m
2026-03-27 02:49:38 |[34;20m INFO     [0m|[34;20m nipype.workflow  [0m|[34;20m [Node] Finished "_ds_report_noise1", elapsed time 0.00427s.[0m
2026-03-27 02:49:39 |[34;20m INFO     [0m|[34;20m nipype.workflow  [0m|[34;20m [Node] Finished "_get_hmc_shells1", elapsed time 10.301921s.[0m
2026-03-27 02:49:40 |[34;20m INFO     [0m|[34;20m nipype.workflow  [0m|[34;20m [Node] Setting-up "_get_hmc_shells0" in "/local/nvme/ds004917_13.784042/ds/tmp/mriqc_wf/dwiMRIQC/5e5ee45f451b0332f2bbb400c21a18cfb2d29a2a/get_hmc_shells/mapflow/_get_hmc_shells0".[0m
2026-03-27 02:49:40 |[34;20m INFO     [0m|[34;20m nipype.workflow  [0m|[34;20m [Node] Cached "_get_hmc_shells0" - collecting precomputed outputs[0m
2026-03-27 02:49:40 |[34;20m INFO     [0m|[34;20m nipype.workflow  [0m|[34;20m [Node] "_get_hmc_shells0" found cached.[0m
2026-03-27 02:49:40 |[34;20m INFO     [0m|[34;20m nipype.workflow  [0m|[34;20m [Node] Setting-up "_get_hmc_shells1" in "/local/nvme/ds004917_13.784042/ds/tmp/mriqc_wf/dwiMRIQC/5e5ee45f451b0332f2bbb400c21a18cfb2d29a2a/get_hmc_shells/mapflow/_get_hmc_shells1".[0m
2026-03-27 02:49:40 |[34;20m INFO     [0m|[34;20m nipype.workflow  [0m|[34;20m [Node] Cached "_get_hmc_shells1" - collecting precomputed outputs[0m
2026-03-27 02:49:40 |[34;20m INFO     [0m|[34;20m nipype.workflow  [0m|[34;20m [Node] "_get_hmc_shells1" found cached.[0m
2026-03-27 02:49:42 |[34;20m INFO     [0m|[34;20m nipype.workflow  [0m|[34;20m [Node] Setting-up "mriqc_wf.dwiMRIQC.ComputeIQMs.measures" in "/local/nvme/ds004917_13.784042/ds/tmp/mriqc_wf/dwiMRIQC/ComputeIQMs/5e5ee45f451b0332f2bbb400c21a18cfb2d29a2a/measures".[0m
2026-03-27 02:49:43 |[34;20m INFO     [0m|[34;20m nipype.workflow  [0m|[34;20m [Node] Executing "measures" <mriqc.interfaces.diffusion.DiffusionQC>[0m
2026-03-27 02:49:52 |[34;20m INFO     [0m|[34;20m nipype.workflow  [0m|[34;20m [Node] Finished "_mosaic_snr0", elapsed time 17.282077s.[0m
2026-03-27 02:49:52 |[34;20m INFO     [0m|[34;20m nipype.workflow  [0m|[34;20m [Node] Setting-up "_mosaic_snr1" in "/local/nvme/ds004917_13.784042/ds/tmp/mriqc_wf/dwiMRIQC/dwi_report_wf/5e5ee45f451b0332f2bbb400c21a18cfb2d29a2a/mosaic_snr/mapflow/_mosaic_snr1".[0m
2026-03-27 02:49:52 |[34;20m INFO     [0m|[34;20m nipype.workflow  [0m|[34;20m [Node] Executing "_mosaic_snr1" <nireports.interfaces.reporting.base.SimpleBeforeAfterRPT>[0m
2026-03-27 02:49:52 |[34;20m INFO     [0m|[34;20m nipype.interface [0m|[34;20m Report - setting before (/local/nvme/ds004917_13.784042/ds/tmp/mriqc_wf/dwiMRIQC/5e5ee45f451b0332f2bbb400c21a18cfb2d29a2a/stddev/mapflow/_stddev1/sub-13_dwi_valid_nodriftfull_std.nii.gz) and after (/local/nvme/ds004917_13.784042/ds/tmp/mriqc_wf/dwiMRIQC/5e5ee45f451b0332f2bbb400c21a18cfb2d29a2a/averages/mapflow/_averages1/sub-13_dwi_valid_nodriftfull_mean.nii.gz) images[0m
2026-03-27 02:49:52 |[34;20m INFO     [0m|[34;20m nipype.interface [0m|[34;20m Generating visual report[0m
2026-03-27 02:50:09 |[34;20m INFO     [0m|[34;20m nipype.workflow  [0m|[34;20m [Node] Finished "_mosaic_snr1", elapsed time 16.351929s.[0m
2026-03-27 02:50:10 |[34;20m INFO     [0m|[34;20m nipype.workflow  [0m|[34;20m [Node] Setting-up "_mosaic_snr0" in "/local/nvme/ds004917_13.784042/ds/tmp/mriqc_wf/dwiMRIQC/dwi_report_wf/5e5ee45f451b0332f2bbb400c21a18cfb2d29a2a/mosaic_snr/mapflow/_mosaic_snr0".[0m
2026-03-27 02:50:10 |[34;20m INFO     [0m|[34;20m nipype.workflow  [0m|[34;20m [Node] Cached "_mosaic_snr0" - collecting precomputed outputs[0m
2026-03-27 02:50:10 |[34;20m INFO     [0m|[34;20m nipype.workflow  [0m|[34;20m [Node] "_mosaic_snr0" found cached.[0m
2026-03-27 02:50:10 |[34;20m INFO     [0m|[34;20m nipype.workflow  [0m|[34;20m [Node] Setting-up "_mosaic_snr1" in "/local/nvme/ds004917_13.784042/ds/tmp/mriqc_wf/dwiMRIQC/dwi_report_wf/5e5ee45f451b0332f2bbb400c21a18cfb2d29a2a/mosaic_snr/mapflow/_mosaic_snr1".[0m
2026-03-27 02:50:10 |[34;20m INFO     [0m|[34;20m nipype.workflow  [0m|[34;20m [Node] Cached "_mosaic_snr1" - collecting precomputed outputs[0m
2026-03-27 02:50:10 |[34;20m INFO     [0m|[34;20m nipype.workflow  [0m|[34;20m [Node] "_mosaic_snr1" found cached.[0m
2026-03-27 02:50:14 |[34;20m INFO     [0m|[34;20m nipype.workflow  [0m|[34;20m [Node] Setting-up "_ds_report_snr0" in "/local/nvme/ds004917_13.784042/ds/tmp/mriqc_wf/dwiMRIQC/dwi_report_wf/5e5ee45f451b0332f2bbb400c21a18cfb2d29a2a/ds_report_snr/mapflow/_ds_report_snr0".[0m
2026-03-27 02:50:14 |[34;20m INFO     [0m|[34;20m nipype.workflow  [0m|[34;20m [Node] Executing "_ds_report_snr0" <mriqc.interfaces.DerivativesDataSink>[0m
2026-03-27 02:50:14 |[34;20m INFO     [0m|[34;20m nipype.workflow  [0m|[34;20m [Node] Finished "_ds_report_snr0", elapsed time 0.005047s.[0m
2026-03-27 02:50:15 |[34;20m INFO     [0m|[34;20m nipype.workflow  [0m|[34;20m [Node] Setting-up "_ds_report_snr1" in "/local/nvme/ds004917_13.784042/ds/tmp/mriqc_wf/dwiMRIQC/dwi_report_wf/5e5ee45f451b0332f2bbb400c21a18cfb2d29a2a/ds_report_snr/mapflow/_ds_report_snr1".[0m
2026-03-27 02:50:15 |[34;20m INFO     [0m|[34;20m nipype.workflow  [0m|[34;20m [Node] Executing "_ds_report_snr1" <mriqc.interfaces.DerivativesDataSink>[0m
2026-03-27 02:50:15 |[34;20m INFO     [0m|[34;20m nipype.workflow  [0m|[34;20m [Node] Finished "_ds_report_snr1", elapsed time 0.005161s.[0m
2026-03-27 02:50:16 |[34;20m INFO     [0m|[34;20m nipype.workflow  [0m|[34;20m [Node] Setting-up "_ds_report_snr0" in "/local/nvme/ds004917_13.784042/ds/tmp/mriqc_wf/dwiMRIQC/dwi_report_wf/5e5ee45f451b0332f2bbb400c21a18cfb2d29a2a/ds_report_snr/mapflow/_ds_report_snr0".[0m
2026-03-27 02:50:16 |[34;20m INFO     [0m|[34;20m nipype.workflow  [0m|[34;20m [Node] Executing "_ds_report_snr0" <mriqc.interfaces.DerivativesDataSink>[0m
2026-03-27 02:50:16 |[34;20m INFO     [0m|[34;20m nipype.workflow  [0m|[34;20m [Node] Finished "_ds_report_snr0", elapsed time 0.004715s.[0m
2026-03-27 02:50:16 |[34;20m INFO     [0m|[34;20m nipype.workflow  [0m|[34;20m [Node] Setting-up "_ds_report_snr1" in "/local/nvme/ds004917_13.784042/ds/tmp/mriqc_wf/dwiMRIQC/dwi_report_wf/5e5ee45f451b0332f2bbb400c21a18cfb2d29a2a/ds_report_snr/mapflow/_ds_report_snr1".[0m
2026-03-27 02:50:16 |[34;20m INFO     [0m|[34;20m nipype.workflow  [0m|[34;20m [Node] Executing "_ds_report_snr1" <mriqc.interfaces.DerivativesDataSink>[0m
2026-03-27 02:50:17 |[34;20m INFO     [0m|[34;20m nipype.workflow  [0m|[34;20m [Node] Finished "_ds_report_snr1", elapsed time 0.004338s.[0m
2026-03-27 02:50:50 |[34;20m INFO     [0m|[34;20m nipype.workflow  [0m|[34;20m [Node] Finished "measures", elapsed time 67.429884s.[0m
2026-03-27 02:50:50 |[34;20m INFO     [0m|[34;20m nipype.workflow  [0m|[34;20m [Node] Setting-up "mriqc_wf.dwiMRIQC.ComputeIQMs.datasink" in "/local/nvme/ds004917_13.784042/ds/tmp/mriqc_wf/dwiMRIQC/ComputeIQMs/5e5ee45f451b0332f2bbb400c21a18cfb2d29a2a/datasink".[0m
2026-03-27 02:50:50 |[34;20m INFO     [0m|[34;20m nipype.workflow  [0m|[34;20m [Node] Executing "datasink" <mriqc.interfaces.bids.IQMFileSink>[0m
2026-03-27 02:50:50 |[34;20m INFO     [0m|[34;20m nipype.workflow  [0m|[34;20m [Node] Finished "datasink", elapsed time 0.002277s.[0m
2026-03-27 02:50:52 |[34;20m INFO     [0m|[34;20m nipype.workflow  [0m|[34;20m Generating reports...[0m
2026-03-27 02:50:53 |[34;20m INFO     [0m|[34;20m nipype.workflow  [0m|[34;20m Report generation finished (1 reports).[0m
2026-03-27 02:50:53 |[33;20m IMPORTANT [0m|[33;20m mriqc            [0m|[33;20m Participant level finished successfully averaging 00h 09min 11s per subject.[0m
2026-03-27 02:50:53 |[34;20m INFO     [0m|[34;20m mriqc            [0m|[34;20m Generating BIDS derivatives metadata.[0m
----------------------------------------------------------------
  MRIQC completed (elapsed time 00h 09min 11s).
----------------------------------------------------------------

