------------------------------------------------------------------
  Running MRIQC version 24.1.0.dev0+gd5b13cb5.d20240826
  ----------------------------------------------------------------

  NOTICE
  Copyright © The NiPreps Developers.
  
  This product includes software developed by
  the NiPreps Community (https://nipreps.org/).
  
  Portions of this software were developed at the Department of
  Psychology at Stanford University, Stanford, CA, US.
  
  This software contains code ultimately derived from the
  PCP Quality Assessment Protocol (QAP;
  http://preprocessed-connectomes-project.org/quality-assessment-protocol)
  by C. Craddock, S. Giavasis, D. Clark, Z. Shezhad, and J. Pellman.
  
  This software is also distributed as a Docker container image.
  The bootstrapping file for the image ("Dockerfile") is licensed
  under the MIT License.

  ----------------------------------------------------------------

  * BIDS dataset path: /local/nvme/ds004917_53.784042/ds/sourcedata/raw.
  * Output folder: mriqc.
  * Analysis levels: ['participant'].
------------------------------------------------------------------

2026-03-27 02:41:10 |[33;20m IMPORTANT [0m|[33;20m mriqc            [0m|[33;20m Extracting metadata and entities for 1 input runs of modality 't1w'...[0m
2026-03-27 02:41:10 |[33;20m IMPORTANT [0m|[33;20m mriqc            [0m|[33;20m File size ('t1w'): 0.01|0.01 GB [maximum|average].[0m
2026-03-27 02:41:10 |[34;20m INFO     [0m|[34;20m mriqc            [0m|[34;20m MRIQC config file: /local/nvme/ds004917_53.784042/ds/tmp/config-20260327-024056_68db98d4-79ba-41bf-862d-b57eaa54f30d.toml.[0m
2026-03-27 02:41:16 |[34;20m INFO     [0m|[34;20m matplotlib.font_manager [0m|[34;20m generated new fontManager[0m
2026-03-27 02:41:17 |[33;20m IMPORTANT [0m|[33;20m mriqc            [0m|[33;20m Building MRIQC's workflows...[0m
2026-03-27 02:41:17 |[34;20m INFO     [0m|[34;20m nipype.workflow  [0m|[34;20m Building anatomical MRIQC workflow for 1 NIfTI files..[0m
2026-03-27 02:41:23 |[33;20m IMPORTANT [0m|[33;20m mriqc            [0m|[33;20m Workflow building finished (exit code 0).[0m
2026-03-27 02:41:28 |[34;20m INFO     [0m|[34;20m nipype.workflow  [0m|[34;20m Workflow mriqc_wf settings: ['check', 'execution', 'logging', 'monitoring'][0m
2026-03-27 02:41:28 |[34;20m INFO     [0m|[34;20m nipype.workflow  [0m|[34;20m [Node] Setting-up "mriqc_wf.anatMRIQC.conform" in "/local/nvme/ds004917_53.784042/ds/tmp/mriqc_wf/anatMRIQC/b72fc481bbe2e7eb3ab9c5081950775d5ab4482e/conform".[0m
2026-03-27 02:41:28 |[34;20m INFO     [0m|[34;20m nipype.workflow  [0m|[34;20m [Node] Executing "conform" <mriqc.interfaces.common.conform_image.ConformImage>[0m
2026-03-27 02:41:29 |[34;20m INFO     [0m|[34;20m nipype.workflow  [0m|[34;20m [Node] Finished "conform", elapsed time 0.64267s.[0m
2026-03-27 02:41:30 |[34;20m INFO     [0m|[34;20m nipype.workflow  [0m|[34;20m [Node] Setting-up "mriqc_wf.anatMRIQC.synthstrip_wf.pre_clip" in "/local/nvme/ds004917_53.784042/ds/tmp/mriqc_wf/anatMRIQC/synthstrip_wf/b72fc481bbe2e7eb3ab9c5081950775d5ab4482e/pre_clip".[0m
2026-03-27 02:41:30 |[34;20m INFO     [0m|[34;20m nipype.workflow  [0m|[34;20m [Node] Setting-up "mriqc_wf.anatMRIQC.AirMaskWorkflow.RotationMask" in "/local/nvme/ds004917_53.784042/ds/tmp/mriqc_wf/anatMRIQC/AirMaskWorkflow/b72fc481bbe2e7eb3ab9c5081950775d5ab4482e/RotationMask".[0m
2026-03-27 02:41:30 |[34;20m INFO     [0m|[34;20m nipype.workflow  [0m|[34;20m [Node] Setting-up "mriqc_wf.anatMRIQC.anat_report_wf.PlotMosaicNoise" in "/local/nvme/ds004917_53.784042/ds/tmp/mriqc_wf/anatMRIQC/anat_report_wf/b72fc481bbe2e7eb3ab9c5081950775d5ab4482e/PlotMosaicNoise".[0m
2026-03-27 02:41:30 |[34;20m INFO     [0m|[34;20m nipype.workflow  [0m|[34;20m [Node] Executing "PlotMosaicNoise" <nireports.interfaces.mosaic.PlotMosaic>[0m
2026-03-27 02:41:30 |[34;20m INFO     [0m|[34;20m nipype.workflow  [0m|[34;20m [Node] Executing "pre_clip" <niworkflows.interfaces.nibabel.IntensityClip>[0m
2026-03-27 02:41:30 |[34;20m INFO     [0m|[34;20m nipype.workflow  [0m|[34;20m [Node] Executing "RotationMask" <mriqc.interfaces.anatomical.RotationMask>[0m
2026-03-27 02:41:31 |[34;20m INFO     [0m|[34;20m nipype.workflow  [0m|[34;20m [Node] Finished "RotationMask", elapsed time 1.006853s.[0m
2026-03-27 02:41:38 |[34;20m INFO     [0m|[34;20m nipype.workflow  [0m|[34;20m [Node] Finished "PlotMosaicNoise", elapsed time 7.500005s.[0m
2026-03-27 02:41:38 |[34;20m INFO     [0m|[34;20m nipype.workflow  [0m|[34;20m [Node] Setting-up "mriqc_wf.anatMRIQC.anat_report_wf.ds_report_background" in "/local/nvme/ds004917_53.784042/ds/tmp/mriqc_wf/anatMRIQC/anat_report_wf/b72fc481bbe2e7eb3ab9c5081950775d5ab4482e/ds_report_background".[0m
2026-03-27 02:41:38 |[34;20m INFO     [0m|[34;20m nipype.workflow  [0m|[34;20m [Node] Executing "ds_report_background" <mriqc.interfaces.DerivativesDataSink>[0m
2026-03-27 02:41:38 |[34;20m INFO     [0m|[34;20m nipype.workflow  [0m|[34;20m [Node] Finished "ds_report_background", elapsed time 0.008874s.[0m
2026-03-27 02:41:51 |[34;20m INFO     [0m|[34;20m nipype.workflow  [0m|[34;20m [Node] Finished "pre_clip", elapsed time 20.832813s.[0m
2026-03-27 02:41:52 |[34;20m INFO     [0m|[34;20m nipype.workflow  [0m|[34;20m [Node] Setting-up "mriqc_wf.anatMRIQC.synthstrip_wf.pre_n4" in "/local/nvme/ds004917_53.784042/ds/tmp/mriqc_wf/anatMRIQC/synthstrip_wf/b72fc481bbe2e7eb3ab9c5081950775d5ab4482e/pre_n4".[0m
2026-03-27 02:41:52 |[34;20m INFO     [0m|[34;20m nipype.workflow  [0m|[34;20m [Node] Executing "pre_n4" <nipype.interfaces.ants.segmentation.N4BiasFieldCorrection>[0m
2026-03-27 02:42:15 |[34;20m INFO     [0m|[34;20m nipype.workflow  [0m|[34;20m [Node] Finished "pre_n4", elapsed time 22.104231s.[0m
2026-03-27 02:42:16 |[34;20m INFO     [0m|[34;20m nipype.workflow  [0m|[34;20m [Node] Setting-up "mriqc_wf.anatMRIQC.synthstrip_wf.synthstrip" in "/local/nvme/ds004917_53.784042/ds/tmp/mriqc_wf/anatMRIQC/synthstrip_wf/b72fc481bbe2e7eb3ab9c5081950775d5ab4482e/synthstrip".[0m
2026-03-27 02:42:16 |[34;20m INFO     [0m|[34;20m nipype.workflow  [0m|[34;20m [Node] Executing "synthstrip" <mriqc.interfaces.synthstrip.SynthStrip>[0m
2026-03-27 02:42:45 |[34;20m INFO     [0m|[34;20m nipype.workflow  [0m|[34;20m [Node] Finished "synthstrip", elapsed time 28.709403000000002s.[0m
2026-03-27 02:42:46 |[34;20m INFO     [0m|[34;20m nipype.workflow  [0m|[34;20m [Node] Setting-up "mriqc_wf.anatMRIQC.synthstrip_wf.post_n4" in "/local/nvme/ds004917_53.784042/ds/tmp/mriqc_wf/anatMRIQC/synthstrip_wf/b72fc481bbe2e7eb3ab9c5081950775d5ab4482e/post_n4".[0m
2026-03-27 02:42:46 |[34;20m INFO     [0m|[34;20m nipype.workflow  [0m|[34;20m [Node] Executing "post_n4" <nipype.interfaces.ants.segmentation.N4BiasFieldCorrection>[0m
2026-03-27 02:42:59 |[34;20m INFO     [0m|[34;20m nipype.workflow  [0m|[34;20m [Node] Finished "post_n4", elapsed time 12.576204s.[0m
2026-03-27 02:43:00 |[34;20m INFO     [0m|[34;20m nipype.workflow  [0m|[34;20m [Node] Setting-up "mriqc_wf.anatMRIQC.synthstrip_wf.final_masked" in "/local/nvme/ds004917_53.784042/ds/tmp/mriqc_wf/anatMRIQC/synthstrip_wf/b72fc481bbe2e7eb3ab9c5081950775d5ab4482e/final_masked".[0m
2026-03-27 02:43:00 |[34;20m INFO     [0m|[34;20m nipype.workflow  [0m|[34;20m [Node] Setting-up "mriqc_wf.anatMRIQC.anat_report_wf.PlotMosaicZoomed" in "/local/nvme/ds004917_53.784042/ds/tmp/mriqc_wf/anatMRIQC/anat_report_wf/b72fc481bbe2e7eb3ab9c5081950775d5ab4482e/PlotMosaicZoomed".[0m
2026-03-27 02:43:00 |[34;20m INFO     [0m|[34;20m nipype.workflow  [0m|[34;20m [Node] Setting-up "mriqc_wf.anatMRIQC.ComputeIQMs.smoothness" in "/local/nvme/ds004917_53.784042/ds/tmp/mriqc_wf/anatMRIQC/ComputeIQMs/b72fc481bbe2e7eb3ab9c5081950775d5ab4482e/smoothness".[0m
2026-03-27 02:43:00 |[34;20m INFO     [0m|[34;20m nipype.workflow  [0m|[34;20m [Node] Setting-up "mriqc_wf.anatMRIQC.anat_report_wf.PlotBrainmask" in "/local/nvme/ds004917_53.784042/ds/tmp/mriqc_wf/anatMRIQC/anat_report_wf/b72fc481bbe2e7eb3ab9c5081950775d5ab4482e/PlotBrainmask".[0m
2026-03-27 02:43:00 |[34;20m INFO     [0m|[34;20m nipype.workflow  [0m|[34;20m [Node] Executing "final_masked" <niworkflows.interfaces.nibabel.ApplyMask>[0m
2026-03-27 02:43:00 |[34;20m INFO     [0m|[34;20m nipype.workflow  [0m|[34;20m [Node] Executing "PlotMosaicZoomed" <nireports.interfaces.mosaic.PlotMosaic>[0m
2026-03-27 02:43:00 |[34;20m INFO     [0m|[34;20m nipype.workflow  [0m|[34;20m [Node] Executing "smoothness" <nipype.interfaces.afni.utils.FWHMx>[0m
2026-03-27 02:43:00 |[34;20m INFO     [0m|[34;20m nipype.workflow  [0m|[34;20m [Node] Executing "PlotBrainmask" <nireports.interfaces.mosaic.PlotContours>[0m
2026-03-27 02:43:01 |[34;20m INFO     [0m|[34;20m nipype.workflow  [0m|[34;20m [Node] Finished "final_masked", elapsed time 0.457137s.[0m
2026-03-27 02:43:05 |[34;20m INFO     [0m|[34;20m nipype.workflow  [0m|[34;20m [Node] Finished "PlotBrainmask", elapsed time 4.712665s.[0m
2026-03-27 02:43:06 |[34;20m INFO     [0m|[34;20m nipype.workflow  [0m|[34;20m [Node] Finished "smoothness", elapsed time 5.269329s.[0m
2026-03-27 02:43:06 |[34;20m INFO     [0m|[34;20m nipype.workflow  [0m|[34;20m [Node] Setting-up "mriqc_wf.anatMRIQC.anat_report_wf.ds_report_bmask" in "/local/nvme/ds004917_53.784042/ds/tmp/mriqc_wf/anatMRIQC/anat_report_wf/b72fc481bbe2e7eb3ab9c5081950775d5ab4482e/ds_report_bmask".[0m
2026-03-27 02:43:06 |[34;20m INFO     [0m|[34;20m nipype.workflow  [0m|[34;20m [Node] Executing "ds_report_bmask" <mriqc.interfaces.DerivativesDataSink>[0m
2026-03-27 02:43:06 |[34;20m INFO     [0m|[34;20m nipype.workflow  [0m|[34;20m [Node] Finished "ds_report_bmask", elapsed time 0.004855s.[0m
2026-03-27 02:43:06 |[34;20m INFO     [0m|[34;20m nipype.workflow  [0m|[34;20m [Node] Finished "PlotMosaicZoomed", elapsed time 6.085277s.[0m
2026-03-27 02:43:08 |[34;20m INFO     [0m|[34;20m nipype.workflow  [0m|[34;20m [Node] Setting-up "mriqc_wf.anatMRIQC.SpatialNormalization.SpatialNormalization" in "/local/nvme/ds004917_53.784042/ds/tmp/mriqc_wf/anatMRIQC/SpatialNormalization/b72fc481bbe2e7eb3ab9c5081950775d5ab4482e/SpatialNormalization".[0m
2026-03-27 02:43:08 |[34;20m INFO     [0m|[34;20m nipype.workflow  [0m|[34;20m [Node] Executing "SpatialNormalization" <niworkflows.interfaces.reportlets.registration.SpatialNormalizationRPT>[0m
2026-03-27 02:43:09 |[34;20m INFO     [0m|[34;20m niworkflows      [0m|[34;20m Estimating initial transform using AffineInitializer[0m
2026-03-27 02:43:21 |[34;20m INFO     [0m|[34;20m niworkflows      [0m|[34;20m Terminal outputs of initialization saved (/local/nvme/ds004917_53.784042/ds/tmp/mriqc_wf/anatMRIQC/SpatialNormalization/b72fc481bbe2e7eb3ab9c5081950775d5ab4482e/SpatialNormalization/stderr.nipype-init).[0m
2026-03-27 02:43:21 |[34;20m INFO     [0m|[34;20m niworkflows      [0m|[34;20m Loading settings from file /opt/conda/lib/python3.11/site-packages/niworkflows/data/t1w-mni_registration_testing_000.json.[0m
2026-03-27 02:43:21 |[34;20m INFO     [0m|[34;20m niworkflows      [0m|[34;20m Retry #1, commandline: 
antsRegistration --collapse-output-transforms 1 --dimensionality 3 --float 0 --initial-moving-transform [ /local/nvme/ds004917_53.784042/ds/tmp/mriqc_wf/anatMRIQC/SpatialNormalization/b72fc481bbe2e7eb3ab9c5081950775d5ab4482e/SpatialNormalization/transform.mat, 0 ] --initialize-transforms-per-stage 0 --interpolation LanczosWindowedSinc --output [ ants_t1_to_mni, ants_t1_to_mni_Warped.nii.gz ] --transform Rigid[ 1.0 ] --metric Mattes[ /local/nvme/ds004917_53.784042/ds/tmp/mriqc_wf/anatMRIQC/SpatialNormalization/b72fc481bbe2e7eb3ab9c5081950775d5ab4482e/SpatialNormalization/fixed_masked.nii.gz, /local/nvme/ds004917_53.784042/ds/tmp/mriqc_wf/anatMRIQC/SpatialNormalization/b72fc481bbe2e7eb3ab9c5081950775d5ab4482e/SpatialNormalization/moving_masked.nii.gz, 1, 56, Random, 0.2 ] --convergence [ 20, 1e-07, 15 ] --smoothing-sigmas 4.0vox --shrink-factors 2 --use-histogram-matching 0 --transform Affine[ 1.0 ] --metric Mattes[ /local/nvme/ds004917_53.784042/ds/tmp/mriqc_wf/anatMRIQC/SpatialNormalization/b72fc481bbe2e7eb3ab9c5081950775d5ab4482e/SpatialNormalization/fixed_masked.nii.gz, /local/nvme/ds004917_53.784042/ds/tmp/mriqc_wf/anatMRIQC/SpatialNormalization/b72fc481bbe2e7eb3ab9c5081950775d5ab4482e/SpatialNormalization/moving_masked.nii.gz, 1, 56, Random, 0.1 ] --convergence [ 15, 1e-08, 5 ] --smoothing-sigmas 2.0vox --shrink-factors 1 --use-histogram-matching 1 --winsorize-image-intensities [ 0.005, 0.995 ]  --write-composite-transform 1[0m
2026-03-27 02:43:25 |[34;20m INFO     [0m|[34;20m niworkflows      [0m|[34;20m Successful spatial normalization (retry #1).[0m
2026-03-27 02:43:27 |[34;20m INFO     [0m|[34;20m niworkflows      [0m|[34;20m Report - setting fixed (/local/nvme/ds004917_53.784042/ds/tmp/mriqc_wf/anatMRIQC/SpatialNormalization/b72fc481bbe2e7eb3ab9c5081950775d5ab4482e/SpatialNormalization/fixed_masked.nii.gz) and moving (/local/nvme/ds004917_53.784042/ds/tmp/mriqc_wf/anatMRIQC/SpatialNormalization/b72fc481bbe2e7eb3ab9c5081950775d5ab4482e/SpatialNormalization/ants_t1_to_mni_Warped.nii.gz) images[0m
2026-03-27 02:43:27 |[34;20m INFO     [0m|[34;20m niworkflows      [0m|[34;20m Generating visual report[0m
2026-03-27 02:43:43 |[34;20m INFO     [0m|[34;20m nipype.workflow  [0m|[34;20m [Node] Finished "SpatialNormalization", elapsed time 34.705344s.[0m
2026-03-27 02:43:44 |[34;20m INFO     [0m|[34;20m nipype.workflow  [0m|[34;20m [Node] Setting-up "mriqc_wf.anatMRIQC.anat_report_wf.ds_report_zoomed" in "/local/nvme/ds004917_53.784042/ds/tmp/mriqc_wf/anatMRIQC/anat_report_wf/b72fc481bbe2e7eb3ab9c5081950775d5ab4482e/ds_report_zoomed".[0m
2026-03-27 02:43:44 |[34;20m INFO     [0m|[34;20m nipype.workflow  [0m|[34;20m [Node] Executing "ds_report_zoomed" <mriqc.interfaces.DerivativesDataSink>[0m
2026-03-27 02:43:44 |[34;20m INFO     [0m|[34;20m nipype.workflow  [0m|[34;20m [Node] Finished "ds_report_zoomed", elapsed time 0.004757s.[0m
2026-03-27 02:43:44 |[34;20m INFO     [0m|[34;20m nipype.workflow  [0m|[34;20m [Node] Setting-up "mriqc_wf.anatMRIQC.anat_report_wf.ds_report_norm" in "/local/nvme/ds004917_53.784042/ds/tmp/mriqc_wf/anatMRIQC/anat_report_wf/b72fc481bbe2e7eb3ab9c5081950775d5ab4482e/ds_report_norm".[0m
2026-03-27 02:43:44 |[34;20m INFO     [0m|[34;20m nipype.workflow  [0m|[34;20m [Node] Executing "ds_report_norm" <mriqc.interfaces.DerivativesDataSink>[0m
2026-03-27 02:43:44 |[34;20m INFO     [0m|[34;20m nipype.workflow  [0m|[34;20m [Node] Finished "ds_report_norm", elapsed time 0.004891s.[0m
2026-03-27 02:43:46 |[34;20m INFO     [0m|[34;20m nipype.workflow  [0m|[34;20m [Node] Setting-up "_tpms_std2t1w0" in "/local/nvme/ds004917_53.784042/ds/tmp/mriqc_wf/anatMRIQC/SpatialNormalization/b72fc481bbe2e7eb3ab9c5081950775d5ab4482e/tpms_std2t1w/mapflow/_tpms_std2t1w0".[0m
2026-03-27 02:43:46 |[34;20m INFO     [0m|[34;20m nipype.workflow  [0m|[34;20m [Node] Setting-up "_tpms_std2t1w1" in "/local/nvme/ds004917_53.784042/ds/tmp/mriqc_wf/anatMRIQC/SpatialNormalization/b72fc481bbe2e7eb3ab9c5081950775d5ab4482e/tpms_std2t1w/mapflow/_tpms_std2t1w1".[0m
2026-03-27 02:43:46 |[34;20m INFO     [0m|[34;20m nipype.workflow  [0m|[34;20m [Node] Setting-up "_tpms_std2t1w2" in "/local/nvme/ds004917_53.784042/ds/tmp/mriqc_wf/anatMRIQC/SpatialNormalization/b72fc481bbe2e7eb3ab9c5081950775d5ab4482e/tpms_std2t1w/mapflow/_tpms_std2t1w2".[0m
2026-03-27 02:43:46 |[34;20m INFO     [0m|[34;20m nipype.workflow  [0m|[34;20m [Node] Executing "_tpms_std2t1w1" <niworkflows.interfaces.fixes.FixHeaderApplyTransforms>[0m
2026-03-27 02:43:46 |[34;20m INFO     [0m|[34;20m nipype.workflow  [0m|[34;20m [Node] Executing "_tpms_std2t1w0" <niworkflows.interfaces.fixes.FixHeaderApplyTransforms>[0m
2026-03-27 02:43:46 |[34;20m INFO     [0m|[34;20m nipype.workflow  [0m|[34;20m [Node] Executing "_tpms_std2t1w2" <niworkflows.interfaces.fixes.FixHeaderApplyTransforms>[0m
2026-03-27 02:43:55 |[34;20m INFO     [0m|[34;20m nipype.workflow  [0m|[34;20m [Node] Finished "_tpms_std2t1w0", elapsed time 8.894002s.[0m
2026-03-27 02:43:55 |[34;20m INFO     [0m|[34;20m nipype.workflow  [0m|[34;20m [Node] Finished "_tpms_std2t1w2", elapsed time 8.975473000000001s.[0m
2026-03-27 02:43:56 |[34;20m INFO     [0m|[34;20m nipype.workflow  [0m|[34;20m [Node] Finished "_tpms_std2t1w1", elapsed time 9.08214s.[0m
2026-03-27 02:43:56 |[34;20m INFO     [0m|[34;20m nipype.workflow  [0m|[34;20m [Node] Setting-up "_tpms_std2t1w0" in "/local/nvme/ds004917_53.784042/ds/tmp/mriqc_wf/anatMRIQC/SpatialNormalization/b72fc481bbe2e7eb3ab9c5081950775d5ab4482e/tpms_std2t1w/mapflow/_tpms_std2t1w0".[0m
2026-03-27 02:43:56 |[34;20m INFO     [0m|[34;20m nipype.workflow  [0m|[34;20m [Node] Cached "_tpms_std2t1w0" - collecting precomputed outputs[0m
2026-03-27 02:43:56 |[34;20m INFO     [0m|[34;20m nipype.workflow  [0m|[34;20m [Node] "_tpms_std2t1w0" found cached.[0m
2026-03-27 02:43:56 |[34;20m INFO     [0m|[34;20m nipype.workflow  [0m|[34;20m [Node] Setting-up "_tpms_std2t1w1" in "/local/nvme/ds004917_53.784042/ds/tmp/mriqc_wf/anatMRIQC/SpatialNormalization/b72fc481bbe2e7eb3ab9c5081950775d5ab4482e/tpms_std2t1w/mapflow/_tpms_std2t1w1".[0m
2026-03-27 02:43:56 |[34;20m INFO     [0m|[34;20m nipype.workflow  [0m|[34;20m [Node] Cached "_tpms_std2t1w1" - collecting precomputed outputs[0m
2026-03-27 02:43:56 |[34;20m INFO     [0m|[34;20m nipype.workflow  [0m|[34;20m [Node] "_tpms_std2t1w1" found cached.[0m
2026-03-27 02:43:56 |[34;20m INFO     [0m|[34;20m nipype.workflow  [0m|[34;20m [Node] Setting-up "_tpms_std2t1w2" in "/local/nvme/ds004917_53.784042/ds/tmp/mriqc_wf/anatMRIQC/SpatialNormalization/b72fc481bbe2e7eb3ab9c5081950775d5ab4482e/tpms_std2t1w/mapflow/_tpms_std2t1w2".[0m
2026-03-27 02:43:56 |[34;20m INFO     [0m|[34;20m nipype.workflow  [0m|[34;20m [Node] Cached "_tpms_std2t1w2" - collecting precomputed outputs[0m
2026-03-27 02:43:56 |[34;20m INFO     [0m|[34;20m nipype.workflow  [0m|[34;20m [Node] "_tpms_std2t1w2" found cached.[0m
2026-03-27 02:43:58 |[34;20m INFO     [0m|[34;20m nipype.workflow  [0m|[34;20m [Node] Setting-up "mriqc_wf.anatMRIQC.brain_tissue_segmentation.format_tpm_names" in "/local/nvme/ds004917_53.784042/ds/tmp/mriqc_wf/anatMRIQC/brain_tissue_segmentation/b72fc481bbe2e7eb3ab9c5081950775d5ab4482e/format_tpm_names".[0m
2026-03-27 02:43:58 |[34;20m INFO     [0m|[34;20m nipype.workflow  [0m|[34;20m [Node] Setting-up "mriqc_wf.anatMRIQC.HeadMaskWorkflow.Enhance" in "/local/nvme/ds004917_53.784042/ds/tmp/mriqc_wf/anatMRIQC/HeadMaskWorkflow/b72fc481bbe2e7eb3ab9c5081950775d5ab4482e/Enhance".[0m
2026-03-27 02:43:58 |[34;20m INFO     [0m|[34;20m nipype.workflow  [0m|[34;20m [Node] Executing "format_tpm_names" <nipype.interfaces.utility.wrappers.Function>[0m
2026-03-27 02:43:58 |[34;20m INFO     [0m|[34;20m nipype.workflow  [0m|[34;20m [Node] Executing "Enhance" <nipype.interfaces.utility.wrappers.Function>[0m
2026-03-27 02:44:00 |[34;20m INFO     [0m|[34;20m nipype.workflow  [0m|[34;20m [Node] Finished "Enhance", elapsed time 1.369672s.[0m
2026-03-27 02:44:00 |[34;20m INFO     [0m|[34;20m nipype.workflow  [0m|[34;20m [Node] Finished "format_tpm_names", elapsed time 1.958606s.[0m
2026-03-27 02:44:00 |[34;20m INFO     [0m|[34;20m nipype.workflow  [0m|[34;20m [Node] Setting-up "mriqc_wf.anatMRIQC.HeadMaskWorkflow.apply_mask" in "/local/nvme/ds004917_53.784042/ds/tmp/mriqc_wf/anatMRIQC/HeadMaskWorkflow/b72fc481bbe2e7eb3ab9c5081950775d5ab4482e/apply_mask".[0m
2026-03-27 02:44:00 |[34;20m INFO     [0m|[34;20m nipype.workflow  [0m|[34;20m [Node] Executing "apply_mask" <niworkflows.interfaces.nibabel.ApplyMask>[0m
2026-03-27 02:44:00 |[34;20m INFO     [0m|[34;20m nipype.workflow  [0m|[34;20m [Node] Setting-up "mriqc_wf.anatMRIQC.HeadMaskWorkflow.Grad" in "/local/nvme/ds004917_53.784042/ds/tmp/mriqc_wf/anatMRIQC/HeadMaskWorkflow/b72fc481bbe2e7eb3ab9c5081950775d5ab4482e/Grad".[0m
2026-03-27 02:44:00 |[34;20m INFO     [0m|[34;20m nipype.workflow  [0m|[34;20m [Node] Executing "Grad" <nipype.interfaces.utility.wrappers.Function>[0m
2026-03-27 02:44:01 |[34;20m INFO     [0m|[34;20m nipype.workflow  [0m|[34;20m [Node] Finished "apply_mask", elapsed time 0.410826s.[0m
2026-03-27 02:44:07 |[34;20m INFO     [0m|[34;20m nipype.workflow  [0m|[34;20m [Node] Finished "Grad", elapsed time 6.981821s.[0m
2026-03-27 02:44:08 |[34;20m INFO     [0m|[34;20m nipype.workflow  [0m|[34;20m [Node] Setting-up "mriqc_wf.anatMRIQC.HeadMaskWorkflow.GradientThreshold" in "/local/nvme/ds004917_53.784042/ds/tmp/mriqc_wf/anatMRIQC/HeadMaskWorkflow/b72fc481bbe2e7eb3ab9c5081950775d5ab4482e/GradientThreshold".[0m
2026-03-27 02:44:08 |[34;20m INFO     [0m|[34;20m nipype.workflow  [0m|[34;20m [Node] Executing "GradientThreshold" <nipype.interfaces.utility.wrappers.Function>[0m
2026-03-27 02:44:22 |[34;20m INFO     [0m|[34;20m nipype.workflow  [0m|[34;20m [Node] Finished "GradientThreshold", elapsed time 13.304549s.[0m
2026-03-27 02:44:22 |[34;20m INFO     [0m|[34;20m nipype.workflow  [0m|[34;20m [Node] Setting-up "mriqc_wf.anatMRIQC.brain_tissue_segmentation.segmentation" in "/local/nvme/ds004917_53.784042/ds/tmp/mriqc_wf/anatMRIQC/brain_tissue_segmentation/b72fc481bbe2e7eb3ab9c5081950775d5ab4482e/segmentation".[0m
2026-03-27 02:44:22 |[34;20m INFO     [0m|[34;20m nipype.workflow  [0m|[34;20m [Node] Executing "segmentation" <nipype.interfaces.ants.segmentation.Atropos>[0m
2026-03-27 02:45:13 |[34;20m INFO     [0m|[34;20m nipype.workflow  [0m|[34;20m [Node] Finished "segmentation", elapsed time 50.520218s.[0m
2026-03-27 02:45:14 |[34;20m INFO     [0m|[34;20m nipype.workflow  [0m|[34;20m [Node] Setting-up "mriqc_wf.anatMRIQC.anat_report_wf.PlotHeadmask" in "/local/nvme/ds004917_53.784042/ds/tmp/mriqc_wf/anatMRIQC/anat_report_wf/b72fc481bbe2e7eb3ab9c5081950775d5ab4482e/PlotHeadmask".[0m
2026-03-27 02:45:14 |[34;20m INFO     [0m|[34;20m nipype.workflow  [0m|[34;20m [Node] Setting-up "mriqc_wf.anatMRIQC.ComputeIQMs.harmonize" in "/local/nvme/ds004917_53.784042/ds/tmp/mriqc_wf/anatMRIQC/ComputeIQMs/b72fc481bbe2e7eb3ab9c5081950775d5ab4482e/harmonize".[0m
2026-03-27 02:45:14 |[34;20m INFO     [0m|[34;20m nipype.workflow  [0m|[34;20m [Node] Setting-up "mriqc_wf.anatMRIQC.AirMaskWorkflow.ArtifactMask" in "/local/nvme/ds004917_53.784042/ds/tmp/mriqc_wf/anatMRIQC/AirMaskWorkflow/b72fc481bbe2e7eb3ab9c5081950775d5ab4482e/ArtifactMask".[0m
2026-03-27 02:45:14 |[34;20m INFO     [0m|[34;20m nipype.workflow  [0m|[34;20m [Node] Setting-up "mriqc_wf.anatMRIQC.anat_report_wf.PlotSegmentation" in "/local/nvme/ds004917_53.784042/ds/tmp/mriqc_wf/anatMRIQC/anat_report_wf/b72fc481bbe2e7eb3ab9c5081950775d5ab4482e/PlotSegmentation".[0m
2026-03-27 02:45:14 |[34;20m INFO     [0m|[34;20m nipype.workflow  [0m|[34;20m [Node] Executing "PlotHeadmask" <nireports.interfaces.mosaic.PlotContours>[0m
2026-03-27 02:45:14 |[34;20m INFO     [0m|[34;20m nipype.workflow  [0m|[34;20m [Node] Executing "PlotSegmentation" <nireports.interfaces.mosaic.PlotContours>[0m
2026-03-27 02:45:14 |[34;20m INFO     [0m|[34;20m nipype.workflow  [0m|[34;20m [Node] Executing "ArtifactMask" <mriqc.interfaces.anatomical.ArtifactMask>[0m
2026-03-27 02:45:14 |[34;20m INFO     [0m|[34;20m nipype.workflow  [0m|[34;20m [Node] Executing "harmonize" <mriqc.interfaces.anatomical.Harmonize>[0m
2026-03-27 02:45:16 |[34;20m INFO     [0m|[34;20m nipype.workflow  [0m|[34;20m [Node] Finished "harmonize", elapsed time 1.464758s.[0m
2026-03-27 02:45:19 |[34;20m INFO     [0m|[34;20m nipype.workflow  [0m|[34;20m [Node] Finished "PlotHeadmask", elapsed time 4.607122s.[0m
2026-03-27 02:45:19 |[34;20m INFO     [0m|[34;20m nipype.workflow  [0m|[34;20m [Node] Finished "PlotSegmentation", elapsed time 4.871212s.[0m
2026-03-27 02:45:20 |[34;20m INFO     [0m|[34;20m nipype.workflow  [0m|[34;20m [Node] Finished "ArtifactMask", elapsed time 5.931766s.[0m
2026-03-27 02:45:20 |[34;20m INFO     [0m|[34;20m nipype.workflow  [0m|[34;20m [Node] Setting-up "mriqc_wf.anatMRIQC.anat_report_wf.ds_report_headmask" in "/local/nvme/ds004917_53.784042/ds/tmp/mriqc_wf/anatMRIQC/anat_report_wf/b72fc481bbe2e7eb3ab9c5081950775d5ab4482e/ds_report_headmask".[0m
2026-03-27 02:45:20 |[34;20m INFO     [0m|[34;20m nipype.workflow  [0m|[34;20m [Node] Executing "ds_report_headmask" <mriqc.interfaces.DerivativesDataSink>[0m
2026-03-27 02:45:20 |[34;20m INFO     [0m|[34;20m nipype.workflow  [0m|[34;20m [Node] Finished "ds_report_headmask", elapsed time 0.004969s.[0m
2026-03-27 02:45:20 |[34;20m INFO     [0m|[34;20m nipype.workflow  [0m|[34;20m [Node] Setting-up "mriqc_wf.anatMRIQC.anat_report_wf.ds_report_segm" in "/local/nvme/ds004917_53.784042/ds/tmp/mriqc_wf/anatMRIQC/anat_report_wf/b72fc481bbe2e7eb3ab9c5081950775d5ab4482e/ds_report_segm".[0m
2026-03-27 02:45:20 |[34;20m INFO     [0m|[34;20m nipype.workflow  [0m|[34;20m [Node] Executing "ds_report_segm" <mriqc.interfaces.DerivativesDataSink>[0m
2026-03-27 02:45:20 |[34;20m INFO     [0m|[34;20m nipype.workflow  [0m|[34;20m [Node] Finished "ds_report_segm", elapsed time 0.004668s.[0m
2026-03-27 02:45:22 |[34;20m INFO     [0m|[34;20m nipype.workflow  [0m|[34;20m [Node] Setting-up "mriqc_wf.anatMRIQC.ComputeIQMs.provenance" in "/local/nvme/ds004917_53.784042/ds/tmp/mriqc_wf/anatMRIQC/ComputeIQMs/b72fc481bbe2e7eb3ab9c5081950775d5ab4482e/provenance".[0m
2026-03-27 02:45:22 |[34;20m INFO     [0m|[34;20m nipype.workflow  [0m|[34;20m [Node] Executing "provenance" <mriqc.interfaces.reports.AddProvenance>[0m
2026-03-27 02:45:22 |[34;20m INFO     [0m|[34;20m nipype.workflow  [0m|[34;20m [Node] Finished "provenance", elapsed time 0.069158s.[0m
2026-03-27 02:45:22 |[34;20m INFO     [0m|[34;20m nipype.workflow  [0m|[34;20m [Node] Setting-up "mriqc_wf.anatMRIQC.ComputeIQMs.measures" in "/local/nvme/ds004917_53.784042/ds/tmp/mriqc_wf/anatMRIQC/ComputeIQMs/b72fc481bbe2e7eb3ab9c5081950775d5ab4482e/measures".[0m
2026-03-27 02:45:22 |[34;20m INFO     [0m|[34;20m nipype.workflow  [0m|[34;20m [Node] Setting-up "mriqc_wf.anatMRIQC.anat_report_wf.PlotAirmask" in "/local/nvme/ds004917_53.784042/ds/tmp/mriqc_wf/anatMRIQC/anat_report_wf/b72fc481bbe2e7eb3ab9c5081950775d5ab4482e/PlotAirmask".[0m
2026-03-27 02:45:22 |[34;20m INFO     [0m|[34;20m nipype.workflow  [0m|[34;20m [Node] Setting-up "mriqc_wf.anatMRIQC.anat_report_wf.PlotArtmask" in "/local/nvme/ds004917_53.784042/ds/tmp/mriqc_wf/anatMRIQC/anat_report_wf/b72fc481bbe2e7eb3ab9c5081950775d5ab4482e/PlotArtmask".[0m
2026-03-27 02:45:22 |[34;20m INFO     [0m|[34;20m nipype.workflow  [0m|[34;20m [Node] Setting-up "mriqc_wf.anatMRIQC.ComputeIQMs.ComputeQI2" in "/local/nvme/ds004917_53.784042/ds/tmp/mriqc_wf/anatMRIQC/ComputeIQMs/b72fc481bbe2e7eb3ab9c5081950775d5ab4482e/ComputeQI2".[0m
2026-03-27 02:45:22 |[34;20m INFO     [0m|[34;20m nipype.workflow  [0m|[34;20m [Node] Executing "PlotAirmask" <nireports.interfaces.mosaic.PlotContours>[0m
2026-03-27 02:45:22 |[34;20m INFO     [0m|[34;20m nipype.workflow  [0m|[34;20m [Node] Executing "PlotArtmask" <nireports.interfaces.mosaic.PlotContours>[0m
2026-03-27 02:45:22 |[34;20m INFO     [0m|[34;20m nipype.workflow  [0m|[34;20m [Node] Executing "ComputeQI2" <mriqc.interfaces.anatomical.ComputeQI2>[0m
2026-03-27 02:45:22 |[34;20m INFO     [0m|[34;20m nipype.workflow  [0m|[34;20m [Node] Executing "measures" <mriqc.interfaces.anatomical.StructuralQC>[0m
2026-03-27 02:45:26 |[34;20m INFO     [0m|[34;20m nipype.workflow  [0m|[34;20m [Node] Finished "PlotArtmask", elapsed time 3.845219s.[0m
2026-03-27 02:45:27 |[34;20m INFO     [0m|[34;20m nipype.workflow  [0m|[34;20m [Node] Finished "PlotAirmask", elapsed time 4.554512s.[0m
2026-03-27 02:45:28 |[34;20m INFO     [0m|[34;20m nipype.workflow  [0m|[34;20m [Node] Setting-up "mriqc_wf.anatMRIQC.anat_report_wf.ds_report_airmask" in "/local/nvme/ds004917_53.784042/ds/tmp/mriqc_wf/anatMRIQC/anat_report_wf/b72fc481bbe2e7eb3ab9c5081950775d5ab4482e/ds_report_airmask".[0m
2026-03-27 02:45:28 |[34;20m INFO     [0m|[34;20m nipype.workflow  [0m|[34;20m [Node] Executing "ds_report_airmask" <mriqc.interfaces.DerivativesDataSink>[0m
2026-03-27 02:45:28 |[34;20m INFO     [0m|[34;20m nipype.workflow  [0m|[34;20m [Node] Finished "ds_report_airmask", elapsed time 0.00505s.[0m
2026-03-27 02:45:28 |[34;20m INFO     [0m|[34;20m nipype.workflow  [0m|[34;20m [Node] Setting-up "mriqc_wf.anatMRIQC.anat_report_wf.ds_report_artmask" in "/local/nvme/ds004917_53.784042/ds/tmp/mriqc_wf/anatMRIQC/anat_report_wf/b72fc481bbe2e7eb3ab9c5081950775d5ab4482e/ds_report_artmask".[0m
2026-03-27 02:45:28 |[34;20m INFO     [0m|[34;20m nipype.workflow  [0m|[34;20m [Node] Executing "ds_report_artmask" <mriqc.interfaces.DerivativesDataSink>[0m
2026-03-27 02:45:28 |[34;20m INFO     [0m|[34;20m nipype.workflow  [0m|[34;20m [Node] Finished "ds_report_artmask", elapsed time 0.00485s.[0m
2026-03-27 02:45:29 |[93;20m WARNING  [0m|[93;20m nipype.interface [0m|[93;20m Estimated signal variation in the background was too small (MAD=0.0, sigma=16.2244)[0m
2026-03-27 02:45:29 |[93;20m WARNING  [0m|[93;20m nipype.interface [0m|[93;20m Estimated signal variation in the background was too small (MAD=0.0, sigma=16.2244)[0m
2026-03-27 02:45:29 |[93;20m WARNING  [0m|[93;20m nipype.interface [0m|[93;20m Estimated signal variation in the background was too small (MAD=0.0, sigma=16.2244)[0m
2026-03-27 02:45:35 |[34;20m INFO     [0m|[34;20m nipype.workflow  [0m|[34;20m [Node] Finished "ComputeQI2", elapsed time 12.597779s.[0m
2026-03-27 02:45:36 |[34;20m INFO     [0m|[34;20m nipype.workflow  [0m|[34;20m [Node] Setting-up "mriqc_wf.anatMRIQC.anat_report_wf.ds_report_noisefit" in "/local/nvme/ds004917_53.784042/ds/tmp/mriqc_wf/anatMRIQC/anat_report_wf/b72fc481bbe2e7eb3ab9c5081950775d5ab4482e/ds_report_noisefit".[0m
2026-03-27 02:45:36 |[34;20m INFO     [0m|[34;20m nipype.workflow  [0m|[34;20m [Node] Executing "ds_report_noisefit" <mriqc.interfaces.DerivativesDataSink>[0m
2026-03-27 02:45:36 |[34;20m INFO     [0m|[34;20m nipype.workflow  [0m|[34;20m [Node] Finished "ds_report_noisefit", elapsed time 0.004783s.[0m
2026-03-27 02:45:42 |[34;20m INFO     [0m|[34;20m nipype.workflow  [0m|[34;20m [Node] Finished "measures", elapsed time 19.282666s.[0m
2026-03-27 02:45:42 |[34;20m INFO     [0m|[34;20m nipype.workflow  [0m|[34;20m [Node] Setting-up "mriqc_wf.anatMRIQC.ComputeIQMs.datasink" in "/local/nvme/ds004917_53.784042/ds/tmp/mriqc_wf/anatMRIQC/ComputeIQMs/b72fc481bbe2e7eb3ab9c5081950775d5ab4482e/datasink".[0m
2026-03-27 02:45:42 |[34;20m INFO     [0m|[34;20m nipype.workflow  [0m|[34;20m [Node] Executing "datasink" <mriqc.interfaces.bids.IQMFileSink>[0m
2026-03-27 02:45:42 |[34;20m INFO     [0m|[34;20m nipype.workflow  [0m|[34;20m [Node] Finished "datasink", elapsed time 0.001466s.[0m
2026-03-27 02:45:44 |[34;20m INFO     [0m|[34;20m nipype.workflow  [0m|[34;20m Generating reports...[0m
2026-03-27 02:45:45 |[34;20m INFO     [0m|[34;20m nipype.workflow  [0m|[34;20m Report generation finished (1 reports).[0m
2026-03-27 02:45:45 |[33;20m IMPORTANT [0m|[33;20m mriqc            [0m|[33;20m Participant level finished successfully averaging 00h 04min 48s per subject.[0m
2026-03-27 02:45:45 |[34;20m INFO     [0m|[34;20m mriqc            [0m|[34;20m Generating BIDS derivatives metadata.[0m
----------------------------------------------------------------
  MRIQC completed (elapsed time 00h 04min 48s).
----------------------------------------------------------------

